Archive member included because of file (symbol)

m:/atollic/truestudio for arm lite 3.1.0/armtools/bin/../lib/gcc/arm-atollic-eabi/4.6.2/../../../../arm-atollic-eabi/lib/thumb/softfp/armv7e-m/fpv4-sp-d16\libc.a(lib_a-init.o)
                              src\startup_stm32f4xx.o (__libc_init_array)
m:/atollic/truestudio for arm lite 3.1.0/armtools/bin/../lib/gcc/arm-atollic-eabi/4.6.2/../../../../arm-atollic-eabi/lib/thumb/softfp/armv7e-m/fpv4-sp-d16\libc.a(lib_a-reent.o)
                              src\syscalls.o (errno)
m:/atollic/truestudio for arm lite 3.1.0/armtools/bin/../lib/gcc/arm-atollic-eabi/4.6.2/../../../../arm-atollic-eabi/lib/thumb/softfp/armv7e-m/fpv4-sp-d16\libc.a(lib_a-freer.o)
                              m:/atollic/truestudio for arm lite 3.1.0/armtools/bin/../lib/gcc/arm-atollic-eabi/4.6.2/../../../../arm-atollic-eabi/lib/thumb/softfp/armv7e-m/fpv4-sp-d16\libc.a(lib_a-reent.o) (_free_r)
m:/atollic/truestudio for arm lite 3.1.0/armtools/bin/../lib/gcc/arm-atollic-eabi/4.6.2/../../../../arm-atollic-eabi/lib/thumb/softfp/armv7e-m/fpv4-sp-d16\libc.a(lib_a-impure.o)
                              m:/atollic/truestudio for arm lite 3.1.0/armtools/bin/../lib/gcc/arm-atollic-eabi/4.6.2/../../../../arm-atollic-eabi/lib/thumb/softfp/armv7e-m/fpv4-sp-d16\libc.a(lib_a-reent.o) (_impure_ptr)
m:/atollic/truestudio for arm lite 3.1.0/armtools/bin/../lib/gcc/arm-atollic-eabi/4.6.2/../../../../arm-atollic-eabi/lib/thumb/softfp/armv7e-m/fpv4-sp-d16\libc.a(lib_a-mallocr.o)
                              m:/atollic/truestudio for arm lite 3.1.0/armtools/bin/../lib/gcc/arm-atollic-eabi/4.6.2/../../../../arm-atollic-eabi/lib/thumb/softfp/armv7e-m/fpv4-sp-d16\libc.a(lib_a-freer.o) (__malloc_current_mallinfo)
m:/atollic/truestudio for arm lite 3.1.0/armtools/bin/../lib/gcc/arm-atollic-eabi/4.6.2/../../../../arm-atollic-eabi/lib/thumb/softfp/armv7e-m/fpv4-sp-d16\libc.a(lib_a-mlock.o)
                              m:/atollic/truestudio for arm lite 3.1.0/armtools/bin/../lib/gcc/arm-atollic-eabi/4.6.2/../../../../arm-atollic-eabi/lib/thumb/softfp/armv7e-m/fpv4-sp-d16\libc.a(lib_a-freer.o) (__malloc_lock)
m:/atollic/truestudio for arm lite 3.1.0/armtools/bin/../lib/gcc/arm-atollic-eabi/4.6.2/../../../../arm-atollic-eabi/lib/thumb/softfp/armv7e-m/fpv4-sp-d16\libc.a(lib_a-sbrkr.o)
                              m:/atollic/truestudio for arm lite 3.1.0/armtools/bin/../lib/gcc/arm-atollic-eabi/4.6.2/../../../../arm-atollic-eabi/lib/thumb/softfp/armv7e-m/fpv4-sp-d16\libc.a(lib_a-freer.o) (_sbrk_r)

Allocating common symbols
Common symbol       size              file

CurrentPos          0x4               Utilities\STM32F4-Discovery\stm32f4_discovery_audio_codec.o
TIM_TimeBaseStructure
                    0xc               src\main.o
errno               0x4               m:/atollic/truestudio for arm lite 3.1.0/armtools/bin/../lib/gcc/arm-atollic-eabi/4.6.2/../../../../arm-atollic-eabi/lib/thumb/softfp/armv7e-m/fpv4-sp-d16\libc.a(lib_a-reent.o)
XOffset             0x1               src\main.o
AUDIO_MAL_DMA_InitStructure
                    0x3c              Utilities\STM32F4-Discovery\stm32f4_discovery_audio_codec.o
Buffer              0x6               src\main.o
YOffset             0x1               src\main.o
NVIC_InitStructure  0x4               Utilities\STM32F4-Discovery\stm32f4_discovery.o
DMA_InitStructure   0x3c              Utilities\STM32F4-Discovery\stm32f4_discovery_audio_codec.o

Discarded input sections

 .text          0x00000000        0x0 m:/atollic/truestudio for arm lite 3.1.0/armtools/bin/../lib/gcc/arm-atollic-eabi/4.6.2/thumb/softfp/armv7e-m/fpv4-sp-d16/crti.o
 .data          0x00000000        0x0 m:/atollic/truestudio for arm lite 3.1.0/armtools/bin/../lib/gcc/arm-atollic-eabi/4.6.2/thumb/softfp/armv7e-m/fpv4-sp-d16/crti.o
 .bss           0x00000000        0x0 m:/atollic/truestudio for arm lite 3.1.0/armtools/bin/../lib/gcc/arm-atollic-eabi/4.6.2/thumb/softfp/armv7e-m/fpv4-sp-d16/crti.o
 .data          0x00000000        0x4 m:/atollic/truestudio for arm lite 3.1.0/armtools/bin/../lib/gcc/arm-atollic-eabi/4.6.2/thumb/softfp/armv7e-m/fpv4-sp-d16/crtbegin.o
 .text          0x00000000        0x0 src\tiny_printf.o
 .data          0x00000000        0x0 src\tiny_printf.o
 .bss           0x00000000        0x0 src\tiny_printf.o
 .text.ts_itoa  0x00000000       0x9c src\tiny_printf.o
 .text.ts_formatstring
                0x00000000      0x164 src\tiny_printf.o
 .text.ts_formatlength
                0x00000000      0x158 src\tiny_printf.o
 .text.sprintf  0x00000000       0x30 src\tiny_printf.o
 .text.fprintf  0x00000000       0xc4 src\tiny_printf.o
 .text.printf   0x00000000       0xc0 src\tiny_printf.o
 .text          0x00000000        0x0 src\system_stm32f4xx.o
 .data          0x00000000        0x0 src\system_stm32f4xx.o
 .bss           0x00000000        0x0 src\system_stm32f4xx.o
 .data.AHBPrescTable
                0x00000000       0x10 src\system_stm32f4xx.o
 .text.SystemCoreClockUpdate
[...]
Memory Configuration

Name             Origin             Length             Attributes
FLASH            0x08000000         0x00100000         xr
RAM              0x20000000         0x00020000         xrw
MEMORY_B1        0x60000000         0x00000000         xr
CCMRAM           0x10000000         0x00010000         rw
*default*        0x00000000         0xffffffff

Linker script and memory map

LOAD m:/atollic/truestudio for arm lite 3.1.0/armtools/bin/../lib/gcc/arm-atollic-eabi/4.6.2/thumb/softfp/armv7e-m/fpv4-sp-d16/crti.o
LOAD m:/atollic/truestudio for arm lite 3.1.0/armtools/bin/../lib/gcc/arm-atollic-eabi/4.6.2/thumb/softfp/armv7e-m/fpv4-sp-d16/crtbegin.o
LOAD src\tiny_printf.o
LOAD src\system_stm32f4xx.o
LOAD src\syscalls.o
LOAD src\stm32f4xx_it.o
LOAD src\startup_stm32f4xx.o
LOAD src\main.o
LOAD src\STM32F4-Discovery_callback.o
LOAD Utilities\STM32F4-Discovery\stm32f4_discovery_lis302dl.o
LOAD Utilities\STM32F4-Discovery\stm32f4_discovery_audio_codec.o
LOAD Utilities\STM32F4-Discovery\stm32f4_discovery.o
LOAD Libraries\STM32F4xx_StdPeriph_Driver\src\stm32f4xx_wwdg.o
LOAD Libraries\STM32F4xx_StdPeriph_Driver\src\stm32f4xx_usart.o
LOAD Libraries\STM32F4xx_StdPeriph_Driver\src\stm32f4xx_tim.o
LOAD Libraries\STM32F4xx_StdPeriph_Driver\src\stm32f4xx_syscfg.o
LOAD Libraries\STM32F4xx_StdPeriph_Driver\src\stm32f4xx_spi.o
LOAD Libraries\STM32F4xx_StdPeriph_Driver\src\stm32f4xx_sdio.o
LOAD Libraries\STM32F4xx_StdPeriph_Driver\src\stm32f4xx_rtc.o
LOAD Libraries\STM32F4xx_StdPeriph_Driver\src\stm32f4xx_rng.o
LOAD Libraries\STM32F4xx_StdPeriph_Driver\src\stm32f4xx_rcc.o
LOAD Libraries\STM32F4xx_StdPeriph_Driver\src\stm32f4xx_pwr.o
LOAD Libraries\STM32F4xx_StdPeriph_Driver\src\stm32f4xx_iwdg.o
LOAD Libraries\STM32F4xx_StdPeriph_Driver\src\stm32f4xx_i2c.o
LOAD Libraries\STM32F4xx_StdPeriph_Driver\src\stm32f4xx_hash_sha1.o
LOAD Libraries\STM32F4xx_StdPeriph_Driver\src\stm32f4xx_hash_md5.o
LOAD Libraries\STM32F4xx_StdPeriph_Driver\src\stm32f4xx_hash.o
LOAD Libraries\STM32F4xx_StdPeriph_Driver\src\stm32f4xx_gpio.o
LOAD Libraries\STM32F4xx_StdPeriph_Driver\src\stm32f4xx_fsmc.o
LOAD Libraries\STM32F4xx_StdPeriph_Driver\src\stm32f4xx_flash.o
LOAD Libraries\STM32F4xx_StdPeriph_Driver\src\stm32f4xx_exti.o
LOAD Libraries\STM32F4xx_StdPeriph_Driver\src\stm32f4xx_dma.o
LOAD Libraries\STM32F4xx_StdPeriph_Driver\src\stm32f4xx_dcmi.o
LOAD Libraries\STM32F4xx_StdPeriph_Driver\src\stm32f4xx_dbgmcu.o
LOAD Libraries\STM32F4xx_StdPeriph_Driver\src\stm32f4xx_dac.o
LOAD Libraries\STM32F4xx_StdPeriph_Driver\src\stm32f4xx_cryp_tdes.o
LOAD Libraries\STM32F4xx_StdPeriph_Driver\src\stm32f4xx_cryp_des.o
LOAD Libraries\STM32F4xx_StdPeriph_Driver\src\stm32f4xx_cryp_aes.o
LOAD Libraries\STM32F4xx_StdPeriph_Driver\src\stm32f4xx_cryp.o
LOAD Libraries\STM32F4xx_StdPeriph_Driver\src\stm32f4xx_crc.o
LOAD Libraries\STM32F4xx_StdPeriph_Driver\src\stm32f4xx_can.o
LOAD Libraries\STM32F4xx_StdPeriph_Driver\src\stm32f4xx_adc.o
LOAD Libraries\STM32F4xx_StdPeriph_Driver\src\misc.o
LOAD m:/atollic/truestudio for arm lite 3.1.0/armtools/bin/../lib/gcc/arm-atollic-eabi/4.6.2/../../../../arm-atollic-eabi/lib/thumb/softfp/armv7e-m/fpv4-sp-d16\libm.a
                0x00001000                malloc_getpagesize_P = 0x1000
START GROUP
LOAD m:/atollic/truestudio for arm lite 3.1.0/armtools/bin/../lib/gcc/arm-atollic-eabi/4.6.2/thumb/softfp/armv7e-m/fpv4-sp-d16\libgcc.a
LOAD m:/atollic/truestudio for arm lite 3.1.0/armtools/bin/../lib/gcc/arm-atollic-eabi/4.6.2/../../../../arm-atollic-eabi/lib/thumb/softfp/armv7e-m/fpv4-sp-d16\libc.a
END GROUP
LOAD m:/atollic/truestudio for arm lite 3.1.0/armtools/bin/../lib/gcc/arm-atollic-eabi/4.6.2/thumb/softfp/armv7e-m/fpv4-sp-d16/crtend.o
LOAD m:/atollic/truestudio for arm lite 3.1.0/armtools/bin/../lib/gcc/arm-atollic-eabi/4.6.2/thumb/softfp/armv7e-m/fpv4-sp-d16/crtn.o
                0x20020000                _estack = 0x20020000
                0x00000000                _Min_Heap_Size = 0x0
                0x00000400                _Min_Stack_Size = 0x400

.isr_vector     0x08000000      0x188
                0x08000000                . = ALIGN (0x4)
 *(.isr_vector)
 .isr_vector    0x08000000      0x188 src\startup_stm32f4xx.o
                0x08000000                g_pfnVectors
                0x08000188                . = ALIGN (0x4)

.text           0x08000188     0x2280
                0x08000188                . = ALIGN (0x4)
 *(.text)
 .text          0x08000188       0x54 m:/atollic/truestudio for arm lite 3.1.0/armtools/bin/../lib/gcc/arm-atollic-eabi/4.6.2/thumb/softfp/armv7e-m/fpv4-sp-d16/crtbegin.o
 *(.text*)
 .text.SystemInit
                0x080001dc       0xb0 src\system_stm32f4xx.o
                0x080001dc                SystemInit
 .text.SetSysClock
                0x0800028c      0x188 src\system_stm32f4xx.o
 .text.NMI_Handler
                0x08000414        0xc src\stm32f4xx_it.o
                0x08000414                NMI_Handler
 .text.HardFault_Handler
                0x08000420        0x8 src\stm32f4xx_it.o
                0x08000420                HardFault_Handler
 .text.MemManage_Handler
                0x08000428        0x8 src\stm32f4xx_it.o
                0x08000428                MemManage_Handler
 .text.BusFault_Handler
                0x08000430        0x8 src\stm32f4xx_it.o
                0x08000430                BusFault_Handler
 .text.UsageFault_Handler
                0x08000438        0x8 src\stm32f4xx_it.o
                0x08000438                UsageFault_Handler
 .text.SVC_Handler
                0x08000440        0xc src\stm32f4xx_it.o
                0x08000440                SVC_Handler
 .text.DebugMon_Handler
                0x0800044c        0xc src\stm32f4xx_it.o
                0x0800044c                DebugMon_Handler
 .text.PendSV_Handler
                0x08000458        0xc src\stm32f4xx_it.o
                0x08000458                PendSV_Handler
 .text.SysTick_Handler
                0x08000464      0x2f8 src\stm32f4xx_it.o
                0x08000464                SysTick_Handler
 .text.Reset_Handler
                0x0800075c       0x48 src\startup_stm32f4xx.o
                0x0800075c                Reset_Handler
 .text.Default_Handler
                0x080007a4        0x2 src\startup_stm32f4xx.o
                0x080007a4                RTC_Alarm_IRQHandler
                0x080007a4                HASH_RNG_IRQHandler
                0x080007a4                EXTI2_IRQHandler
                0x080007a4                TIM8_CC_IRQHandler
                0x080007a4                TIM1_CC_IRQHandler
                0x080007a4                DMA2_Stream5_IRQHandler
                0x080007a4                DMA1_Stream5_IRQHandler
                0x080007a4                PVD_IRQHandler
                0x080007a4                SDIO_IRQHandler
                0x080007a4                TAMP_STAMP_IRQHandler
                0x080007a4                CAN2_RX1_IRQHandler
                0x080007a4                EXTI3_IRQHandler
                0x080007a4                TIM8_TRG_COM_TIM14_IRQHandler
                0x080007a4                TIM1_UP_TIM10_IRQHandler
                0x080007a4                TIM8_UP_TIM13_IRQHandler
                0x080007a4                I2C3_ER_IRQHandler
                0x080007a4                EXTI0_IRQHandler
                0x080007a4                I2C2_EV_IRQHandler
                0x080007a4                DMA1_Stream2_IRQHandler
                0x080007a4                CAN1_RX0_IRQHandler
                0x080007a4                FPU_IRQHandler
                0x080007a4                OTG_HS_WKUP_IRQHandler
                0x080007a4                CAN2_SCE_IRQHandler
                0x080007a4                DMA2_Stream2_IRQHandler
                0x080007a4                SPI1_IRQHandler
                0x080007a4                TIM6_DAC_IRQHandler
                0x080007a4                TIM1_BRK_TIM9_IRQHandler
                0x080007a4                DCMI_IRQHandler
                0x080007a4                CAN2_RX0_IRQHandler
                0x080007a4                DMA2_Stream3_IRQHandler
                0x080007a4                USART6_IRQHandler
                0x080007a4                USART3_IRQHandler
                0x080007a4                CRYP_IRQHandler
                0x080007a4                CAN1_RX1_IRQHandler
                0x080007a4                UART5_IRQHandler
                0x080007a4                DMA2_Stream0_IRQHandler
                0x080007a4                TIM4_IRQHandler
                0x080007a4                I2C1_EV_IRQHandler
                0x080007a4                DMA1_Stream6_IRQHandler
                0x080007a4                DMA1_Stream1_IRQHandler
                0x080007a4                UART4_IRQHandler
                0x080007a4                TIM3_IRQHandler
                0x080007a4                RCC_IRQHandler
                0x080007a4                TIM8_BRK_TIM12_IRQHandler
                0x080007a4                Default_Handler
                0x080007a4                EXTI15_10_IRQHandler
                0x080007a4                ADC_IRQHandler
                0x080007a4                TIM7_IRQHandler
                0x080007a4                CAN2_TX_IRQHandler
                0x080007a4                TIM5_IRQHandler
                0x080007a4                DMA2_Stream7_IRQHandler
                0x080007a4                I2C3_EV_IRQHandler
                0x080007a4                EXTI9_5_IRQHandler
                0x080007a4                RTC_WKUP_IRQHandler
                0x080007a4                ETH_WKUP_IRQHandler
                0x080007a4                SPI2_IRQHandler
                0x080007a4                OTG_HS_EP1_IN_IRQHandler
                0x080007a4                CAN1_TX_IRQHandler
                0x080007a4                EXTI4_IRQHandler
                0x080007a4                FSMC_IRQHandler
                0x080007a4                ETH_IRQHandler
                0x080007a4                OTG_HS_EP1_OUT_IRQHandler
                0x080007a4                WWDG_IRQHandler
                0x080007a4                TIM2_IRQHandler
                0x080007a4                OTG_FS_WKUP_IRQHandler
                0x080007a4                TIM1_TRG_COM_TIM11_IRQHandler
                0x080007a4                OTG_HS_IRQHandler
                0x080007a4                EXTI1_IRQHandler
                0x080007a4                USART2_IRQHandler
                0x080007a4                I2C2_ER_IRQHandler
                0x080007a4                DMA2_Stream1_IRQHandler
                0x080007a4                CAN1_SCE_IRQHandler
                0x080007a4                FLASH_IRQHandler
                0x080007a4                DMA2_Stream4_IRQHandler
                0x080007a4                USART1_IRQHandler
                0x080007a4                OTG_FS_IRQHandler
                0x080007a4                DMA1_Stream4_IRQHandler
                0x080007a4                I2C1_ER_IRQHandler
                0x080007a4                DMA2_Stream6_IRQHandler
                0x080007a4                DMA1_Stream3_IRQHandler
 *fill*         0x080007a6        0x2 00
 .text.NVIC_SetPriority
                0x080007a8       0x5c src\main.o
 .text.SysTick_Config
                0x08000804       0x64 src\main.o
 .text.main     0x08000868      0x308 src\main.o
                0x08000868                main
 .text.TIM_Config
                0x08000b70      0x218 src\main.o
 .text.Delay    0x08000d88       0x30 src\main.o
                0x08000d88                Delay
 .text.TimingDelay_Decrement
                0x08000db8       0x30 src\main.o
                0x08000db8                TimingDelay_Decrement
 .text.LIS302DL_TIMEOUT_UserCallback
                0x08000de8        0x8 src\main.o
                0x08000de8                LIS302DL_TIMEOUT_UserCallback
 .text.EVAL_AUDIO_TransferComplete_CallBack
                0x08000df0       0x14 src\STM32F4-Discovery_callback.o
                0x08000df0                EVAL_AUDIO_TransferComplete_CallBack
 .text.EVAL_AUDIO_GetSampleCallBack
                0x08000e04        0xc src\STM32F4-Discovery_callback.o
                0x08000e04                EVAL_AUDIO_GetSampleCallBack
 .text.LIS302DL_Init
                0x08000e10       0x54 Utilities\STM32F4-Discovery\stm32f4_discovery_lis302dl.o
                0x08000e10                LIS302DL_Init
 .text.LIS302DL_InterruptConfig
                0x08000e64       0x50 Utilities\STM32F4-Discovery\stm32f4_discovery_lis302dl.o
                0x08000e64                LIS302DL_InterruptConfig
 .text.LIS302DL_Write
                0x08000eb4       0x70 Utilities\STM32F4-Discovery\stm32f4_discovery_lis302dl.o
                0x08000eb4                LIS302DL_Write
 .text.LIS302DL_Read
                0x08000f24       0x80 Utilities\STM32F4-Discovery\stm32f4_discovery_lis302dl.o
                0x08000f24                LIS302DL_Read
 .text.LIS302DL_LowLevel_Init
                0x08000fa4      0x1cc Utilities\STM32F4-Discovery\stm32f4_discovery_lis302dl.o
 .text.LIS302DL_SendByte
                0x08001170       0xe4 Utilities\STM32F4-Discovery\stm32f4_discovery_lis302dl.o
 .text.Audio_MAL_IRQHandler
                0x08001254      0x180 Utilities\STM32F4-Discovery\stm32f4_discovery_audio_codec.o
 .text.DMA1_Stream7_IRQHandler
                0x080013d4        0xc Utilities\STM32F4-Discovery\stm32f4_discovery_audio_codec.o
                0x080013d4                DMA1_Stream7_IRQHandler
 .text.DMA1_Stream0_IRQHandler
                0x080013e0        0xc Utilities\STM32F4-Discovery\stm32f4_discovery_audio_codec.o
                0x080013e0                DMA1_Stream0_IRQHandler
 .text.SPI3_IRQHandler
                0x080013ec       0x50 Utilities\STM32F4-Discovery\stm32f4_discovery_audio_codec.o
                0x080013ec                SPI3_IRQHandler
 .text.TIM_TimeBaseInit
                0x0800143c       0xf4 Libraries\STM32F4xx_StdPeriph_Driver\src\stm32f4xx_tim.o
                0x0800143c                TIM_TimeBaseInit
 .text.TIM_SetAutoreload
                0x08001530       0x1c Libraries\STM32F4xx_StdPeriph_Driver\src\stm32f4xx_tim.o
                0x08001530                TIM_SetAutoreload
 .text.TIM_ARRPreloadConfig
                0x0800154c       0x40 Libraries\STM32F4xx_StdPeriph_Driver\src\stm32f4xx_tim.o
                0x0800154c                TIM_ARRPreloadConfig
 .text.TIM_Cmd  0x0800158c       0x40 Libraries\STM32F4xx_StdPeriph_Driver\src\stm32f4xx_tim.o
                0x0800158c                TIM_Cmd
 .text.TIM_OC1Init
                0x080015cc       0xfc Libraries\STM32F4xx_StdPeriph_Driver\src\stm32f4xx_tim.o
                0x080015cc                TIM_OC1Init
 .text.TIM_OC2Init
                0x080016c8      0x128 Libraries\STM32F4xx_StdPeriph_Driver\src\stm32f4xx_tim.o
                0x080016c8                TIM_OC2Init
 .text.TIM_OC3Init
                0x080017f0      0x120 Libraries\STM32F4xx_StdPeriph_Driver\src\stm32f4xx_tim.o
                0x080017f0                TIM_OC3Init
 .text.TIM_OC4Init
                0x08001910       0xe0 Libraries\STM32F4xx_StdPeriph_Driver\src\stm32f4xx_tim.o
                0x08001910                TIM_OC4Init
 .text.TIM_SetCompare1
                0x080019f0       0x1c Libraries\STM32F4xx_StdPeriph_Driver\src\stm32f4xx_tim.o
                0x080019f0                TIM_SetCompare1
 .text.TIM_SetCompare2
                0x08001a0c       0x1c Libraries\STM32F4xx_StdPeriph_Driver\src\stm32f4xx_tim.o
                0x08001a0c                TIM_SetCompare2
 .text.TIM_SetCompare3
                0x08001a28       0x1c Libraries\STM32F4xx_StdPeriph_Driver\src\stm32f4xx_tim.o
                0x08001a28                TIM_SetCompare3
 .text.TIM_SetCompare4
                0x08001a44       0x1c Libraries\STM32F4xx_StdPeriph_Driver\src\stm32f4xx_tim.o
                0x08001a44                TIM_SetCompare4
 .text.TIM_OC1PreloadConfig
                0x08001a60       0x38 Libraries\STM32F4xx_StdPeriph_Driver\src\stm32f4xx_tim.o
                0x08001a60                TIM_OC1PreloadConfig
 .text.TIM_OC2PreloadConfig
                0x08001a98       0x40 Libraries\STM32F4xx_StdPeriph_Driver\src\stm32f4xx_tim.o
                0x08001a98                TIM_OC2PreloadConfig
 .text.TIM_OC3PreloadConfig
                0x08001ad8       0x38 Libraries\STM32F4xx_StdPeriph_Driver\src\stm32f4xx_tim.o
                0x08001ad8                TIM_OC3PreloadConfig
 .text.TIM_OC4PreloadConfig
                0x08001b10       0x40 Libraries\STM32F4xx_StdPeriph_Driver\src\stm32f4xx_tim.o
                0x08001b10                TIM_OC4PreloadConfig
 .text.TIM_CCxCmd
                0x08001b50       0x5c Libraries\STM32F4xx_StdPeriph_Driver\src\stm32f4xx_tim.o
                0x08001b50                TIM_CCxCmd
 .text.SPI_I2S_DeInit
                0x08001bac       0x88 Libraries\STM32F4xx_StdPeriph_Driver\src\stm32f4xx_spi.o
                0x08001bac                SPI_I2S_DeInit
 .text.SPI_Init
                0x08001c34       0x88 Libraries\STM32F4xx_StdPeriph_Driver\src\stm32f4xx_spi.o
                0x08001c34                SPI_Init
 .text.SPI_Cmd  0x08001cbc       0x40 Libraries\STM32F4xx_StdPeriph_Driver\src\stm32f4xx_spi.o
                0x08001cbc                SPI_Cmd
 .text.SPI_I2S_ReceiveData
                0x08001cfc       0x1c Libraries\STM32F4xx_StdPeriph_Driver\src\stm32f4xx_spi.o
                0x08001cfc                SPI_I2S_ReceiveData
 .text.SPI_I2S_SendData
                0x08001d18       0x1c Libraries\STM32F4xx_StdPeriph_Driver\src\stm32f4xx_spi.o
                0x08001d18                SPI_I2S_SendData
 .text.SPI_I2S_GetFlagStatus
                0x08001d34       0x40 Libraries\STM32F4xx_StdPeriph_Driver\src\stm32f4xx_spi.o
                0x08001d34                SPI_I2S_GetFlagStatus
 .text.RCC_AHB1PeriphClockCmd
                0x08001d74       0x58 Libraries\STM32F4xx_StdPeriph_Driver\src\stm32f4xx_rcc.o
                0x08001d74                RCC_AHB1PeriphClockCmd
 .text.RCC_APB1PeriphClockCmd
                0x08001dcc       0x58 Libraries\STM32F4xx_StdPeriph_Driver\src\stm32f4xx_rcc.o
                0x08001dcc                RCC_APB1PeriphClockCmd
 .text.RCC_APB2PeriphClockCmd
                0x08001e24       0x58 Libraries\STM32F4xx_StdPeriph_Driver\src\stm32f4xx_rcc.o
                0x08001e24                RCC_APB2PeriphClockCmd
 .text.RCC_APB1PeriphResetCmd
                0x08001e7c       0x58 Libraries\STM32F4xx_StdPeriph_Driver\src\stm32f4xx_rcc.o
                0x08001e7c                RCC_APB1PeriphResetCmd
 .text.RCC_APB2PeriphResetCmd
                0x08001ed4       0x58 Libraries\STM32F4xx_StdPeriph_Driver\src\stm32f4xx_rcc.o
                0x08001ed4                RCC_APB2PeriphResetCmd
 .text.GPIO_Init
                0x08001f2c      0x154 Libraries\STM32F4xx_StdPeriph_Driver\src\stm32f4xx_gpio.o
                0x08001f2c                GPIO_Init
 .text.GPIO_SetBits
                0x08002080       0x1c Libraries\STM32F4xx_StdPeriph_Driver\src\stm32f4xx_gpio.o
                0x08002080                GPIO_SetBits
 .text.GPIO_ResetBits
                0x0800209c       0x1c Libraries\STM32F4xx_StdPeriph_Driver\src\stm32f4xx_gpio.o
                0x0800209c                GPIO_ResetBits
 .text.GPIO_PinAFConfig
                0x080020b8       0xac Libraries\STM32F4xx_StdPeriph_Driver\src\stm32f4xx_gpio.o
                0x080020b8                GPIO_PinAFConfig
 .text.DMA_Init
                0x08002164       0xb0 Libraries\STM32F4xx_StdPeriph_Driver\src\stm32f4xx_dma.o
                0x08002164                DMA_Init
 .text.DMA_Cmd  0x08002214       0x38 Libraries\STM32F4xx_StdPeriph_Driver\src\stm32f4xx_dma.o
                0x08002214                DMA_Cmd
 .text.DMA_GetCmdStatus
                0x0800224c       0x38 Libraries\STM32F4xx_StdPeriph_Driver\src\stm32f4xx_dma.o
                0x0800224c                DMA_GetCmdStatus
 .text.DMA_GetFlagStatus
                0x08002284       0x88 Libraries\STM32F4xx_StdPeriph_Driver\src\stm32f4xx_dma.o
                0x08002284                DMA_GetFlagStatus
 .text.DMA_ClearFlag
                0x0800230c       0x64 Libraries\STM32F4xx_StdPeriph_Driver\src\stm32f4xx_dma.o
                0x0800230c                DMA_ClearFlag
 .text.DAC_SetChannel1Data
                0x08002370       0x38 Libraries\STM32F4xx_StdPeriph_Driver\src\stm32f4xx_dac.o
                0x08002370                DAC_SetChannel1Data
 .text.__libc_init_array
                0x080023a8       0x48 m:/atollic/truestudio for arm lite 3.1.0/armtools/bin/../lib/gcc/arm-atollic-eabi/4.6.2/../../../../arm-atollic-eabi/lib/thumb/softfp/armv7e-m/fpv4-sp-d16\libc.a(lib_a-init.o)
                0x080023a8                __libc_init_array
 *(.rodata)
 *(.rodata*)
 *(.glue_7)
 .glue_7        0x00000000        0x0 linker stubs
 *(.glue_7t)
 .glue_7t       0x00000000        0x0 linker stubs
 *(.eh_frame)
 .eh_frame      0x080023f0        0x0 m:/atollic/truestudio for arm lite 3.1.0/armtools/bin/../lib/gcc/arm-atollic-eabi/4.6.2/thumb/softfp/armv7e-m/fpv4-sp-d16/crtbegin.o
 *(.init)
 .init          0x080023f0        0x4 m:/atollic/truestudio for arm lite 3.1.0/armtools/bin/../lib/gcc/arm-atollic-eabi/4.6.2/thumb/softfp/armv7e-m/fpv4-sp-d16/crti.o
                0x080023f0                _init
 .init          0x080023f4        0x8 m:/atollic/truestudio for arm lite 3.1.0/armtools/bin/../lib/gcc/arm-atollic-eabi/4.6.2/thumb/softfp/armv7e-m/fpv4-sp-d16/crtn.o
 *(.fini)
 .fini          0x080023fc        0x4 m:/atollic/truestudio for arm lite 3.1.0/armtools/bin/../lib/gcc/arm-atollic-eabi/4.6.2/thumb/softfp/armv7e-m/fpv4-sp-d16/crti.o
                0x080023fc                _fini
 .fini          0x08002400        0x8 m:/atollic/truestudio for arm lite 3.1.0/armtools/bin/../lib/gcc/arm-atollic-eabi/4.6.2/thumb/softfp/armv7e-m/fpv4-sp-d16/crtn.o
                0x08002408                . = ALIGN (0x4)
                0x08002408                _etext = .

.vfp11_veneer   0x08002408        0x0
 .vfp11_veneer  0x00000000        0x0 linker stubs

.v4_bx          0x08002408        0x0
 .v4_bx         0x00000000        0x0 linker stubs

.ARM.extab
 *(.ARM.extab* .gnu.linkonce.armextab.*)

.ARM            0x08002408        0x0
                0x08002408                __exidx_start = .
 *(.ARM.exidx*)
                0x08002408                __exidx_end = .

.preinit_array  0x08002408        0x0
                0x08002408                PROVIDE (__preinit_array_start, .)
 *(.preinit_array*)
                0x08002408                PROVIDE (__preinit_array_end, .)

.init_array     0x08002408        0x4
                0x08002408                PROVIDE (__init_array_start, .)
 *(SORT(.init_array.*))
 *(.init_array*)
 .init_array    0x08002408        0x4 m:/atollic/truestudio for arm lite 3.1.0/armtools/bin/../lib/gcc/arm-atollic-eabi/4.6.2/thumb/softfp/armv7e-m/fpv4-sp-d16/crtbegin.o
                0x0800240c                PROVIDE (__init_array_end, .)

.fini_array     0x0800240c        0x4
                0x0800240c                PROVIDE (__fini_array_start, .)
 *(SORT(.fini_array.*))
 *(.fini_array*)
 .fini_array    0x0800240c        0x4 m:/atollic/truestudio for arm lite 3.1.0/armtools/bin/../lib/gcc/arm-atollic-eabi/4.6.2/thumb/softfp/armv7e-m/fpv4-sp-d16/crtbegin.o
                0x08002410                PROVIDE (__fini_array_end, .)
                0x08002410                _sidata = LOADADDR (.data)

.data           0x20000000       0x18 load address 0x08002410
                0x20000000                . = ALIGN (0x4)
                0x20000000                _sdata = .
 *(.data)
 *(.data*)
 .data.SystemCoreClock
                0x20000000        0x4 src\system_stm32f4xx.o
                0x20000000                SystemCoreClock
 .data.LIS302DLTimeout
                0x20000004        0x4 Utilities\STM32F4-Discovery\stm32f4_discovery_lis302dl.o
                0x20000004                LIS302DLTimeout
 .data.AudioRemSize
                0x20000008        0x4 Utilities\STM32F4-Discovery\stm32f4_discovery_audio_codec.o
                0x20000008                AudioRemSize
 .data.CurrAudioInterface
                0x2000000c        0x4 Utilities\STM32F4-Discovery\stm32f4_discovery_audio_codec.o
                0x2000000c                CurrAudioInterface
 .data.AUDIO_MAL_DMA_STREAM
                0x20000010        0x4 Utilities\STM32F4-Discovery\stm32f4_discovery_audio_codec.o
                0x20000010                AUDIO_MAL_DMA_STREAM
 .data.AUDIO_MAL_DMA_FLAG_TC
                0x20000014        0x4 Utilities\STM32F4-Discovery\stm32f4_discovery_audio_codec.o
                0x20000014                AUDIO_MAL_DMA_FLAG_TC
                0x20000018                . = ALIGN (0x4)
                0x20000018                _edata = .
                0x08002428                _siccmram = LOADADDR (.ccmram)

.jcr            0x20000018        0x0 load address 0x08002428
 .jcr           0x20000018        0x0 m:/atollic/truestudio for arm lite 3.1.0/armtools/bin/../lib/gcc/arm-atollic-eabi/4.6.2/thumb/softfp/armv7e-m/fpv4-sp-d16/crtbegin.o

.ccmram         0x10000000        0x0 load address 0x08002428
                0x10000000                . = ALIGN (0x4)
                0x10000000                _sccmram = .
 *(.ccmram)
 *(.ccmram*)
                0x10000000                . = ALIGN (0x4)
                0x10000000                _eccmram = .
                0x10000000                . = ALIGN (0x4)

.bss            0x20000018       0xc0
                0x20000018                _sbss = .
                0x20000018                __bss_start__ = _sbss
 *(.bss)
 .bss           0x20000018       0x1c m:/atollic/truestudio for arm lite 3.1.0/armtools/bin/../lib/gcc/arm-atollic-eabi/4.6.2/thumb/softfp/armv7e-m/fpv4-sp-d16/crtbegin.o
 *(.bss*)
 .bss.Counter   0x20000034        0x1 src\stm32f4xx_it.o
                0x20000034                Counter
 .bss.TempAcceleration
                0x20000035        0x1 src\stm32f4xx_it.o
                0x20000035                TempAcceleration
 .bss.ClickReg  0x20000036        0x1 src\stm32f4xx_it.o
                0x20000036                ClickReg
 *fill*         0x20000037        0x1 00
 .bss.PrescalerValue
                0x20000038        0x2 src\main.o
                0x20000038                PrescalerValue
 *fill*         0x2000003a        0x2 00
 .bss.TimingDelay
                0x2000003c        0x4 src\main.o
                0x2000003c                TimingDelay
 .bss.SingleClickDetect
                0x20000040        0x1 src\main.o
                0x20000040                SingleClickDetect
 *(COMMON)
 *fill*         0x20000041        0x3 00
 COMMON         0x20000044       0x17 src\main.o
                0x20000044                TIM_TimeBaseStructure
                0x20000050                XOffset
                0x20000054                Buffer
                0x2000005a                YOffset
 *fill*         0x2000005b        0x1 00
 COMMON         0x2000005c       0x7c Utilities\STM32F4-Discovery\stm32f4_discovery_audio_codec.o
                0x2000005c                CurrentPos
                0x20000060                AUDIO_MAL_DMA_InitStructure
                0x2000009c                DMA_InitStructure
                0x200000d8                . = ALIGN (0x4)
                0x200000d8                _ebss = .
                0x200000d8                __bss_end__ = _ebss

._user_heap_stack
                0x200000d8      0x400
                0x200000d8                . = ALIGN (0x4)
                0x200000d8                PROVIDE (end, .)
                0x200000d8                PROVIDE (_end, .)
                0x200000d8                . = (. + _Min_Heap_Size)
                0x200004d8                . = (. + _Min_Stack_Size)
 *fill*         0x200000d8      0x400 00
                0x200004d8                . = ALIGN (0x4)

.memory_b1_text
 *(.mb1text)
 *(.mb1text*)
 *(.mb1rodata)
 *(.mb1rodata*)

/DISCARD/
 libc.a(*)
 libm.a(*)
 libgcc.a(*)

.ARM.attributes
                0x00000000       0x30
 *(.ARM.attributes)
 .ARM.attributes
                0x00000000       0x24 m:/atollic/truestudio for arm lite 3.1.0/armtools/bin/../lib/gcc/arm-atollic-eabi/4.6.2/thumb/softfp/armv7e-m/fpv4-sp-d16/crti.o
 .ARM.attributes
                0x00000024       0x34 m:/atollic/truestudio for arm lite 3.1.0/armtools/bin/../lib/gcc/arm-atollic-eabi/4.6.2/thumb/softfp/armv7e-m/fpv4-sp-d16/crtbegin.o
 .ARM.attributes
                0x00000058       0x39 src\tiny_printf.o
 .ARM.attributes
                0x00000091       0x39 src\system_stm32f4xx.o
 .ARM.attributes
                0x000000ca       0x39 src\syscalls.o
 .ARM.attributes
                0x00000103       0x39 src\stm32f4xx_it.o
 .ARM.attributes
                0x0000013c       0x21 src\startup_stm32f4xx.o
 .ARM.attributes
                0x0000015d       0x39 src\main.o
 .ARM.attributes
                0x00000196       0x39 src\STM32F4-Discovery_callback.o
 .ARM.attributes
                0x000001cf       0x39 Utilities\STM32F4-Discovery\stm32f4_discovery_lis302dl.o
 .ARM.attributes
                0x00000208       0x39 Utilities\STM32F4-Discovery\stm32f4_discovery_audio_codec.o
 .ARM.attributes
                0x00000241       0x39 Utilities\STM32F4-Discovery\stm32f4_discovery.o
 .ARM.attributes
                0x0000027a       0x39 Libraries\STM32F4xx_StdPeriph_Driver\src\stm32f4xx_wwdg.o
 .ARM.attributes
                0x000002b3       0x39 Libraries\STM32F4xx_StdPeriph_Driver\src\stm32f4xx_usart.o
 .ARM.attributes
                0x000002ec       0x39 Libraries\STM32F4xx_StdPeriph_Driver\src\stm32f4xx_tim.o
 .ARM.attributes
                0x00000325       0x39 Libraries\STM32F4xx_StdPeriph_Driver\src\stm32f4xx_syscfg.o
 .ARM.attributes
                0x0000035e       0x39 Libraries\STM32F4xx_StdPeriph_Driver\src\stm32f4xx_spi.o
 .ARM.attributes
                0x00000397       0x39 Libraries\STM32F4xx_StdPeriph_Driver\src\stm32f4xx_sdio.o
 .ARM.attributes
                0x000003d0       0x39 Libraries\STM32F4xx_StdPeriph_Driver\src\stm32f4xx_rtc.o
 .ARM.attributes
                0x00000409       0x39 Libraries\STM32F4xx_StdPeriph_Driver\src\stm32f4xx_rng.o
 .ARM.attributes
                0x00000442       0x39 Libraries\STM32F4xx_StdPeriph_Driver\src\stm32f4xx_rcc.o
 .ARM.attributes
                0x0000047b       0x39 Libraries\STM32F4xx_StdPeriph_Driver\src\stm32f4xx_pwr.o
 .ARM.attributes
                0x000004b4       0x39 Libraries\STM32F4xx_StdPeriph_Driver\src\stm32f4xx_iwdg.o
 .ARM.attributes
                0x000004ed       0x39 Libraries\STM32F4xx_StdPeriph_Driver\src\stm32f4xx_i2c.o
 .ARM.attributes
                0x00000526       0x39 Libraries\STM32F4xx_StdPeriph_Driver\src\stm32f4xx_hash_sha1.o
 .ARM.attributes
                0x0000055f       0x39 Libraries\STM32F4xx_StdPeriph_Driver\src\stm32f4xx_hash_md5.o
 .ARM.attributes
                0x00000598       0x39 Libraries\STM32F4xx_StdPeriph_Driver\src\stm32f4xx_hash.o
 .ARM.attributes
                0x000005d1       0x39 Libraries\STM32F4xx_StdPeriph_Driver\src\stm32f4xx_gpio.o
 .ARM.attributes
                0x0000060a       0x39 Libraries\STM32F4xx_StdPeriph_Driver\src\stm32f4xx_fsmc.o
 .ARM.attributes
                0x00000643       0x39 Libraries\STM32F4xx_StdPeriph_Driver\src\stm32f4xx_flash.o
 .ARM.attributes
                0x0000067c       0x39 Libraries\STM32F4xx_StdPeriph_Driver\src\stm32f4xx_exti.o
 .ARM.attributes
                0x000006b5       0x39 Libraries\STM32F4xx_StdPeriph_Driver\src\stm32f4xx_dma.o
 .ARM.attributes
                0x000006ee       0x39 Libraries\STM32F4xx_StdPeriph_Driver\src\stm32f4xx_dcmi.o
 .ARM.attributes
                0x00000727       0x39 Libraries\STM32F4xx_StdPeriph_Driver\src\stm32f4xx_dbgmcu.o
 .ARM.attributes
                0x00000760       0x39 Libraries\STM32F4xx_StdPeriph_Driver\src\stm32f4xx_dac.o
 .ARM.attributes
                0x00000799       0x39 Libraries\STM32F4xx_StdPeriph_Driver\src\stm32f4xx_cryp_tdes.o
 .ARM.attributes
                0x000007d2       0x39 Libraries\STM32F4xx_StdPeriph_Driver\src\stm32f4xx_cryp_des.o
 .ARM.attributes
                0x0000080b       0x39 Libraries\STM32F4xx_StdPeriph_Driver\src\stm32f4xx_cryp_aes.o
 .ARM.attributes
                0x00000844       0x39 Libraries\STM32F4xx_StdPeriph_Driver\src\stm32f4xx_cryp.o
 .ARM.attributes
                0x0000087d       0x39 Libraries\STM32F4xx_StdPeriph_Driver\src\stm32f4xx_crc.o
 .ARM.attributes
                0x000008b6       0x39 Libraries\STM32F4xx_StdPeriph_Driver\src\stm32f4xx_can.o
 .ARM.attributes
                0x000008ef       0x39 Libraries\STM32F4xx_StdPeriph_Driver\src\stm32f4xx_adc.o
 .ARM.attributes
                0x00000928       0x39 Libraries\STM32F4xx_StdPeriph_Driver\src\misc.o
 .ARM.attributes
                0x00000961       0x34 m:/atollic/truestudio for arm lite 3.1.0/armtools/bin/../lib/gcc/arm-atollic-eabi/4.6.2/../../../../arm-atollic-eabi/lib/thumb/softfp/armv7e-m/fpv4-sp-d16\libc.a(lib_a-init.o)
 .ARM.attributes
                0x00000995       0x34 m:/atollic/truestudio for arm lite 3.1.0/armtools/bin/../lib/gcc/arm-atollic-eabi/4.6.2/../../../../arm-atollic-eabi/lib/thumb/softfp/armv7e-m/fpv4-sp-d16\libc.a(lib_a-reent.o)
 .ARM.attributes
                0x000009c9       0x34 m:/atollic/truestudio for arm lite 3.1.0/armtools/bin/../lib/gcc/arm-atollic-eabi/4.6.2/../../../../arm-atollic-eabi/lib/thumb/softfp/armv7e-m/fpv4-sp-d16\libc.a(lib_a-freer.o)
 .ARM.attributes
                0x000009fd       0x34 m:/atollic/truestudio for arm lite 3.1.0/armtools/bin/../lib/gcc/arm-atollic-eabi/4.6.2/../../../../arm-atollic-eabi/lib/thumb/softfp/armv7e-m/fpv4-sp-d16\libc.a(lib_a-impure.o)
 .ARM.attributes
                0x00000a31       0x34 m:/atollic/truestudio for arm lite 3.1.0/armtools/bin/../lib/gcc/arm-atollic-eabi/4.6.2/../../../../arm-atollic-eabi/lib/thumb/softfp/armv7e-m/fpv4-sp-d16\libc.a(lib_a-mallocr.o)
 .ARM.attributes
                0x00000a65       0x34 m:/atollic/truestudio for arm lite 3.1.0/armtools/bin/../lib/gcc/arm-atollic-eabi/4.6.2/../../../../arm-atollic-eabi/lib/thumb/softfp/armv7e-m/fpv4-sp-d16\libc.a(lib_a-mlock.o)
 .ARM.attributes
                0x00000a99       0x34 m:/atollic/truestudio for arm lite 3.1.0/armtools/bin/../lib/gcc/arm-atollic-eabi/4.6.2/../../../../arm-atollic-eabi/lib/thumb/softfp/armv7e-m/fpv4-sp-d16\libc.a(lib_a-sbrkr.o)
 .ARM.attributes
                0x00000acd       0x34 m:/atollic/truestudio for arm lite 3.1.0/armtools/bin/../lib/gcc/arm-atollic-eabi/4.6.2/thumb/softfp/armv7e-m/fpv4-sp-d16/crtend.o
 .ARM.attributes
                0x00000b01       0x24 m:/atollic/truestudio for arm lite 3.1.0/armtools/bin/../lib/gcc/arm-atollic-eabi/4.6.2/thumb/softfp/armv7e-m/fpv4-sp-d16/crtn.o
OUTPUT(STM32F4_Discovery_MEMS.elf elf32-littlearm)

.debug_info     0x00000000    0x14ebc
 .debug_info    0x00000000      0xb79 src\tiny_printf.o
 .debug_info    0x00000b79      0x621 src\system_stm32f4xx.o
 .debug_info    0x0000119a      0x6ed src\syscalls.o
 .debug_info    0x00001887      0x4ef src\stm32f4xx_it.o
 .debug_info    0x00001d76       0x6f src\startup_stm32f4xx.o
 .debug_info    0x00001de5      0xe40 src\main.o
 .debug_info    0x00002c25      0x11a src\STM32F4-Discovery_callback.o
 .debug_info    0x00002d3f      0x844 Utilities\STM32F4-Discovery\stm32f4_discovery_lis302dl.o
 .debug_info    0x00003583     0x127e Utilities\STM32F4-Discovery\stm32f4_discovery_audio_codec.o
 .debug_info    0x00004801      0x969 Utilities\STM32F4-Discovery\stm32f4_discovery.o
 .debug_info    0x0000516a      0x25a Libraries\STM32F4xx_StdPeriph_Driver\src\stm32f4xx_wwdg.o
 .debug_info    0x000053c4      0xa53 Libraries\STM32F4xx_StdPeriph_Driver\src\stm32f4xx_usart.o
 .debug_info    0x00005e17     0x1e2c Libraries\STM32F4xx_StdPeriph_Driver\src\stm32f4xx_tim.o
 .debug_info    0x00007c43      0x27e Libraries\STM32F4xx_StdPeriph_Driver\src\stm32f4xx_syscfg.o
 .debug_info    0x00007ec1      0xbd0 Libraries\STM32F4xx_StdPeriph_Driver\src\stm32f4xx_spi.o
 .debug_info    0x00008a91      0x8a8 Libraries\STM32F4xx_StdPeriph_Driver\src\stm32f4xx_sdio.o
 .debug_info    0x00009339     0x1227 Libraries\STM32F4xx_StdPeriph_Driver\src\stm32f4xx_rtc.o
 .debug_info    0x0000a560      0x295 Libraries\STM32F4xx_StdPeriph_Driver\src\stm32f4xx_rng.o
 .debug_info    0x0000a7f5      0xd28 Libraries\STM32F4xx_StdPeriph_Driver\src\stm32f4xx_rcc.o
 .debug_info    0x0000b51d      0x542 Libraries\STM32F4xx_StdPeriph_Driver\src\stm32f4xx_pwr.o
 .debug_info    0x0000ba5f      0x20f Libraries\STM32F4xx_StdPeriph_Driver\src\stm32f4xx_iwdg.o
 .debug_info    0x0000bc6e      0xb95 Libraries\STM32F4xx_StdPeriph_Driver\src\stm32f4xx_i2c.o
 .debug_info    0x0000c803      0x54e Libraries\STM32F4xx_StdPeriph_Driver\src\stm32f4xx_hash_sha1.o
 .debug_info    0x0000cd51      0x4ed Libraries\STM32F4xx_StdPeriph_Driver\src\stm32f4xx_hash_md5.o
 .debug_info    0x0000d23e      0x58a Libraries\STM32F4xx_StdPeriph_Driver\src\stm32f4xx_hash.o
 .debug_info    0x0000d7c8      0x640 Libraries\STM32F4xx_StdPeriph_Driver\src\stm32f4xx_gpio.o
 .debug_info    0x0000de08      0x9a9 Libraries\STM32F4xx_StdPeriph_Driver\src\stm32f4xx_fsmc.o
 .debug_info    0x0000e7b1      0x779 Libraries\STM32F4xx_StdPeriph_Driver\src\stm32f4xx_flash.o
 .debug_info    0x0000ef2a      0x376 Libraries\STM32F4xx_StdPeriph_Driver\src\stm32f4xx_exti.o
 .debug_info    0x0000f2a0      0x7a7 Libraries\STM32F4xx_StdPeriph_Driver\src\stm32f4xx_dma.o
 .debug_info    0x0000fa47      0x5a1 Libraries\STM32F4xx_StdPeriph_Driver\src\stm32f4xx_dcmi.o
 .debug_info    0x0000ffe8      0x1f3 Libraries\STM32F4xx_StdPeriph_Driver\src\stm32f4xx_dbgmcu.o
 .debug_info    0x000101db      0x68a Libraries\STM32F4xx_StdPeriph_Driver\src\stm32f4xx_dac.o
 .debug_info    0x00010865      0x6e3 Libraries\STM32F4xx_StdPeriph_Driver\src\stm32f4xx_cryp_tdes.o
 .debug_info    0x00010f48      0x564 Libraries\STM32F4xx_StdPeriph_Driver\src\stm32f4xx_cryp_des.o
 .debug_info    0x000114ac     0x1168 Libraries\STM32F4xx_StdPeriph_Driver\src\stm32f4xx_cryp_aes.o
 .debug_info    0x00012614      0x7a2 Libraries\STM32F4xx_StdPeriph_Driver\src\stm32f4xx_cryp.o
 .debug_info    0x00012db6      0x20f Libraries\STM32F4xx_StdPeriph_Driver\src\stm32f4xx_crc.o
 .debug_info    0x00012fc5      0xc66 Libraries\STM32F4xx_StdPeriph_Driver\src\stm32f4xx_can.o
 .debug_info    0x00013c2b      0xcf9 Libraries\STM32F4xx_StdPeriph_Driver\src\stm32f4xx_adc.o
 .debug_info    0x00014924      0x598 Libraries\STM32F4xx_StdPeriph_Driver\src\misc.o

.debug_abbrev   0x00000000     0x3882
 .debug_abbrev  0x00000000      0x1d2 src\tiny_printf.o
 .debug_abbrev  0x000001d2      0x142 src\system_stm32f4xx.o
 .debug_abbrev  0x00000314      0x143 src\syscalls.o
 .debug_abbrev  0x00000457      0x10e src\stm32f4xx_it.o
 .debug_abbrev  0x00000565       0x12 src\startup_stm32f4xx.o
 .debug_abbrev  0x00000577      0x1e3 src\main.o
 .debug_abbrev  0x0000075a       0x8e src\STM32F4-Discovery_callback.o
 .debug_abbrev  0x000007e8      0x1c2 Utilities\STM32F4-Discovery\stm32f4_discovery_lis302dl.o
 .debug_abbrev  0x000009aa      0x20b Utilities\STM32F4-Discovery\stm32f4_discovery_audio_codec.o
 .debug_abbrev  0x00000bb5      0x178 Utilities\STM32F4-Discovery\stm32f4_discovery.o
 .debug_abbrev  0x00000d2d      0x120 Libraries\STM32F4xx_StdPeriph_Driver\src\stm32f4xx_wwdg.o
 .debug_abbrev  0x00000e4d      0x150 Libraries\STM32F4xx_StdPeriph_Driver\src\stm32f4xx_usart.o
 .debug_abbrev  0x00000f9d      0x165 Libraries\STM32F4xx_StdPeriph_Driver\src\stm32f4xx_tim.o
 .debug_abbrev  0x00001102      0x12c Libraries\STM32F4xx_StdPeriph_Driver\src\stm32f4xx_syscfg.o
 .debug_abbrev  0x0000122e      0x162 Libraries\STM32F4xx_StdPeriph_Driver\src\stm32f4xx_spi.o
 .debug_abbrev  0x00001390      0x16f Libraries\STM32F4xx_StdPeriph_Driver\src\stm32f4xx_sdio.o
 .debug_abbrev  0x000014ff      0x16d Libraries\STM32F4xx_StdPeriph_Driver\src\stm32f4xx_rtc.o
 .debug_abbrev  0x0000166c      0x139 Libraries\STM32F4xx_StdPeriph_Driver\src\stm32f4xx_rng.o
 .debug_abbrev  0x000017a5      0x1b9 Libraries\STM32F4xx_StdPeriph_Driver\src\stm32f4xx_rcc.o
 .debug_abbrev  0x0000195e      0x177 Libraries\STM32F4xx_StdPeriph_Driver\src\stm32f4xx_pwr.o
 .debug_abbrev  0x00001ad5       0xfc Libraries\STM32F4xx_StdPeriph_Driver\src\stm32f4xx_iwdg.o
 .debug_abbrev  0x00001bd1      0x15f Libraries\STM32F4xx_StdPeriph_Driver\src\stm32f4xx_i2c.o
 .debug_abbrev  0x00001d30      0x191 Libraries\STM32F4xx_StdPeriph_Driver\src\stm32f4xx_hash_sha1.o
 .debug_abbrev  0x00001ec1      0x191 Libraries\STM32F4xx_StdPeriph_Driver\src\stm32f4xx_hash_md5.o
 .debug_abbrev  0x00002052      0x1a3 Libraries\STM32F4xx_StdPeriph_Driver\src\stm32f4xx_hash.o
 .debug_abbrev  0x000021f5      0x184 Libraries\STM32F4xx_StdPeriph_Driver\src\stm32f4xx_gpio.o
 .debug_abbrev  0x00002379      0x168 Libraries\STM32F4xx_StdPeriph_Driver\src\stm32f4xx_fsmc.o
 .debug_abbrev  0x000024e1      0x16a Libraries\STM32F4xx_StdPeriph_Driver\src\stm32f4xx_flash.o
 .debug_abbrev  0x0000264b      0x19a Libraries\STM32F4xx_StdPeriph_Driver\src\stm32f4xx_exti.o
 .debug_abbrev  0x000027e5      0x150 Libraries\STM32F4xx_StdPeriph_Driver\src\stm32f4xx_dma.o
 .debug_abbrev  0x00002935      0x17c Libraries\STM32F4xx_StdPeriph_Driver\src\stm32f4xx_dcmi.o
 .debug_abbrev  0x00002ab1       0xdc Libraries\STM32F4xx_StdPeriph_Driver\src\stm32f4xx_dbgmcu.o
 .debug_abbrev  0x00002b8d      0x174 Libraries\STM32F4xx_StdPeriph_Driver\src\stm32f4xx_dac.o
 .debug_abbrev  0x00002d01      0x15f Libraries\STM32F4xx_StdPeriph_Driver\src\stm32f4xx_cryp_tdes.o
 .debug_abbrev  0x00002e60      0x15f Libraries\STM32F4xx_StdPeriph_Driver\src\stm32f4xx_cryp_des.o
 .debug_abbrev  0x00002fbf      0x1d4 Libraries\STM32F4xx_StdPeriph_Driver\src\stm32f4xx_cryp_aes.o
 .debug_abbrev  0x00003193      0x182 Libraries\STM32F4xx_StdPeriph_Driver\src\stm32f4xx_cryp.o
 .debug_abbrev  0x00003315      0x10c Libraries\STM32F4xx_StdPeriph_Driver\src\stm32f4xx_crc.o
 .debug_abbrev  0x00003421      0x1ae Libraries\STM32F4xx_StdPeriph_Driver\src\stm32f4xx_can.o
 .debug_abbrev  0x000035cf      0x18b Libraries\STM32F4xx_StdPeriph_Driver\src\stm32f4xx_adc.o
 .debug_abbrev  0x0000375a      0x128 Libraries\STM32F4xx_StdPeriph_Driver\src\misc.o

.debug_loc      0x00000000     0x94ee
 .debug_loc     0x00000000      0x178 src\tiny_printf.o
 .debug_loc     0x00000178       0x9c src\system_stm32f4xx.o
 .debug_loc     0x00000214      0x410 src\syscalls.o
 .debug_loc     0x00000624      0x198 src\stm32f4xx_it.o
 .debug_loc     0x000007bc      0x170 src\main.o
 .debug_loc     0x0000092c       0x90 src\STM32F4-Discovery_callback.o
 .debug_loc     0x000009bc      0x2a0 Utilities\STM32F4-Discovery\stm32f4_discovery_lis302dl.o
 .debug_loc     0x00000c5c      0x730 Utilities\STM32F4-Discovery\stm32f4_discovery_audio_codec.o
 .debug_loc     0x0000138c      0x150 Utilities\STM32F4-Discovery\stm32f4_discovery.o
 .debug_loc     0x000014dc      0x19c Libraries\STM32F4xx_StdPeriph_Driver\src\stm32f4xx_wwdg.o
 .debug_loc     0x00001678      0x658 Libraries\STM32F4xx_StdPeriph_Driver\src\stm32f4xx_usart.o
 .debug_loc     0x00001cd0     0x1420 Libraries\STM32F4xx_StdPeriph_Driver\src\stm32f4xx_tim.o
 .debug_loc     0x000030f0      0x144 Libraries\STM32F4xx_StdPeriph_Driver\src\stm32f4xx_syscfg.o
 .debug_loc     0x00003234      0x578 Libraries\STM32F4xx_StdPeriph_Driver\src\stm32f4xx_spi.o
 .debug_loc     0x000037ac      0x648 Libraries\STM32F4xx_StdPeriph_Driver\src\stm32f4xx_sdio.o
 .debug_loc     0x00003df4      0xc48 Libraries\STM32F4xx_StdPeriph_Driver\src\stm32f4xx_rtc.o
 .debug_loc     0x00004a3c      0x1a8 Libraries\STM32F4xx_StdPeriph_Driver\src\stm32f4xx_rng.o
 .debug_loc     0x00004be4      0x97c Libraries\STM32F4xx_StdPeriph_Driver\src\stm32f4xx_rcc.o
 .debug_loc     0x00005560      0x288 Libraries\STM32F4xx_StdPeriph_Driver\src\stm32f4xx_pwr.o
 .debug_loc     0x000057e8      0x138 Libraries\STM32F4xx_StdPeriph_Driver\src\stm32f4xx_iwdg.o
 .debug_loc     0x00005920      0x738 Libraries\STM32F4xx_StdPeriph_Driver\src\stm32f4xx_i2c.o
 .debug_loc     0x00006058       0x74 Libraries\STM32F4xx_StdPeriph_Driver\src\stm32f4xx_hash_sha1.o
 .debug_loc     0x000060cc       0x74 Libraries\STM32F4xx_StdPeriph_Driver\src\stm32f4xx_hash_md5.o
 .debug_loc     0x00006140      0x388 Libraries\STM32F4xx_StdPeriph_Driver\src\stm32f4xx_hash.o
 .debug_loc     0x000064c8      0x310 Libraries\STM32F4xx_StdPeriph_Driver\src\stm32f4xx_gpio.o
 .debug_loc     0x000067d8      0x41c Libraries\STM32F4xx_StdPeriph_Driver\src\stm32f4xx_fsmc.o
 .debug_loc     0x00006bf4      0x624 Libraries\STM32F4xx_StdPeriph_Driver\src\stm32f4xx_flash.o
 .debug_loc     0x00007218      0x1b4 Libraries\STM32F4xx_StdPeriph_Driver\src\stm32f4xx_exti.o
 .debug_loc     0x000073cc      0x428 Libraries\STM32F4xx_StdPeriph_Driver\src\stm32f4xx_dma.o
 .debug_loc     0x000077f4      0x330 Libraries\STM32F4xx_StdPeriph_Driver\src\stm32f4xx_dcmi.o
 .debug_loc     0x00007b24      0x100 Libraries\STM32F4xx_StdPeriph_Driver\src\stm32f4xx_dbgmcu.o
 .debug_loc     0x00007c24      0x3ac Libraries\STM32F4xx_StdPeriph_Driver\src\stm32f4xx_dac.o
 .debug_loc     0x00007fd0       0x74 Libraries\STM32F4xx_StdPeriph_Driver\src\stm32f4xx_cryp_tdes.o
 .debug_loc     0x00008044       0x74 Libraries\STM32F4xx_StdPeriph_Driver\src\stm32f4xx_cryp_des.o
 .debug_loc     0x000080b8       0xae Libraries\STM32F4xx_StdPeriph_Driver\src\stm32f4xx_cryp_aes.o
 .debug_loc     0x00008166      0x394 Libraries\STM32F4xx_StdPeriph_Driver\src\stm32f4xx_cryp.o
 .debug_loc     0x000084fa      0x12c Libraries\STM32F4xx_StdPeriph_Driver\src\stm32f4xx_crc.o
 .debug_loc     0x00008626      0x578 Libraries\STM32F4xx_StdPeriph_Driver\src\stm32f4xx_can.o
 .debug_loc     0x00008b9e      0x838 Libraries\STM32F4xx_StdPeriph_Driver\src\stm32f4xx_adc.o
 .debug_loc     0x000093d6      0x118 Libraries\STM32F4xx_StdPeriph_Driver\src\misc.o

.debug_aranges  0x00000000     0x19a8
 .debug_aranges
                0x00000000       0x48 src\tiny_printf.o
 .debug_aranges
                0x00000048       0x30 src\system_stm32f4xx.o
 .debug_aranges
                0x00000078       0xb0 src\syscalls.o
 .debug_aranges
                0x00000128       0x60 src\stm32f4xx_it.o
 .debug_aranges
                0x00000188       0x28 src\startup_stm32f4xx.o
 .debug_aranges
                0x000001b0       0x50 src\main.o
 .debug_aranges
                0x00000200       0x30 src\STM32F4-Discovery_callback.o
 .debug_aranges
                0x00000230       0x78 Utilities\STM32F4-Discovery\stm32f4_discovery_lis302dl.o
 .debug_aranges
                0x000002a8      0x130 Utilities\STM32F4-Discovery\stm32f4_discovery_audio_codec.o
 .debug_aranges
                0x000003d8       0x48 Utilities\STM32F4-Discovery\stm32f4_discovery.o
 .debug_aranges
                0x00000420       0x58 Libraries\STM32F4xx_StdPeriph_Driver\src\stm32f4xx_wwdg.o
 .debug_aranges
                0x00000478      0x100 Libraries\STM32F4xx_StdPeriph_Driver\src\stm32f4xx_usart.o
 .debug_aranges
                0x00000578      0x2f8 Libraries\STM32F4xx_StdPeriph_Driver\src\stm32f4xx_tim.o
 .debug_aranges
                0x00000870       0x48 Libraries\STM32F4xx_StdPeriph_Driver\src\stm32f4xx_syscfg.o
 .debug_aranges
                0x000008b8       0xe0 Libraries\STM32F4xx_StdPeriph_Driver\src\stm32f4xx_spi.o
 .debug_aranges
                0x00000998      0x108 Libraries\STM32F4xx_StdPeriph_Driver\src\stm32f4xx_sdio.o
 .debug_aranges
                0x00000aa0      0x1e0 Libraries\STM32F4xx_StdPeriph_Driver\src\stm32f4xx_rtc.o
 .debug_aranges
                0x00000c80       0x58 Libraries\STM32F4xx_StdPeriph_Driver\src\stm32f4xx_rng.o
 .debug_aranges
                0x00000cd8      0x178 Libraries\STM32F4xx_StdPeriph_Driver\src\stm32f4xx_rcc.o
 .debug_aranges
                0x00000e50       0x78 Libraries\STM32F4xx_StdPeriph_Driver\src\stm32f4xx_pwr.o
 .debug_aranges
                0x00000ec8       0x48 Libraries\STM32F4xx_StdPeriph_Driver\src\stm32f4xx_iwdg.o
 .debug_aranges
                0x00000f10      0x120 Libraries\STM32F4xx_StdPeriph_Driver\src\stm32f4xx_i2c.o
 .debug_aranges
                0x00001030       0x28 Libraries\STM32F4xx_StdPeriph_Driver\src\stm32f4xx_hash_sha1.o
 .debug_aranges
                0x00001058       0x28 Libraries\STM32F4xx_StdPeriph_Driver\src\stm32f4xx_hash_md5.o
 .debug_aranges
                0x00001080       0xa0 Libraries\STM32F4xx_StdPeriph_Driver\src\stm32f4xx_hash.o
 .debug_aranges
                0x00001120       0x88 Libraries\STM32F4xx_StdPeriph_Driver\src\stm32f4xx_gpio.o
 .debug_aranges
                0x000011a8       0xb0 Libraries\STM32F4xx_StdPeriph_Driver\src\stm32f4xx_fsmc.o
 .debug_aranges
                0x00001258      0x108 Libraries\STM32F4xx_StdPeriph_Driver\src\stm32f4xx_flash.o
 .debug_aranges
                0x00001360       0x58 Libraries\STM32F4xx_StdPeriph_Driver\src\stm32f4xx_exti.o
 .debug_aranges
                0x000013b8       0xb0 Libraries\STM32F4xx_StdPeriph_Driver\src\stm32f4xx_dma.o
 .debug_aranges
                0x00001468       0x90 Libraries\STM32F4xx_StdPeriph_Driver\src\stm32f4xx_dcmi.o
 .debug_aranges
                0x000014f8       0x40 Libraries\STM32F4xx_StdPeriph_Driver\src\stm32f4xx_dbgmcu.o
 .debug_aranges
                0x00001538       0xa0 Libraries\STM32F4xx_StdPeriph_Driver\src\stm32f4xx_dac.o
 .debug_aranges
                0x000015d8       0x28 Libraries\STM32F4xx_StdPeriph_Driver\src\stm32f4xx_cryp_tdes.o
 .debug_aranges
                0x00001600       0x28 Libraries\STM32F4xx_StdPeriph_Driver\src\stm32f4xx_cryp_des.o
 .debug_aranges
                0x00001628       0x30 Libraries\STM32F4xx_StdPeriph_Driver\src\stm32f4xx_cryp_aes.o
 .debug_aranges
                0x00001658       0xa0 Libraries\STM32F4xx_StdPeriph_Driver\src\stm32f4xx_cryp.o
 .debug_aranges
                0x000016f8       0x48 Libraries\STM32F4xx_StdPeriph_Driver\src\stm32f4xx_crc.o
 .debug_aranges
                0x00001740       0xe0 Libraries\STM32F4xx_StdPeriph_Driver\src\stm32f4xx_can.o
 .debug_aranges
                0x00001820      0x148 Libraries\STM32F4xx_StdPeriph_Driver\src\stm32f4xx_adc.o
 .debug_aranges
                0x00001968       0x40 Libraries\STM32F4xx_StdPeriph_Driver\src\misc.o

.debug_ranges   0x00000000     0x1720
 .debug_ranges  0x00000000       0x38 src\tiny_printf.o
 .debug_ranges  0x00000038       0x20 src\system_stm32f4xx.o
 .debug_ranges  0x00000058       0xa0 src\syscalls.o
 .debug_ranges  0x000000f8       0x50 src\stm32f4xx_it.o
 .debug_ranges  0x00000148       0x20 src\startup_stm32f4xx.o
 .debug_ranges  0x00000168       0x40 src\main.o
 .debug_ranges  0x000001a8       0x20 src\STM32F4-Discovery_callback.o
 .debug_ranges  0x000001c8       0x68 Utilities\STM32F4-Discovery\stm32f4_discovery_lis302dl.o
 .debug_ranges  0x00000230      0x120 Utilities\STM32F4-Discovery\stm32f4_discovery_audio_codec.o
 .debug_ranges  0x00000350       0x38 Utilities\STM32F4-Discovery\stm32f4_discovery.o
 .debug_ranges  0x00000388       0x48 Libraries\STM32F4xx_StdPeriph_Driver\src\stm32f4xx_wwdg.o
 .debug_ranges  0x000003d0       0xf0 Libraries\STM32F4xx_StdPeriph_Driver\src\stm32f4xx_usart.o
 .debug_ranges  0x000004c0      0x2e8 Libraries\STM32F4xx_StdPeriph_Driver\src\stm32f4xx_tim.o
 .debug_ranges  0x000007a8       0x38 Libraries\STM32F4xx_StdPeriph_Driver\src\stm32f4xx_syscfg.o
 .debug_ranges  0x000007e0       0xd0 Libraries\STM32F4xx_StdPeriph_Driver\src\stm32f4xx_spi.o
 .debug_ranges  0x000008b0       0xf8 Libraries\STM32F4xx_StdPeriph_Driver\src\stm32f4xx_sdio.o
 .debug_ranges  0x000009a8      0x1d0 Libraries\STM32F4xx_StdPeriph_Driver\src\stm32f4xx_rtc.o
 .debug_ranges  0x00000b78       0x48 Libraries\STM32F4xx_StdPeriph_Driver\src\stm32f4xx_rng.o
 .debug_ranges  0x00000bc0      0x168 Libraries\STM32F4xx_StdPeriph_Driver\src\stm32f4xx_rcc.o
 .debug_ranges  0x00000d28       0x68 Libraries\STM32F4xx_StdPeriph_Driver\src\stm32f4xx_pwr.o
 .debug_ranges  0x00000d90       0x38 Libraries\STM32F4xx_StdPeriph_Driver\src\stm32f4xx_iwdg.o
 .debug_ranges  0x00000dc8      0x110 Libraries\STM32F4xx_StdPeriph_Driver\src\stm32f4xx_i2c.o
 .debug_ranges  0x00000ed8       0x18 Libraries\STM32F4xx_StdPeriph_Driver\src\stm32f4xx_hash_sha1.o
 .debug_ranges  0x00000ef0       0x18 Libraries\STM32F4xx_StdPeriph_Driver\src\stm32f4xx_hash_md5.o
 .debug_ranges  0x00000f08       0x90 Libraries\STM32F4xx_StdPeriph_Driver\src\stm32f4xx_hash.o
 .debug_ranges  0x00000f98       0x78 Libraries\STM32F4xx_StdPeriph_Driver\src\stm32f4xx_gpio.o
 .debug_ranges  0x00001010       0xa0 Libraries\STM32F4xx_StdPeriph_Driver\src\stm32f4xx_fsmc.o
 .debug_ranges  0x000010b0       0xf8 Libraries\STM32F4xx_StdPeriph_Driver\src\stm32f4xx_flash.o
 .debug_ranges  0x000011a8       0x48 Libraries\STM32F4xx_StdPeriph_Driver\src\stm32f4xx_exti.o
 .debug_ranges  0x000011f0       0xa0 Libraries\STM32F4xx_StdPeriph_Driver\src\stm32f4xx_dma.o
 .debug_ranges  0x00001290       0x80 Libraries\STM32F4xx_StdPeriph_Driver\src\stm32f4xx_dcmi.o
 .debug_ranges  0x00001310       0x30 Libraries\STM32F4xx_StdPeriph_Driver\src\stm32f4xx_dbgmcu.o
 .debug_ranges  0x00001340       0x90 Libraries\STM32F4xx_StdPeriph_Driver\src\stm32f4xx_dac.o
 .debug_ranges  0x000013d0       0x18 Libraries\STM32F4xx_StdPeriph_Driver\src\stm32f4xx_cryp_tdes.o
 .debug_ranges  0x000013e8       0x18 Libraries\STM32F4xx_StdPeriph_Driver\src\stm32f4xx_cryp_des.o
 .debug_ranges  0x00001400       0x20 Libraries\STM32F4xx_StdPeriph_Driver\src\stm32f4xx_cryp_aes.o
 .debug_ranges  0x00001420       0x90 Libraries\STM32F4xx_StdPeriph_Driver\src\stm32f4xx_cryp.o
 .debug_ranges  0x000014b0       0x38 Libraries\STM32F4xx_StdPeriph_Driver\src\stm32f4xx_crc.o
 .debug_ranges  0x000014e8       0xd0 Libraries\STM32F4xx_StdPeriph_Driver\src\stm32f4xx_can.o
 .debug_ranges  0x000015b8      0x138 Libraries\STM32F4xx_StdPeriph_Driver\src\stm32f4xx_adc.o
 .debug_ranges  0x000016f0       0x30 Libraries\STM32F4xx_StdPeriph_Driver\src\misc.o

.debug_line     0x00000000     0x8827
 .debug_line    0x00000000      0x2cd src\tiny_printf.o
 .debug_line    0x000002cd      0x1b9 src\system_stm32f4xx.o
 .debug_line    0x00000486      0x244 src\syscalls.o
 .debug_line    0x000006ca      0x1f0 src\stm32f4xx_it.o
 .debug_line    0x000008ba       0x70 src\startup_stm32f4xx.o
 .debug_line    0x0000092a      0x2c6 src\main.o
 .debug_line    0x00000bf0      0x12a src\STM32F4-Discovery_callback.o
 .debug_line    0x00000d1a      0x370 Utilities\STM32F4-Discovery\stm32f4_discovery_lis302dl.o
 .debug_line    0x0000108a      0x6a4 Utilities\STM32F4-Discovery\stm32f4_discovery_audio_codec.o
 .debug_line    0x0000172e      0x254 Utilities\STM32F4-Discovery\stm32f4_discovery.o
 .debug_line    0x00001982      0x1df Libraries\STM32F4xx_StdPeriph_Driver\src\stm32f4xx_wwdg.o
 .debug_line    0x00001b61      0x43b Libraries\STM32F4xx_StdPeriph_Driver\src\stm32f4xx_usart.o
 .debug_line    0x00001f9c      0xa10 Libraries\STM32F4xx_StdPeriph_Driver\src\stm32f4xx_tim.o
 .debug_line    0x000029ac      0x1bd Libraries\STM32F4xx_StdPeriph_Driver\src\stm32f4xx_syscfg.o
 .debug_line    0x00002b69      0x3eb Libraries\STM32F4xx_StdPeriph_Driver\src\stm32f4xx_spi.o
 .debug_line    0x00002f54      0x3db Libraries\STM32F4xx_StdPeriph_Driver\src\stm32f4xx_sdio.o
 .debug_line    0x0000332f      0x7b1 Libraries\STM32F4xx_StdPeriph_Driver\src\stm32f4xx_rtc.o
 .debug_line    0x00003ae0      0x1e0 Libraries\STM32F4xx_StdPeriph_Driver\src\stm32f4xx_rng.o
 .debug_line    0x00003cc0      0x533 Libraries\STM32F4xx_StdPeriph_Driver\src\stm32f4xx_rcc.o
 .debug_line    0x000041f3      0x25a Libraries\STM32F4xx_StdPeriph_Driver\src\stm32f4xx_pwr.o
 .debug_line    0x0000444d      0x1b4 Libraries\STM32F4xx_StdPeriph_Driver\src\stm32f4xx_iwdg.o
 .debug_line    0x00004601      0x473 Libraries\STM32F4xx_StdPeriph_Driver\src\stm32f4xx_i2c.o
 .debug_line    0x00004a74      0x316 Libraries\STM32F4xx_StdPeriph_Driver\src\stm32f4xx_hash_sha1.o
 .debug_line    0x00004d8a      0x2f9 Libraries\STM32F4xx_StdPeriph_Driver\src\stm32f4xx_hash_md5.o
 .debug_line    0x00005083      0x307 Libraries\STM32F4xx_StdPeriph_Driver\src\stm32f4xx_hash.o
 .debug_line    0x0000538a      0x2d6 Libraries\STM32F4xx_StdPeriph_Driver\src\stm32f4xx_gpio.o
 .debug_line    0x00005660      0x3f0 Libraries\STM32F4xx_StdPeriph_Driver\src\stm32f4xx_fsmc.o
 .debug_line    0x00005a50      0x423 Libraries\STM32F4xx_StdPeriph_Driver\src\stm32f4xx_flash.o
 .debug_line    0x00005e73      0x23c Libraries\STM32F4xx_StdPeriph_Driver\src\stm32f4xx_exti.o
 .debug_line    0x000060af      0x373 Libraries\STM32F4xx_StdPeriph_Driver\src\stm32f4xx_dma.o
 .debug_line    0x00006422      0x2d6 Libraries\STM32F4xx_StdPeriph_Driver\src\stm32f4xx_dcmi.o
 .debug_line    0x000066f8      0x1a5 Libraries\STM32F4xx_StdPeriph_Driver\src\stm32f4xx_dbgmcu.o
 .debug_line    0x0000689d      0x2f9 Libraries\STM32F4xx_StdPeriph_Driver\src\stm32f4xx_dac.o
 .debug_line    0x00006b96      0x30c Libraries\STM32F4xx_StdPeriph_Driver\src\stm32f4xx_cryp_tdes.o
 .debug_line    0x00006ea2      0x293 Libraries\STM32F4xx_StdPeriph_Driver\src\stm32f4xx_cryp_des.o
 .debug_line    0x00007135      0x649 Libraries\STM32F4xx_StdPeriph_Driver\src\stm32f4xx_cryp_aes.o
 .debug_line    0x0000777e      0x32b Libraries\STM32F4xx_StdPeriph_Driver\src\stm32f4xx_cryp.o
 .debug_line    0x00007aa9      0x1c2 Libraries\STM32F4xx_StdPeriph_Driver\src\stm32f4xx_crc.o
 .debug_line    0x00007c6b      0x4f5 Libraries\STM32F4xx_StdPeriph_Driver\src\stm32f4xx_can.o
 .debug_line    0x00008160      0x4eb Libraries\STM32F4xx_StdPeriph_Driver\src\stm32f4xx_adc.o
 .debug_line    0x0000864b      0x1dc Libraries\STM32F4xx_StdPeriph_Driver\src\misc.o

.debug_str      0x00000000     0x7779
 .debug_str     0x00000000      0x4d0 src\tiny_printf.o
                                0x545 (size before relaxing)
 .debug_str     0x000004d0      0x225 src\system_stm32f4xx.o
                                0x348 (size before relaxing)
 .debug_str     0x000006f5      0x1d6 src\syscalls.o
                                0x32a (size before relaxing)
 .debug_str     0x000008cb      0x199 src\stm32f4xx_it.o
                                0x32b (size before relaxing)
 .debug_str     0x00000a64      0x963 src\main.o
                                0xc40 (size before relaxing)
 .debug_str     0x000013c7       0x6e src\STM32F4-Discovery_callback.o
                                0x1b5 (size before relaxing)
 .debug_str     0x00001435      0x303 Utilities\STM32F4-Discovery\stm32f4_discovery_lis302dl.o
                                0x707 (size before relaxing)
 .debug_str     0x00001738      0x771 Utilities\STM32F4-Discovery\stm32f4_discovery_audio_codec.o
                               0x1021 (size before relaxing)
 .debug_str     0x00001ea9      0x27d Utilities\STM32F4-Discovery\stm32f4_discovery.o
                                0xae6 (size before relaxing)
 .debug_str     0x00002126       0xd7 Libraries\STM32F4xx_StdPeriph_Driver\src\stm32f4xx_wwdg.o
                                0x23f (size before relaxing)
 .debug_str     0x000021fd      0x485 Libraries\STM32F4xx_StdPeriph_Driver\src\stm32f4xx_usart.o
                                0x64c (size before relaxing)
 .debug_str     0x00002682      0x9f1 Libraries\STM32F4xx_StdPeriph_Driver\src\stm32f4xx_tim.o
                                0xd8d (size before relaxing)
 .debug_str     0x00003073      0x156 Libraries\STM32F4xx_StdPeriph_Driver\src\stm32f4xx_syscfg.o
                                0x2bc (size before relaxing)
 .debug_str     0x000031c9      0x295 Libraries\STM32F4xx_StdPeriph_Driver\src\stm32f4xx_spi.o
                                0x647 (size before relaxing)
 .debug_str     0x0000345e      0x479 Libraries\STM32F4xx_StdPeriph_Driver\src\stm32f4xx_sdio.o
                                0x608 (size before relaxing)
 .debug_str     0x000038d7      0x971 Libraries\STM32F4xx_StdPeriph_Driver\src\stm32f4xx_rtc.o
                                0xb10 (size before relaxing)
 .debug_str     0x00004248       0xd2 Libraries\STM32F4xx_StdPeriph_Driver\src\stm32f4xx_rng.o
                                0x241 (size before relaxing)
 .debug_str     0x0000431a      0x4f0 Libraries\STM32F4xx_StdPeriph_Driver\src\stm32f4xx_rcc.o
                                0x80d (size before relaxing)
 .debug_str     0x0000480a      0x16e Libraries\STM32F4xx_StdPeriph_Driver\src\stm32f4xx_pwr.o
                                0x34e (size before relaxing)
 .debug_str     0x00004978       0xdb Libraries\STM32F4xx_StdPeriph_Driver\src\stm32f4xx_iwdg.o
                                0x229 (size before relaxing)
 .debug_str     0x00004a53      0x333 Libraries\STM32F4xx_StdPeriph_Driver\src\stm32f4xx_i2c.o
                                0x622 (size before relaxing)
 .debug_str     0x00004d86      0x140 Libraries\STM32F4xx_StdPeriph_Driver\src\stm32f4xx_hash_sha1.o
                                0x2b4 (size before relaxing)
 .debug_str     0x00004ec6       0x7c Libraries\STM32F4xx_StdPeriph_Driver\src\stm32f4xx_hash_md5.o
                                0x2af (size before relaxing)
 .debug_str     0x00004f42      0x202 Libraries\STM32F4xx_StdPeriph_Driver\src\stm32f4xx_hash.o
                                0x3ef (size before relaxing)
 .debug_str     0x00005144      0x168 Libraries\STM32F4xx_StdPeriph_Driver\src\stm32f4xx_gpio.o
                                0x460 (size before relaxing)
 .debug_str     0x000052ac      0x5c5 Libraries\STM32F4xx_StdPeriph_Driver\src\stm32f4xx_fsmc.o
                                0x751 (size before relaxing)
 .debug_str     0x00005871      0x3a0 Libraries\STM32F4xx_StdPeriph_Driver\src\stm32f4xx_flash.o
                                0x544 (size before relaxing)
 .debug_str     0x00005c11       0xf3 Libraries\STM32F4xx_StdPeriph_Driver\src\stm32f4xx_exti.o
                                0x32b (size before relaxing)
 .debug_str     0x00005d04      0x254 Libraries\STM32F4xx_StdPeriph_Driver\src\stm32f4xx_dma.o
                                0x509 (size before relaxing)
 .debug_str     0x00005f58      0x308 Libraries\STM32F4xx_StdPeriph_Driver\src\stm32f4xx_dcmi.o
                                0x496 (size before relaxing)
 .debug_str     0x00006260       0xcf Libraries\STM32F4xx_StdPeriph_Driver\src\stm32f4xx_dbgmcu.o
                                0x212 (size before relaxing)
 .debug_str     0x0000632f      0x220 Libraries\STM32F4xx_StdPeriph_Driver\src\stm32f4xx_dac.o
                                0x410 (size before relaxing)
 .debug_str     0x0000654f      0x1de Libraries\STM32F4xx_StdPeriph_Driver\src\stm32f4xx_cryp_tdes.o
                                0x395 (size before relaxing)
 .debug_str     0x0000672d       0x5b Libraries\STM32F4xx_StdPeriph_Driver\src\stm32f4xx_cryp_des.o
                                0x38f (size before relaxing)
 .debug_str     0x00006788       0xba Libraries\STM32F4xx_StdPeriph_Driver\src\stm32f4xx_cryp_aes.o
                                0x3a4 (size before relaxing)
 .debug_str     0x00006842      0x272 Libraries\STM32F4xx_StdPeriph_Driver\src\stm32f4xx_cryp.o
                                0x57a (size before relaxing)
 .debug_str     0x00006ab4       0xbb Libraries\STM32F4xx_StdPeriph_Driver\src\stm32f4xx_crc.o
                                0x208 (size before relaxing)
 .debug_str     0x00006b6f      0x50f Libraries\STM32F4xx_StdPeriph_Driver\src\stm32f4xx_can.o
                                0x6fb (size before relaxing)
 .debug_str     0x0000707e      0x609 Libraries\STM32F4xx_StdPeriph_Driver\src\stm32f4xx_adc.o
                                0x7c1 (size before relaxing)
 .debug_str     0x00007687       0xf2 Libraries\STM32F4xx_StdPeriph_Driver\src\misc.o
                                0x396 (size before relaxing)

.comment        0x00000000       0x8a
 .comment       0x00000000       0x8a src\tiny_printf.o
                                 0x8b (size before relaxing)
 .comment       0x00000000       0x8b src\system_stm32f4xx.o
 .comment       0x00000000       0x8b src\syscalls.o
 .comment       0x00000000       0x8b src\stm32f4xx_it.o
 .comment       0x00000000       0x8b src\main.o
 .comment       0x00000000       0x8b src\STM32F4-Discovery_callback.o
 .comment       0x00000000       0x8b Utilities\STM32F4-Discovery\stm32f4_discovery_lis302dl.o
 .comment       0x00000000       0x8b Utilities\STM32F4-Discovery\stm32f4_discovery_audio_codec.o
 .comment       0x00000000       0x8b Utilities\STM32F4-Discovery\stm32f4_discovery.o
 .comment       0x00000000       0x8b Libraries\STM32F4xx_StdPeriph_Driver\src\stm32f4xx_wwdg.o
 .comment       0x00000000       0x8b Libraries\STM32F4xx_StdPeriph_Driver\src\stm32f4xx_usart.o
 .comment       0x00000000       0x8b Libraries\STM32F4xx_StdPeriph_Driver\src\stm32f4xx_tim.o
 .comment       0x00000000       0x8b Libraries\STM32F4xx_StdPeriph_Driver\src\stm32f4xx_syscfg.o
 .comment       0x00000000       0x8b Libraries\STM32F4xx_StdPeriph_Driver\src\stm32f4xx_spi.o
 .comment       0x00000000       0x8b Libraries\STM32F4xx_StdPeriph_Driver\src\stm32f4xx_sdio.o
 .comment       0x00000000       0x8b Libraries\STM32F4xx_StdPeriph_Driver\src\stm32f4xx_rtc.o
 .comment       0x00000000       0x8b Libraries\STM32F4xx_StdPeriph_Driver\src\stm32f4xx_rng.o
 .comment       0x00000000       0x8b Libraries\STM32F4xx_StdPeriph_Driver\src\stm32f4xx_rcc.o
 .comment       0x00000000       0x8b Libraries\STM32F4xx_StdPeriph_Driver\src\stm32f4xx_pwr.o
 .comment       0x00000000       0x8b Libraries\STM32F4xx_StdPeriph_Driver\src\stm32f4xx_iwdg.o
 .comment       0x00000000       0x8b Libraries\STM32F4xx_StdPeriph_Driver\src\stm32f4xx_i2c.o
 .comment       0x00000000       0x8b Libraries\STM32F4xx_StdPeriph_Driver\src\stm32f4xx_hash_sha1.o
 .comment       0x00000000       0x8b Libraries\STM32F4xx_StdPeriph_Driver\src\stm32f4xx_hash_md5.o
 .comment       0x00000000       0x8b Libraries\STM32F4xx_StdPeriph_Driver\src\stm32f4xx_hash.o
 .comment       0x00000000       0x8b Libraries\STM32F4xx_StdPeriph_Driver\src\stm32f4xx_gpio.o
 .comment       0x00000000       0x8b Libraries\STM32F4xx_StdPeriph_Driver\src\stm32f4xx_fsmc.o
 .comment       0x00000000       0x8b Libraries\STM32F4xx_StdPeriph_Driver\src\stm32f4xx_flash.o
 .comment       0x00000000       0x8b Libraries\STM32F4xx_StdPeriph_Driver\src\stm32f4xx_exti.o
 .comment       0x00000000       0x8b Libraries\STM32F4xx_StdPeriph_Driver\src\stm32f4xx_dma.o
 .comment       0x00000000       0x8b Libraries\STM32F4xx_StdPeriph_Driver\src\stm32f4xx_dcmi.o
 .comment       0x00000000       0x8b Libraries\STM32F4xx_StdPeriph_Driver\src\stm32f4xx_dbgmcu.o
 .comment       0x00000000       0x8b Libraries\STM32F4xx_StdPeriph_Driver\src\stm32f4xx_dac.o
 .comment       0x00000000       0x8b Libraries\STM32F4xx_StdPeriph_Driver\src\stm32f4xx_cryp_tdes.o
 .comment       0x00000000       0x8b Libraries\STM32F4xx_StdPeriph_Driver\src\stm32f4xx_cryp_des.o
 .comment       0x00000000       0x8b Libraries\STM32F4xx_StdPeriph_Driver\src\stm32f4xx_cryp_aes.o
 .comment       0x00000000       0x8b Libraries\STM32F4xx_StdPeriph_Driver\src\stm32f4xx_cryp.o
 .comment       0x00000000       0x8b Libraries\STM32F4xx_StdPeriph_Driver\src\stm32f4xx_crc.o
 .comment       0x00000000       0x8b Libraries\STM32F4xx_StdPeriph_Driver\src\stm32f4xx_can.o
 .comment       0x00000000       0x8b Libraries\STM32F4xx_StdPeriph_Driver\src\stm32f4xx_adc.o
 .comment       0x00000000       0x8b Libraries\STM32F4xx_StdPeriph_Driver\src\misc.o

.debug_frame    0x00000000     0x50e8
 .debug_frame   0x00000000       0xf4 src\tiny_printf.o
 .debug_frame   0x000000f4       0x64 src\system_stm32f4xx.o
 .debug_frame   0x00000158      0x224 src\syscalls.o
 .debug_frame   0x0000037c       0xf0 src\stm32f4xx_it.o
 .debug_frame   0x0000046c       0xd8 src\main.o
 .debug_frame   0x00000544       0x5c src\STM32F4-Discovery_callback.o
 .debug_frame   0x000005a0      0x190 Utilities\STM32F4-Discovery\stm32f4_discovery_lis302dl.o
 .debug_frame   0x00000730      0x438 Utilities\STM32F4-Discovery\stm32f4_discovery_audio_codec.o
 .debug_frame   0x00000b68       0xc4 Utilities\STM32F4-Discovery\stm32f4_discovery.o
 .debug_frame   0x00000c2c       0xe8 Libraries\STM32F4xx_StdPeriph_Driver\src\stm32f4xx_wwdg.o
 .debug_frame   0x00000d14      0x344 Libraries\STM32F4xx_StdPeriph_Driver\src\stm32f4xx_usart.o
 .debug_frame   0x00001058      0xa3c Libraries\STM32F4xx_StdPeriph_Driver\src\stm32f4xx_tim.o
 .debug_frame   0x00001a94       0xbc Libraries\STM32F4xx_StdPeriph_Driver\src\stm32f4xx_syscfg.o
 .debug_frame   0x00001b50      0x2d0 Libraries\STM32F4xx_StdPeriph_Driver\src\stm32f4xx_spi.o
 .debug_frame   0x00001e20      0x344 Libraries\STM32F4xx_StdPeriph_Driver\src\stm32f4xx_sdio.o
 .debug_frame   0x00002164      0x670 Libraries\STM32F4xx_StdPeriph_Driver\src\stm32f4xx_rtc.o
 .debug_frame   0x000027d4       0xec Libraries\STM32F4xx_StdPeriph_Driver\src\stm32f4xx_rng.o
 .debug_frame   0x000028c0      0x4d8 Libraries\STM32F4xx_StdPeriph_Driver\src\stm32f4xx_rcc.o
 .debug_frame   0x00002d98      0x15c Libraries\STM32F4xx_StdPeriph_Driver\src\stm32f4xx_pwr.o
 .debug_frame   0x00002ef4       0xb0 Libraries\STM32F4xx_StdPeriph_Driver\src\stm32f4xx_iwdg.o
 .debug_frame   0x00002fa4      0x3b4 Libraries\STM32F4xx_StdPeriph_Driver\src\stm32f4xx_i2c.o
 .debug_frame   0x00003358       0x50 Libraries\STM32F4xx_StdPeriph_Driver\src\stm32f4xx_hash_sha1.o
 .debug_frame   0x000033a8       0x50 Libraries\STM32F4xx_StdPeriph_Driver\src\stm32f4xx_hash_md5.o
 .debug_frame   0x000033f8      0x1e0 Libraries\STM32F4xx_StdPeriph_Driver\src\stm32f4xx_hash.o
 .debug_frame   0x000035d8      0x19c Libraries\STM32F4xx_StdPeriph_Driver\src\stm32f4xx_gpio.o
 .debug_frame   0x00003774      0x220 Libraries\STM32F4xx_StdPeriph_Driver\src\stm32f4xx_fsmc.o
 .debug_frame   0x00003994      0x360 Libraries\STM32F4xx_StdPeriph_Driver\src\stm32f4xx_flash.o
 .debug_frame   0x00003cf4       0xec Libraries\STM32F4xx_StdPeriph_Driver\src\stm32f4xx_exti.o
 .debug_frame   0x00003de0      0x224 Libraries\STM32F4xx_StdPeriph_Driver\src\stm32f4xx_dma.o
 .debug_frame   0x00004004      0x1ac Libraries\STM32F4xx_StdPeriph_Driver\src\stm32f4xx_dcmi.o
 .debug_frame   0x000041b0       0x94 Libraries\STM32F4xx_StdPeriph_Driver\src\stm32f4xx_dbgmcu.o
 .debug_frame   0x00004244      0x1ec Libraries\STM32F4xx_StdPeriph_Driver\src\stm32f4xx_dac.o
 .debug_frame   0x00004430       0x50 Libraries\STM32F4xx_StdPeriph_Driver\src\stm32f4xx_cryp_tdes.o
 .debug_frame   0x00004480       0x50 Libraries\STM32F4xx_StdPeriph_Driver\src\stm32f4xx_cryp_des.o
 .debug_frame   0x000044d0       0x70 Libraries\STM32F4xx_StdPeriph_Driver\src\stm32f4xx_cryp_aes.o
 .debug_frame   0x00004540      0x1e4 Libraries\STM32F4xx_StdPeriph_Driver\src\stm32f4xx_cryp.o
 .debug_frame   0x00004724       0xac Libraries\STM32F4xx_StdPeriph_Driver\src\stm32f4xx_crc.o
 .debug_frame   0x000047d0      0x2d4 Libraries\STM32F4xx_StdPeriph_Driver\src\stm32f4xx_can.o
 .debug_frame   0x00004aa4      0x434 Libraries\STM32F4xx_StdPeriph_Driver\src\stm32f4xx_adc.o
 .debug_frame   0x00004ed8       0x9c Libraries\STM32F4xx_StdPeriph_Driver\src\misc.o
 .debug_frame   0x00004f74       0x2c m:/atollic/truestudio for arm lite 3.1.0/armtools/bin/../lib/gcc/arm-atollic-eabi/4.6.2/../../../../arm-atollic-eabi/lib/thumb/softfp/armv7e-m/fpv4-sp-d16\libc.a(lib_a-init.o)
 .debug_frame   0x00004fa0       0x68 m:/atollic/truestudio for arm lite 3.1.0/armtools/bin/../lib/gcc/arm-atollic-eabi/4.6.2/../../../../arm-atollic-eabi/lib/thumb/softfp/armv7e-m/fpv4-sp-d16\libc.a(lib_a-reent.o)
 .debug_frame   0x00005008       0x50 m:/atollic/truestudio for arm lite 3.1.0/armtools/bin/../lib/gcc/arm-atollic-eabi/4.6.2/../../../../arm-atollic-eabi/lib/thumb/softfp/armv7e-m/fpv4-sp-d16\libc.a(lib_a-freer.o)
 .debug_frame   0x00005058       0x34 m:/atollic/truestudio for arm lite 3.1.0/armtools/bin/../lib/gcc/arm-atollic-eabi/4.6.2/../../../../arm-atollic-eabi/lib/thumb/softfp/armv7e-m/fpv4-sp-d16\libc.a(lib_a-mallocr.o)
 .debug_frame   0x0000508c       0x30 m:/atollic/truestudio for arm lite 3.1.0/armtools/bin/../lib/gcc/arm-atollic-eabi/4.6.2/../../../../arm-atollic-eabi/lib/thumb/softfp/armv7e-m/fpv4-sp-d16\libc.a(lib_a-mlock.o)
 .debug_frame   0x000050bc       0x2c m:/atollic/truestudio for arm lite 3.1.0/armtools/bin/../lib/gcc/arm-atollic-eabi/4.6.2/../../../../arm-atollic-eabi/lib/thumb/softfp/armv7e-m/fpv4-sp-d16\libc.a(lib_a-sbrkr.o)

Cross Reference Table

Symbol                                            File
ADC_AnalogWatchdogCmd                             Libraries\STM32F4xx_StdPeriph_Driver\src\stm32f4xx_adc.o
ADC_AnalogWatchdogSingleChannelConfig             Libraries\STM32F4xx_StdPeriph_Driver\src\stm32f4xx_adc.o
ADC_AnalogWatchdogThresholdsConfig                Libraries\STM32F4xx_StdPeriph_Driver\src\stm32f4xx_adc.o
ADC_AutoInjectedConvCmd                           Libraries\STM32F4xx_StdPeriph_Driver\src\stm32f4xx_adc.o
ADC_ClearFlag                                     Libraries\STM32F4xx_StdPeriph_Driver\src\stm32f4xx_adc.o
ADC_ClearITPendingBit                             Libraries\STM32F4xx_StdPeriph_Driver\src\stm32f4xx_adc.o
ADC_Cmd                                           Libraries\STM32F4xx_StdPeriph_Driver\src\stm32f4xx_adc.o
ADC_CommonInit                                    Libraries\STM32F4xx_StdPeriph_Driver\src\stm32f4xx_adc.o
ADC_CommonStructInit                              Libraries\STM32F4xx_StdPeriph_Driver\src\stm32f4xx_adc.o
ADC_ContinuousModeCmd                             Libraries\STM32F4xx_StdPeriph_Driver\src\stm32f4xx_adc.o
ADC_DMACmd                                        Libraries\STM32F4xx_StdPeriph_Driver\src\stm32f4xx_adc.o
ADC_DMARequestAfterLastTransferCmd                Libraries\STM32F4xx_StdPeriph_Driver\src\stm32f4xx_adc.o
ADC_DeInit                                        Libraries\STM32F4xx_StdPeriph_Driver\src\stm32f4xx_adc.o
ADC_DiscModeChannelCountConfig                    Libraries\STM32F4xx_StdPeriph_Driver\src\stm32f4xx_adc.o
ADC_DiscModeCmd                                   Libraries\STM32F4xx_StdPeriph_Driver\src\stm32f4xx_adc.o
ADC_EOCOnEachRegularChannelCmd                    Libraries\STM32F4xx_StdPeriph_Driver\src\stm32f4xx_adc.o
ADC_ExternalTrigInjectedConvConfig                Libraries\STM32F4xx_StdPeriph_Driver\src\stm32f4xx_adc.o
ADC_ExternalTrigInjectedConvEdgeConfig            Libraries\STM32F4xx_StdPeriph_Driver\src\stm32f4xx_adc.o
ADC_GetConversionValue                            Libraries\STM32F4xx_StdPeriph_Driver\src\stm32f4xx_adc.o
ADC_GetFlagStatus                                 Libraries\STM32F4xx_StdPeriph_Driver\src\stm32f4xx_adc.o
ADC_GetITStatus                                   Libraries\STM32F4xx_StdPeriph_Driver\src\stm32f4xx_adc.o
ADC_GetInjectedConversionValue                    Libraries\STM32F4xx_StdPeriph_Driver\src\stm32f4xx_adc.o
ADC_GetMultiModeConversionValue                   Libraries\STM32F4xx_StdPeriph_Driver\src\stm32f4xx_adc.o
ADC_GetSoftwareStartConvStatus                    Libraries\STM32F4xx_StdPeriph_Driver\src\stm32f4xx_adc.o
ADC_GetSoftwareStartInjectedConvCmdStatus         Libraries\STM32F4xx_StdPeriph_Driver\src\stm32f4xx_adc.o
ADC_IRQHandler                                    src\startup_stm32f4xx.o
ADC_ITConfig                                      Libraries\STM32F4xx_StdPeriph_Driver\src\stm32f4xx_adc.o
ADC_Init                                          Libraries\STM32F4xx_StdPeriph_Driver\src\stm32f4xx_adc.o
ADC_InjectedChannelConfig                         Libraries\STM32F4xx_StdPeriph_Driver\src\stm32f4xx_adc.o
ADC_InjectedDiscModeCmd                           Libraries\STM32F4xx_StdPeriph_Driver\src\stm32f4xx_adc.o
ADC_InjectedSequencerLengthConfig                 Libraries\STM32F4xx_StdPeriph_Driver\src\stm32f4xx_adc.o
ADC_MultiModeDMARequestAfterLastTransferCmd       Libraries\STM32F4xx_StdPeriph_Driver\src\stm32f4xx_adc.o
ADC_RegularChannelConfig                          Libraries\STM32F4xx_StdPeriph_Driver\src\stm32f4xx_adc.o
ADC_SetInjectedOffset                             Libraries\STM32F4xx_StdPeriph_Driver\src\stm32f4xx_adc.o
ADC_SoftwareStartConv                             Libraries\STM32F4xx_StdPeriph_Driver\src\stm32f4xx_adc.o
ADC_SoftwareStartInjectedConv                     Libraries\STM32F4xx_StdPeriph_Driver\src\stm32f4xx_adc.o
ADC_StructInit                                    Libraries\STM32F4xx_StdPeriph_Driver\src\stm32f4xx_adc.o
ADC_TempSensorVrefintCmd                          Libraries\STM32F4xx_StdPeriph_Driver\src\stm32f4xx_adc.o
ADC_VBATCmd                                       Libraries\STM32F4xx_StdPeriph_Driver\src\stm32f4xx_adc.o
AHBPrescTable                                     src\system_stm32f4xx.o
AUDIO_MAL_DMA_CHANNEL                             Utilities\STM32F4-Discovery\stm32f4_discovery_audio_codec.o
AUDIO_MAL_DMA_CLOCK                               Utilities\STM32F4-Discovery\stm32f4_discovery_audio_codec.o
AUDIO_MAL_DMA_DREG                                Utilities\STM32F4-Discovery\stm32f4_discovery_audio_codec.o
AUDIO_MAL_DMA_FLAG_DME                            Utilities\STM32F4-Discovery\stm32f4_discovery_audio_codec.o
AUDIO_MAL_DMA_FLAG_FE                             Utilities\STM32F4-Discovery\stm32f4_discovery_audio_codec.o
AUDIO_MAL_DMA_FLAG_HT                             Utilities\STM32F4-Discovery\stm32f4_discovery_audio_codec.o
AUDIO_MAL_DMA_FLAG_TC                             Utilities\STM32F4-Discovery\stm32f4_discovery_audio_codec.o
AUDIO_MAL_DMA_FLAG_TE                             Utilities\STM32F4-Discovery\stm32f4_discovery_audio_codec.o
AUDIO_MAL_DMA_IRQ                                 Utilities\STM32F4-Discovery\stm32f4_discovery_audio_codec.o
AUDIO_MAL_DMA_InitStructure                       Utilities\STM32F4-Discovery\stm32f4_discovery_audio_codec.o
AUDIO_MAL_DMA_STREAM                              Utilities\STM32F4-Discovery\stm32f4_discovery_audio_codec.o
AudioRemSize                                      Utilities\STM32F4-Discovery\stm32f4_discovery_audio_codec.o
AudioTotalSize                                    Utilities\STM32F4-Discovery\stm32f4_discovery_audio_codec.o
Audio_MAL_Play                                    Utilities\STM32F4-Discovery\stm32f4_discovery_audio_codec.o
BUTTON_CLK                                        Utilities\STM32F4-Discovery\stm32f4_discovery.o
BUTTON_EXTI_LINE                                  Utilities\STM32F4-Discovery\stm32f4_discovery.o
BUTTON_IRQn                                       Utilities\STM32F4-Discovery\stm32f4_discovery.o
BUTTON_PIN                                        Utilities\STM32F4-Discovery\stm32f4_discovery.o
BUTTON_PIN_SOURCE                                 Utilities\STM32F4-Discovery\stm32f4_discovery.o
BUTTON_PORT                                       Utilities\STM32F4-Discovery\stm32f4_discovery.o
BUTTON_PORT_SOURCE                                Utilities\STM32F4-Discovery\stm32f4_discovery.o
Buffer                                            src\main.o
                                                  src\stm32f4xx_it.o
BusFault_Handler                                  src\stm32f4xx_it.o
CAN1_RX0_IRQHandler                               src\startup_stm32f4xx.o
CAN1_RX1_IRQHandler                               src\startup_stm32f4xx.o
CAN1_SCE_IRQHandler                               src\startup_stm32f4xx.o
CAN1_TX_IRQHandler                                src\startup_stm32f4xx.o
CAN2_RX0_IRQHandler                               src\startup_stm32f4xx.o
CAN2_RX1_IRQHandler                               src\startup_stm32f4xx.o
CAN2_SCE_IRQHandler                               src\startup_stm32f4xx.o
CAN2_TX_IRQHandler                                src\startup_stm32f4xx.o
CAN_CancelTransmit                                Libraries\STM32F4xx_StdPeriph_Driver\src\stm32f4xx_can.o
CAN_ClearFlag                                     Libraries\STM32F4xx_StdPeriph_Driver\src\stm32f4xx_can.o
CAN_ClearITPendingBit                             Libraries\STM32F4xx_StdPeriph_Driver\src\stm32f4xx_can.o
CAN_DBGFreeze                                     Libraries\STM32F4xx_StdPeriph_Driver\src\stm32f4xx_can.o
CAN_DeInit                                        Libraries\STM32F4xx_StdPeriph_Driver\src\stm32f4xx_can.o
CAN_FIFORelease                                   Libraries\STM32F4xx_StdPeriph_Driver\src\stm32f4xx_can.o
CAN_FilterInit                                    Libraries\STM32F4xx_StdPeriph_Driver\src\stm32f4xx_can.o
CAN_GetFlagStatus                                 Libraries\STM32F4xx_StdPeriph_Driver\src\stm32f4xx_can.o
CAN_GetITStatus                                   Libraries\STM32F4xx_StdPeriph_Driver\src\stm32f4xx_can.o
CAN_GetLSBTransmitErrorCounter                    Libraries\STM32F4xx_StdPeriph_Driver\src\stm32f4xx_can.o
CAN_GetLastErrorCode                              Libraries\STM32F4xx_StdPeriph_Driver\src\stm32f4xx_can.o
CAN_GetReceiveErrorCounter                        Libraries\STM32F4xx_StdPeriph_Driver\src\stm32f4xx_can.o
CAN_ITConfig                                      Libraries\STM32F4xx_StdPeriph_Driver\src\stm32f4xx_can.o
CAN_Init                                          Libraries\STM32F4xx_StdPeriph_Driver\src\stm32f4xx_can.o
CAN_MessagePending                                Libraries\STM32F4xx_StdPeriph_Driver\src\stm32f4xx_can.o
CAN_OperatingModeRequest                          Libraries\STM32F4xx_StdPeriph_Driver\src\stm32f4xx_can.o
CAN_Receive                                       Libraries\STM32F4xx_StdPeriph_Driver\src\stm32f4xx_can.o
CAN_SlaveStartBank                                Libraries\STM32F4xx_StdPeriph_Driver\src\stm32f4xx_can.o
CAN_Sleep                                         Libraries\STM32F4xx_StdPeriph_Driver\src\stm32f4xx_can.o
CAN_StructInit                                    Libraries\STM32F4xx_StdPeriph_Driver\src\stm32f4xx_can.o
CAN_TTComModeCmd                                  Libraries\STM32F4xx_StdPeriph_Driver\src\stm32f4xx_can.o
CAN_Transmit                                      Libraries\STM32F4xx_StdPeriph_Driver\src\stm32f4xx_can.o
CAN_TransmitStatus                                Libraries\STM32F4xx_StdPeriph_Driver\src\stm32f4xx_can.o
CAN_WakeUp                                        Libraries\STM32F4xx_StdPeriph_Driver\src\stm32f4xx_can.o
CODECTimeout                                      Utilities\STM32F4-Discovery\stm32f4_discovery_audio_codec.o
CRC_CalcBlockCRC                                  Libraries\STM32F4xx_StdPeriph_Driver\src\stm32f4xx_crc.o
CRC_CalcCRC                                       Libraries\STM32F4xx_StdPeriph_Driver\src\stm32f4xx_crc.o
CRC_GetCRC                                        Libraries\STM32F4xx_StdPeriph_Driver\src\stm32f4xx_crc.o
CRC_GetIDRegister                                 Libraries\STM32F4xx_StdPeriph_Driver\src\stm32f4xx_crc.o
CRC_ResetDR                                       Libraries\STM32F4xx_StdPeriph_Driver\src\stm32f4xx_crc.o
CRC_SetIDRegister                                 Libraries\STM32F4xx_StdPeriph_Driver\src\stm32f4xx_crc.o
CRYP_AES_CBC                                      Libraries\STM32F4xx_StdPeriph_Driver\src\stm32f4xx_cryp_aes.o
CRYP_AES_CTR                                      Libraries\STM32F4xx_StdPeriph_Driver\src\stm32f4xx_cryp_aes.o
CRYP_AES_ECB                                      Libraries\STM32F4xx_StdPeriph_Driver\src\stm32f4xx_cryp_aes.o
CRYP_Cmd                                          Libraries\STM32F4xx_StdPeriph_Driver\src\stm32f4xx_cryp.o
                                                  Libraries\STM32F4xx_StdPeriph_Driver\src\stm32f4xx_cryp_aes.o
                                                  Libraries\STM32F4xx_StdPeriph_Driver\src\stm32f4xx_cryp_des.o
                                                  Libraries\STM32F4xx_StdPeriph_Driver\src\stm32f4xx_cryp_tdes.o
CRYP_DES_CBC                                      Libraries\STM32F4xx_StdPeriph_Driver\src\stm32f4xx_cryp_des.o
CRYP_DES_ECB                                      Libraries\STM32F4xx_StdPeriph_Driver\src\stm32f4xx_cryp_des.o
CRYP_DMACmd                                       Libraries\STM32F4xx_StdPeriph_Driver\src\stm32f4xx_cryp.o
CRYP_DataIn                                       Libraries\STM32F4xx_StdPeriph_Driver\src\stm32f4xx_cryp.o
                                                  Libraries\STM32F4xx_StdPeriph_Driver\src\stm32f4xx_cryp_aes.o
                                                  Libraries\STM32F4xx_StdPeriph_Driver\src\stm32f4xx_cryp_des.o
                                                  Libraries\STM32F4xx_StdPeriph_Driver\src\stm32f4xx_cryp_tdes.o
CRYP_DataOut                                      Libraries\STM32F4xx_StdPeriph_Driver\src\stm32f4xx_cryp.o
                                                  Libraries\STM32F4xx_StdPeriph_Driver\src\stm32f4xx_cryp_aes.o
                                                  Libraries\STM32F4xx_StdPeriph_Driver\src\stm32f4xx_cryp_des.o
                                                  Libraries\STM32F4xx_StdPeriph_Driver\src\stm32f4xx_cryp_tdes.o
CRYP_DeInit                                       Libraries\STM32F4xx_StdPeriph_Driver\src\stm32f4xx_cryp.o
CRYP_FIFOFlush                                    Libraries\STM32F4xx_StdPeriph_Driver\src\stm32f4xx_cryp.o
                                                  Libraries\STM32F4xx_StdPeriph_Driver\src\stm32f4xx_cryp_aes.o
                                                  Libraries\STM32F4xx_StdPeriph_Driver\src\stm32f4xx_cryp_des.o
                                                  Libraries\STM32F4xx_StdPeriph_Driver\src\stm32f4xx_cryp_tdes.o
CRYP_GetFlagStatus                                Libraries\STM32F4xx_StdPeriph_Driver\src\stm32f4xx_cryp.o
                                                  Libraries\STM32F4xx_StdPeriph_Driver\src\stm32f4xx_cryp_aes.o
                                                  Libraries\STM32F4xx_StdPeriph_Driver\src\stm32f4xx_cryp_des.o
                                                  Libraries\STM32F4xx_StdPeriph_Driver\src\stm32f4xx_cryp_tdes.o
CRYP_GetITStatus                                  Libraries\STM32F4xx_StdPeriph_Driver\src\stm32f4xx_cryp.o
CRYP_IRQHandler                                   src\startup_stm32f4xx.o
CRYP_ITConfig                                     Libraries\STM32F4xx_StdPeriph_Driver\src\stm32f4xx_cryp.o
CRYP_IVInit                                       Libraries\STM32F4xx_StdPeriph_Driver\src\stm32f4xx_cryp.o
                                                  Libraries\STM32F4xx_StdPeriph_Driver\src\stm32f4xx_cryp_aes.o
                                                  Libraries\STM32F4xx_StdPeriph_Driver\src\stm32f4xx_cryp_des.o
                                                  Libraries\STM32F4xx_StdPeriph_Driver\src\stm32f4xx_cryp_tdes.o
CRYP_IVStructInit                                 Libraries\STM32F4xx_StdPeriph_Driver\src\stm32f4xx_cryp.o
CRYP_Init                                         Libraries\STM32F4xx_StdPeriph_Driver\src\stm32f4xx_cryp.o
                                                  Libraries\STM32F4xx_StdPeriph_Driver\src\stm32f4xx_cryp_aes.o
                                                  Libraries\STM32F4xx_StdPeriph_Driver\src\stm32f4xx_cryp_des.o
                                                  Libraries\STM32F4xx_StdPeriph_Driver\src\stm32f4xx_cryp_tdes.o
CRYP_KeyInit                                      Libraries\STM32F4xx_StdPeriph_Driver\src\stm32f4xx_cryp.o
                                                  Libraries\STM32F4xx_StdPeriph_Driver\src\stm32f4xx_cryp_aes.o
                                                  Libraries\STM32F4xx_StdPeriph_Driver\src\stm32f4xx_cryp_des.o
                                                  Libraries\STM32F4xx_StdPeriph_Driver\src\stm32f4xx_cryp_tdes.o
CRYP_KeyStructInit                                Libraries\STM32F4xx_StdPeriph_Driver\src\stm32f4xx_cryp.o
                                                  Libraries\STM32F4xx_StdPeriph_Driver\src\stm32f4xx_cryp_aes.o
                                                  Libraries\STM32F4xx_StdPeriph_Driver\src\stm32f4xx_cryp_des.o
                                                  Libraries\STM32F4xx_StdPeriph_Driver\src\stm32f4xx_cryp_tdes.o
CRYP_RestoreContext                               Libraries\STM32F4xx_StdPeriph_Driver\src\stm32f4xx_cryp.o
CRYP_SaveContext                                  Libraries\STM32F4xx_StdPeriph_Driver\src\stm32f4xx_cryp.o
CRYP_StructInit                                   Libraries\STM32F4xx_StdPeriph_Driver\src\stm32f4xx_cryp.o
CRYP_TDES_CBC                                     Libraries\STM32F4xx_StdPeriph_Driver\src\stm32f4xx_cryp_tdes.o
CRYP_TDES_ECB                                     Libraries\STM32F4xx_StdPeriph_Driver\src\stm32f4xx_cryp_tdes.o
ClickReg                                          src\stm32f4xx_it.o
                                                  src\main.o
Codec_TIMEOUT_UserCallback                        Utilities\STM32F4-Discovery\stm32f4_discovery_audio_codec.o
Counter                                           src\stm32f4xx_it.o
CurrAudioInterface                                Utilities\STM32F4-Discovery\stm32f4_discovery_audio_codec.o
CurrentPos                                        Utilities\STM32F4-Discovery\stm32f4_discovery_audio_codec.o
DAC_ClearFlag                                     Libraries\STM32F4xx_StdPeriph_Driver\src\stm32f4xx_dac.o
DAC_ClearITPendingBit                             Libraries\STM32F4xx_StdPeriph_Driver\src\stm32f4xx_dac.o
DAC_Cmd                                           Libraries\STM32F4xx_StdPeriph_Driver\src\stm32f4xx_dac.o
                                                  Utilities\STM32F4-Discovery\stm32f4_discovery_audio_codec.o
DAC_Config                                        Utilities\STM32F4-Discovery\stm32f4_discovery_audio_codec.o
DAC_DMACmd                                        Libraries\STM32F4xx_StdPeriph_Driver\src\stm32f4xx_dac.o
DAC_DeInit                                        Libraries\STM32F4xx_StdPeriph_Driver\src\stm32f4xx_dac.o
DAC_DualSoftwareTriggerCmd                        Libraries\STM32F4xx_StdPeriph_Driver\src\stm32f4xx_dac.o
DAC_GetDataOutputValue                            Libraries\STM32F4xx_StdPeriph_Driver\src\stm32f4xx_dac.o
DAC_GetFlagStatus                                 Libraries\STM32F4xx_StdPeriph_Driver\src\stm32f4xx_dac.o
DAC_GetITStatus                                   Libraries\STM32F4xx_StdPeriph_Driver\src\stm32f4xx_dac.o
DAC_ITConfig                                      Libraries\STM32F4xx_StdPeriph_Driver\src\stm32f4xx_dac.o
DAC_Init                                          Libraries\STM32F4xx_StdPeriph_Driver\src\stm32f4xx_dac.o
                                                  Utilities\STM32F4-Discovery\stm32f4_discovery_audio_codec.o
DAC_SetChannel1Data                               Libraries\STM32F4xx_StdPeriph_Driver\src\stm32f4xx_dac.o
                                                  Utilities\STM32F4-Discovery\stm32f4_discovery_audio_codec.o
DAC_SetChannel2Data                               Libraries\STM32F4xx_StdPeriph_Driver\src\stm32f4xx_dac.o
DAC_SetDualChannelData                            Libraries\STM32F4xx_StdPeriph_Driver\src\stm32f4xx_dac.o
DAC_SoftwareTriggerCmd                            Libraries\STM32F4xx_StdPeriph_Driver\src\stm32f4xx_dac.o
DAC_StructInit                                    Libraries\STM32F4xx_StdPeriph_Driver\src\stm32f4xx_dac.o
DAC_WaveGenerationCmd                             Libraries\STM32F4xx_StdPeriph_Driver\src\stm32f4xx_dac.o
DBGMCU_APB1PeriphConfig                           Libraries\STM32F4xx_StdPeriph_Driver\src\stm32f4xx_dbgmcu.o
DBGMCU_APB2PeriphConfig                           Libraries\STM32F4xx_StdPeriph_Driver\src\stm32f4xx_dbgmcu.o
DBGMCU_Config                                     Libraries\STM32F4xx_StdPeriph_Driver\src\stm32f4xx_dbgmcu.o
DBGMCU_GetDEVID                                   Libraries\STM32F4xx_StdPeriph_Driver\src\stm32f4xx_dbgmcu.o
DBGMCU_GetREVID                                   Libraries\STM32F4xx_StdPeriph_Driver\src\stm32f4xx_dbgmcu.o
DCMI_CROPCmd                                      Libraries\STM32F4xx_StdPeriph_Driver\src\stm32f4xx_dcmi.o
DCMI_CROPConfig                                   Libraries\STM32F4xx_StdPeriph_Driver\src\stm32f4xx_dcmi.o
DCMI_CaptureCmd                                   Libraries\STM32F4xx_StdPeriph_Driver\src\stm32f4xx_dcmi.o
DCMI_ClearFlag                                    Libraries\STM32F4xx_StdPeriph_Driver\src\stm32f4xx_dcmi.o
DCMI_ClearITPendingBit                            Libraries\STM32F4xx_StdPeriph_Driver\src\stm32f4xx_dcmi.o
DCMI_Cmd                                          Libraries\STM32F4xx_StdPeriph_Driver\src\stm32f4xx_dcmi.o
DCMI_DeInit                                       Libraries\STM32F4xx_StdPeriph_Driver\src\stm32f4xx_dcmi.o
DCMI_GetFlagStatus                                Libraries\STM32F4xx_StdPeriph_Driver\src\stm32f4xx_dcmi.o
DCMI_GetITStatus                                  Libraries\STM32F4xx_StdPeriph_Driver\src\stm32f4xx_dcmi.o
DCMI_IRQHandler                                   src\startup_stm32f4xx.o
DCMI_ITConfig                                     Libraries\STM32F4xx_StdPeriph_Driver\src\stm32f4xx_dcmi.o
DCMI_Init                                         Libraries\STM32F4xx_StdPeriph_Driver\src\stm32f4xx_dcmi.o
DCMI_JPEGCmd                                      Libraries\STM32F4xx_StdPeriph_Driver\src\stm32f4xx_dcmi.o
DCMI_ReadData                                     Libraries\STM32F4xx_StdPeriph_Driver\src\stm32f4xx_dcmi.o
DCMI_SetEmbeddedSynchroCodes                      Libraries\STM32F4xx_StdPeriph_Driver\src\stm32f4xx_dcmi.o
DCMI_StructInit                                   Libraries\STM32F4xx_StdPeriph_Driver\src\stm32f4xx_dcmi.o
DMA1_Stream0_IRQHandler                           Utilities\STM32F4-Discovery\stm32f4_discovery_audio_codec.o
                                                  src\startup_stm32f4xx.o
DMA1_Stream1_IRQHandler                           src\startup_stm32f4xx.o
DMA1_Stream2_IRQHandler                           src\startup_stm32f4xx.o
DMA1_Stream3_IRQHandler                           src\startup_stm32f4xx.o
DMA1_Stream4_IRQHandler                           src\startup_stm32f4xx.o
DMA1_Stream5_IRQHandler                           src\startup_stm32f4xx.o
DMA1_Stream6_IRQHandler                           src\startup_stm32f4xx.o
DMA1_Stream7_IRQHandler                           Utilities\STM32F4-Discovery\stm32f4_discovery_audio_codec.o
                                                  src\startup_stm32f4xx.o
DMA2_Stream0_IRQHandler                           src\startup_stm32f4xx.o