Archive member included because of file (symbol)

m:/atollic/truestudio for arm lite 3.1.0/armtools/bin/../lib/gcc/arm-atollic-eabi/4.6.2/../../../../arm-atollic-eabi/lib/thumb/softfp/armv7e-m/fpv4-sp-d16\libc.a(lib_a-init.o)
                              src\startup_stm32f4xx.o (__libc_init_array)
m:/atollic/truestudio for arm lite 3.1.0/armtools/bin/../lib/gcc/arm-atollic-eabi/4.6.2/../../../../arm-atollic-eabi/lib/thumb/softfp/armv7e-m/fpv4-sp-d16\libc.a(lib_a-printf.o)
                              src\main.o (printf)
m:/atollic/truestudio for arm lite 3.1.0/armtools/bin/../lib/gcc/arm-atollic-eabi/4.6.2/../../../../arm-atollic-eabi/lib/thumb/softfp/armv7e-m/fpv4-sp-d16\libc.a(lib_a-vfprintf.o)
                              m:/atollic/truestudio for arm lite 3.1.0/armtools/bin/../lib/gcc/arm-atollic-eabi/4.6.2/../../../../arm-atollic-eabi/lib/thumb/softfp/armv7e-m/fpv4-sp-d16\libc.a(lib_a-printf.o) (_vfprintf_r)
m:/atollic/truestudio for arm lite 3.1.0/armtools/bin/../lib/gcc/arm-atollic-eabi/4.6.2/../../../../arm-atollic-eabi/lib/thumb/softfp/armv7e-m/fpv4-sp-d16\libc.a(lib_a-wsetup.o)
                              m:/atollic/truestudio for arm lite 3.1.0/armtools/bin/../lib/gcc/arm-atollic-eabi/4.6.2/../../../../arm-atollic-eabi/lib/thumb/softfp/armv7e-m/fpv4-sp-d16\libc.a(lib_a-vfprintf.o) (__swsetup_r)
m:/atollic/truestudio for arm lite 3.1.0/armtools/bin/../lib/gcc/arm-atollic-eabi/4.6.2/../../../../arm-atollic-eabi/lib/thumb/softfp/armv7e-m/fpv4-sp-d16\libc.a(lib_a-dtoa.o)
                              m:/atollic/truestudio for arm lite 3.1.0/armtools/bin/../lib/gcc/arm-atollic-eabi/4.6.2/../../../../arm-atollic-eabi/lib/thumb/softfp/armv7e-m/fpv4-sp-d16\libc.a(lib_a-vfprintf.o) (_dtoa_r)
m:/atollic/truestudio for arm lite 3.1.0/armtools/bin/../lib/gcc/arm-atollic-eabi/4.6.2/../../../../arm-atollic-eabi/lib/thumb/softfp/armv7e-m/fpv4-sp-d16\libc.a(lib_a-fflush.o)
                              m:/atollic/truestudio for arm lite 3.1.0/armtools/bin/../lib/gcc/arm-atollic-eabi/4.6.2/../../../../arm-atollic-eabi/lib/thumb/softfp/armv7e-m/fpv4-sp-d16\libc.a(lib_a-vfprintf.o) (_fflush_r)
m:/atollic/truestudio for arm lite 3.1.0/armtools/bin/../lib/gcc/arm-atollic-eabi/4.6.2/../../../../arm-atollic-eabi/lib/thumb/softfp/armv7e-m/fpv4-sp-d16\libc.a(lib_a-findfp.o)
                              m:/atollic/truestudio for arm lite 3.1.0/armtools/bin/../lib/gcc/arm-atollic-eabi/4.6.2/../../../../arm-atollic-eabi/lib/thumb/softfp/armv7e-m/fpv4-sp-d16\libc.a(lib_a-printf.o) (__sinit)
m:/atollic/truestudio for arm lite 3.1.0/armtools/bin/../lib/gcc/arm-atollic-eabi/4.6.2/../../../../arm-atollic-eabi/lib/thumb/softfp/armv7e-m/fpv4-sp-d16\libc.a(lib_a-freer.o)
                              m:/atollic/truestudio for arm lite 3.1.0/armtools/bin/../lib/gcc/arm-atollic-eabi/4.6.2/../../../../arm-atollic-eabi/lib/thumb/softfp/armv7e-m/fpv4-sp-d16\libc.a(lib_a-wsetup.o) (_free_r)
m:/atollic/truestudio for arm lite 3.1.0/armtools/bin/../lib/gcc/arm-atollic-eabi/4.6.2/../../../../arm-atollic-eabi/lib/thumb/softfp/armv7e-m/fpv4-sp-d16\libc.a(lib_a-fwalk.o)
                              m:/atollic/truestudio for arm lite 3.1.0/armtools/bin/../lib/gcc/arm-atollic-eabi/4.6.2/../../../../arm-atollic-eabi/lib/thumb/softfp/armv7e-m/fpv4-sp-d16\libc.a(lib_a-findfp.o) (_fwalk)
m:/atollic/truestudio for arm lite 3.1.0/armtools/bin/../lib/gcc/arm-atollic-eabi/4.6.2/../../../../arm-atollic-eabi/lib/thumb/softfp/armv7e-m/fpv4-sp-d16\libc.a(lib_a-impure.o)
                              m:/atollic/truestudio for arm lite 3.1.0/armtools/bin/../lib/gcc/arm-atollic-eabi/4.6.2/../../../../arm-atollic-eabi/lib/thumb/softfp/armv7e-m/fpv4-sp-d16\libc.a(lib_a-fflush.o) (_global_impure_ptr)
m:/atollic/truestudio for arm lite 3.1.0/armtools/bin/../lib/gcc/arm-atollic-eabi/4.6.2/../../../../arm-atollic-eabi/lib/thumb/softfp/armv7e-m/fpv4-sp-d16\libc.a(lib_a-locale.o)
                              m:/atollic/truestudio for arm lite 3.1.0/armtools/bin/../lib/gcc/arm-atollic-eabi/4.6.2/../../../../arm-atollic-eabi/lib/thumb/softfp/armv7e-m/fpv4-sp-d16\libc.a(lib_a-vfprintf.o) (_localeconv_r)
m:/atollic/truestudio for arm lite 3.1.0/armtools/bin/../lib/gcc/arm-atollic-eabi/4.6.2/../../../../arm-atollic-eabi/lib/thumb/softfp/armv7e-m/fpv4-sp-d16\libc.a(lib_a-makebuf.o)
                              m:/atollic/truestudio for arm lite 3.1.0/armtools/bin/../lib/gcc/arm-atollic-eabi/4.6.2/../../../../arm-atollic-eabi/lib/thumb/softfp/armv7e-m/fpv4-sp-d16\libc.a(lib_a-wsetup.o) (__smakebuf_r)
m:/atollic/truestudio for arm lite 3.1.0/armtools/bin/../lib/gcc/arm-atollic-eabi/4.6.2/../../../../arm-atollic-eabi/lib/thumb/softfp/armv7e-m/fpv4-sp-d16\libc.a(lib_a-malloc.o)
                              m:/atollic/truestudio for arm lite 3.1.0/armtools/bin/../lib/gcc/arm-atollic-eabi/4.6.2/../../../../arm-atollic-eabi/lib/thumb/softfp/armv7e-m/fpv4-sp-d16\libc.a(lib_a-dtoa.o) (malloc)
[...]
Memory Configuration

Name             Origin             Length             Attributes
FLASH            0x08000000         0x00100000         xr
RAM              0x20000000         0x00020000         xrw
MEMORY_B1        0x60000000         0x00000000         xr
CCMRAM           0x10000000         0x00010000         rw
*default*        0x00000000         0xffffffff

Linker script and memory map

LOAD m:/atollic/truestudio for arm lite 3.1.0/armtools/bin/../lib/gcc/arm-atollic-eabi/4.6.2/thumb/softfp/armv7e-m/fpv4-sp-d16/crti.o
LOAD m:/atollic/truestudio for arm lite 3.1.0/armtools/bin/../lib/gcc/arm-atollic-eabi/4.6.2/thumb/softfp/armv7e-m/fpv4-sp-d16/crtbegin.o
LOAD src\system_stm32f4xx.o
LOAD src\stm32f4xx_it.o
LOAD src\startup_stm32f4xx.o
LOAD src\main.o
LOAD Utilities\STM32_EVAL\stm32f4_discovery_lis302dl.o
LOAD Utilities\STM32_EVAL\stm32f4_discovery.o
LOAD Libraries\STM32F4xx_StdPeriph_Driver\src\stm32f4xx_wwdg.o
LOAD Libraries\STM32F4xx_StdPeriph_Driver\src\stm32f4xx_usart.o
LOAD Libraries\STM32F4xx_StdPeriph_Driver\src\stm32f4xx_tim.o
LOAD Libraries\STM32F4xx_StdPeriph_Driver\src\stm32f4xx_syscfg.o
LOAD Libraries\STM32F4xx_StdPeriph_Driver\src\stm32f4xx_spi.o
LOAD Libraries\STM32F4xx_StdPeriph_Driver\src\stm32f4xx_sdio.o
LOAD Libraries\STM32F4xx_StdPeriph_Driver\src\stm32f4xx_rtc.o
LOAD Libraries\STM32F4xx_StdPeriph_Driver\src\stm32f4xx_rng.o
LOAD Libraries\STM32F4xx_StdPeriph_Driver\src\stm32f4xx_rcc.o
LOAD Libraries\STM32F4xx_StdPeriph_Driver\src\stm32f4xx_pwr.o
LOAD Libraries\STM32F4xx_StdPeriph_Driver\src\stm32f4xx_iwdg.o
LOAD Libraries\STM32F4xx_StdPeriph_Driver\src\stm32f4xx_i2c.o
LOAD Libraries\STM32F4xx_StdPeriph_Driver\src\stm32f4xx_hash_sha1.o
LOAD Libraries\STM32F4xx_StdPeriph_Driver\src\stm32f4xx_hash_md5.o
LOAD Libraries\STM32F4xx_StdPeriph_Driver\src\stm32f4xx_hash.o
LOAD Libraries\STM32F4xx_StdPeriph_Driver\src\stm32f4xx_gpio.o
LOAD Libraries\STM32F4xx_StdPeriph_Driver\src\stm32f4xx_fsmc.o
LOAD Libraries\STM32F4xx_StdPeriph_Driver\src\stm32f4xx_flash.o
LOAD Libraries\STM32F4xx_StdPeriph_Driver\src\stm32f4xx_exti.o
LOAD Libraries\STM32F4xx_StdPeriph_Driver\src\stm32f4xx_dma.o
LOAD Libraries\STM32F4xx_StdPeriph_Driver\src\stm32f4xx_dcmi.o
LOAD Libraries\STM32F4xx_StdPeriph_Driver\src\stm32f4xx_dbgmcu.o
LOAD Libraries\STM32F4xx_StdPeriph_Driver\src\stm32f4xx_dac.o
LOAD Libraries\STM32F4xx_StdPeriph_Driver\src\stm32f4xx_cryp_tdes.o
LOAD Libraries\STM32F4xx_StdPeriph_Driver\src\stm32f4xx_cryp_des.o
LOAD Libraries\STM32F4xx_StdPeriph_Driver\src\stm32f4xx_cryp_aes.o
LOAD Libraries\STM32F4xx_StdPeriph_Driver\src\stm32f4xx_cryp.o
LOAD Libraries\STM32F4xx_StdPeriph_Driver\src\stm32f4xx_crc.o
LOAD Libraries\STM32F4xx_StdPeriph_Driver\src\stm32f4xx_can.o
LOAD Libraries\STM32F4xx_StdPeriph_Driver\src\stm32f4xx_adc.o
LOAD Libraries\STM32F4xx_StdPeriph_Driver\src\misc.o
LOAD m:/atollic/truestudio for arm lite 3.1.0/armtools/bin/../lib/gcc/arm-atollic-eabi/4.6.2/../../../../arm-atollic-eabi/lib/thumb/softfp/armv7e-m/fpv4-sp-d16\libm.a
                0x00001000                malloc_getpagesize_P = 0x1000
START GROUP
LOAD m:/atollic/truestudio for arm lite 3.1.0/armtools/bin/../lib/gcc/arm-atollic-eabi/4.6.2/thumb/softfp/armv7e-m/fpv4-sp-d16\libgcc.a
LOAD m:/atollic/truestudio for arm lite 3.1.0/armtools/bin/../lib/gcc/arm-atollic-eabi/4.6.2/../../../../arm-atollic-eabi/lib/thumb/softfp/armv7e-m/fpv4-sp-d16\libc.a
END GROUP
LOAD m:/atollic/truestudio for arm lite 3.1.0/armtools/bin/../lib/gcc/arm-atollic-eabi/4.6.2/thumb/softfp/armv7e-m/fpv4-sp-d16/crtend.o
LOAD m:/atollic/truestudio for arm lite 3.1.0/armtools/bin/../lib/gcc/arm-atollic-eabi/4.6.2/thumb/softfp/armv7e-m/fpv4-sp-d16/crtn.o
                0x20020000                _estack = 0x20020000
                0x00000000                _Min_Heap_Size = 0x0
                0x00000400                _Min_Stack_Size = 0x400

.isr_vector     0x08000000      0x188
                0x08000000                . = ALIGN (0x4)
 *(.isr_vector)
 .isr_vector    0x08000000      0x188 src\startup_stm32f4xx.o
                0x08000000                g_pfnVectors
                0x08000188                . = ALIGN (0x4)

.text           0x08000188     0x6a50
                0x08000188                . = ALIGN (0x4)
 *(.text)
 .text          0x08000188       0x54 m:/atollic/truestudio for arm lite 3.1.0/armtools/bin/../lib/gcc/arm-atollic-eabi/4.6.2/thumb/softfp/armv7e-m/fpv4-sp-d16/crtbegin.o
 .text          0x080001dc      0x370 m:/atollic/truestudio for arm lite 3.1.0/armtools/bin/../lib/gcc/arm-atollic-eabi/4.6.2/thumb/softfp/armv7e-m/fpv4-sp-d16\libgcc.a(_arm_addsubdf3.o)
                0x080001dc                __aeabi_drsub
                0x080001e4                __aeabi_dsub
                0x080001e4                __subdf3
                0x080001e8                __aeabi_dadd
                0x080001e8                __adddf3
                0x08000460                __floatunsidf
                0x08000460                __aeabi_ui2d
                0x08000480                __floatsidf
                0x08000480                __aeabi_i2d
                0x080004a4                __aeabi_f2d
                0x080004a4                __extendsfdf2
                0x080004e0                __floatundidf
                0x080004e0                __aeabi_ul2d
                0x080004f0                __floatdidf
                0x080004f0                __aeabi_l2d
 .text          0x0800054c      0x424 m:/atollic/truestudio for arm lite 3.1.0/armtools/bin/../lib/gcc/arm-atollic-eabi/4.6.2/thumb/softfp/armv7e-m/fpv4-sp-d16\libgcc.a(_arm_muldivdf3.o)
                0x0800054c                __aeabi_dmul
                0x0800054c                __muldf3
                0x080007a0                __divdf3
                0x080007a0                __aeabi_ddiv
 .text          0x08000970      0x110 m:/atollic/truestudio for arm lite 3.1.0/armtools/bin/../lib/gcc/arm-atollic-eabi/4.6.2/thumb/softfp/armv7e-m/fpv4-sp-d16\libgcc.a(_arm_cmpdf2.o)
                0x08000970                __gtdf2
                0x08000970                __gedf2
                0x08000978                __ltdf2
                0x08000978                __ledf2
                0x08000980                __nedf2
                0x08000980                __eqdf2
                0x08000980                __cmpdf2
                0x080009fc                __aeabi_cdrcmple
                0x08000a0c                __aeabi_cdcmpeq
                0x08000a0c                __aeabi_cdcmple
                0x08000a1c                __aeabi_dcmpeq
                0x08000a30                __aeabi_dcmplt
                0x08000a44                __aeabi_dcmple
                0x08000a58                __aeabi_dcmpge
                0x08000a6c                __aeabi_dcmpgt
 .text          0x08000a80       0x50 m:/atollic/truestudio for arm lite 3.1.0/armtools/bin/../lib/gcc/arm-atollic-eabi/4.6.2/thumb/softfp/armv7e-m/fpv4-sp-d16\libgcc.a(_arm_fixdfsi.o)
                0x08000a80                __aeabi_d2iz
                0x08000a80                __fixdfsi
 .text          0x08000ad0       0x2c m:/atollic/truestudio for arm lite 3.1.0/armtools/bin/../lib/gcc/arm-atollic-eabi/4.6.2/thumb/softfp/armv7e-m/fpv4-sp-d16\libgcc.a(_aeabi_uldivmod.o)
                0x08000ad0                __aeabi_uldivmod
 .text          0x08000afc       0x58 m:/atollic/truestudio for arm lite 3.1.0/armtools/bin/../lib/gcc/arm-atollic-eabi/4.6.2/thumb/softfp/armv7e-m/fpv4-sp-d16\libgcc.a(bpabi.o)
                0x08000afc                __gnu_ldivmod_helper
                0x08000b28                __gnu_uldivmod_helper
 .text          0x08000b54      0xb54 m:/atollic/truestudio for arm lite 3.1.0/armtools/bin/../lib/gcc/arm-atollic-eabi/4.6.2/thumb/softfp/armv7e-m/fpv4-sp-d16\libgcc.a(unwind-arm.o)
                0x08000dfc                _Unwind_VRS_Get
                0x08000e3c                _Unwind_VRS_Set
                0x0800119c                __aeabi_unwind_cpp_pr2
                0x080011a0                __aeabi_unwind_cpp_pr1
                0x080011a4                __aeabi_unwind_cpp_pr0
                0x080011a8                _Unwind_VRS_Pop
                0x0800155c                _Unwind_GetCFA
                0x08001560                __gnu_Unwind_RaiseException
                0x080015c0                __gnu_Unwind_ForcedUnwind
                0x080015d4                __gnu_Unwind_Resume
                0x08001610                __gnu_Unwind_Resume_or_Rethrow
                0x08001620                _Unwind_Complete
                0x08001624                _Unwind_DeleteException
                0x08001634                __gnu_Unwind_Backtrace
 .text          0x080016a8      0x1ac m:/atollic/truestudio for arm lite 3.1.0/armtools/bin/../lib/gcc/arm-atollic-eabi/4.6.2/thumb/softfp/armv7e-m/fpv4-sp-d16\libgcc.a(libunwind.o)
                0x080016a8                __restore_core_regs
                0x080016a8                restore_core_regs
                0x080016c0                __gnu_Unwind_Restore_VFP
                0x080016c8                __gnu_Unwind_Save_VFP
                0x080016d0                __gnu_Unwind_Restore_VFP_D
                0x080016d8                __gnu_Unwind_Save_VFP_D
                0x080016e0                __gnu_Unwind_Restore_VFP_D_16_to_31
                0x080016e8                __gnu_Unwind_Save_VFP_D_16_to_31
                0x080016f0                __gnu_Unwind_Restore_WMMXD
                0x08001734                __gnu_Unwind_Save_WMMXD
                0x08001778                __gnu_Unwind_Restore_WMMXC
                0x0800178c                __gnu_Unwind_Save_WMMXC
                0x080017a0                ___Unwind_RaiseException
                0x080017a0                _Unwind_RaiseException
                0x080017c4                _Unwind_Resume
                0x080017c4                ___Unwind_Resume
                0x080017e8                _Unwind_Resume_or_Rethrow
                0x080017e8                ___Unwind_Resume_or_Rethrow
                0x0800180c                _Unwind_ForcedUnwind
                0x0800180c                ___Unwind_ForcedUnwind
                0x08001830                ___Unwind_Backtrace
                0x08001830                _Unwind_Backtrace
 .text          0x08001854      0x374 m:/atollic/truestudio for arm lite 3.1.0/armtools/bin/../lib/gcc/arm-atollic-eabi/4.6.2/thumb/softfp/armv7e-m/fpv4-sp-d16\libgcc.a(pr-support.o)
                0x080018a8                __gnu_unwind_execute
                0x08001b70                __gnu_unwind_frame
                0x08001b98                _Unwind_GetRegionStart
                0x08001ba4                _Unwind_GetLanguageSpecificData
                0x08001bb8                _Unwind_GetDataRelBase
                0x08001bc0                _Unwind_GetTextRelBase
 .text          0x08001bc8        0x4 m:/atollic/truestudio for arm lite 3.1.0/armtools/bin/../lib/gcc/arm-atollic-eabi/4.6.2/thumb/softfp/armv7e-m/fpv4-sp-d16\libgcc.a(_dvmd_tls.o)
                0x08001bc8                __aeabi_idiv0
                0x08001bc8                __aeabi_ldiv0
 .text          0x08001bcc      0x2c0 m:/atollic/truestudio for arm lite 3.1.0/armtools/bin/../lib/gcc/arm-atollic-eabi/4.6.2/thumb/softfp/armv7e-m/fpv4-sp-d16\libgcc.a(_divdi3.o)
                0x08001bcc                __divdi3
 .text          0x08001e8c      0x294 m:/atollic/truestudio for arm lite 3.1.0/armtools/bin/../lib/gcc/arm-atollic-eabi/4.6.2/thumb/softfp/armv7e-m/fpv4-sp-d16\libgcc.a(_udivdi3.o)
                0x08001e8c                __udivdi3
 *(.text*)
 .text.SystemInit
                0x08002120       0xb0 src\system_stm32f4xx.o
                0x08002120                SystemInit
 .text.SetSysClock
                0x080021d0      0x188 src\system_stm32f4xx.o
 .text.NMI_Handler
                0x08002358        0xc src\stm32f4xx_it.o
                0x08002358                NMI_Handler
 .text.HardFault_Handler
                0x08002364        0x8 src\stm32f4xx_it.o
                0x08002364                HardFault_Handler
 .text.MemManage_Handler
                0x0800236c        0x8 src\stm32f4xx_it.o
                0x0800236c                MemManage_Handler
 .text.BusFault_Handler
                0x08002374        0x8 src\stm32f4xx_it.o
                0x08002374                BusFault_Handler
 .text.UsageFault_Handler
                0x0800237c        0x8 src\stm32f4xx_it.o
                0x0800237c                UsageFault_Handler
 .text.SVC_Handler
                0x08002384        0xc src\stm32f4xx_it.o
                0x08002384                SVC_Handler
 .text.DebugMon_Handler
                0x08002390        0xc src\stm32f4xx_it.o
                0x08002390                DebugMon_Handler
 .text.PendSV_Handler
                0x0800239c        0xc src\stm32f4xx_it.o
                0x0800239c                PendSV_Handler
 .text.SysTick_Handler
                0x080023a8        0xc src\stm32f4xx_it.o
                0x080023a8                SysTick_Handler
 .text.Reset_Handler
                0x080023b4       0x48 src\startup_stm32f4xx.o
                0x080023b4                Reset_Handler
 .text.Default_Handler
                0x080023fc        0x2 src\startup_stm32f4xx.o
                0x080023fc                RTC_Alarm_IRQHandler
                0x080023fc                HASH_RNG_IRQHandler
                0x080023fc                EXTI2_IRQHandler
                0x080023fc                TIM8_CC_IRQHandler
                0x080023fc                TIM1_CC_IRQHandler
                0x080023fc                DMA2_Stream5_IRQHandler
                0x080023fc                DMA1_Stream5_IRQHandler
                0x080023fc                PVD_IRQHandler
                0x080023fc                SDIO_IRQHandler
                0x080023fc                TAMP_STAMP_IRQHandler
                0x080023fc                CAN2_RX1_IRQHandler
                0x080023fc                EXTI3_IRQHandler
                0x080023fc                TIM8_TRG_COM_TIM14_IRQHandler
                0x080023fc                TIM1_UP_TIM10_IRQHandler
                0x080023fc                TIM8_UP_TIM13_IRQHandler
                0x080023fc                I2C3_ER_IRQHandler
                0x080023fc                EXTI0_IRQHandler
                0x080023fc                I2C2_EV_IRQHandler
                0x080023fc                DMA1_Stream2_IRQHandler
                0x080023fc                CAN1_RX0_IRQHandler
                0x080023fc                FPU_IRQHandler
                0x080023fc                OTG_HS_WKUP_IRQHandler
                0x080023fc                CAN2_SCE_IRQHandler
                0x080023fc                DMA2_Stream2_IRQHandler
                0x080023fc                SPI1_IRQHandler
                0x080023fc                TIM6_DAC_IRQHandler
                0x080023fc                TIM1_BRK_TIM9_IRQHandler
                0x080023fc                DCMI_IRQHandler
                0x080023fc                CAN2_RX0_IRQHandler
                0x080023fc                DMA2_Stream3_IRQHandler
                0x080023fc                USART6_IRQHandler
                0x080023fc                USART3_IRQHandler
                0x080023fc                CRYP_IRQHandler
                0x080023fc                CAN1_RX1_IRQHandler
                0x080023fc                UART5_IRQHandler
                0x080023fc                DMA2_Stream0_IRQHandler
                0x080023fc                TIM4_IRQHandler
                0x080023fc                I2C1_EV_IRQHandler
                0x080023fc                DMA1_Stream6_IRQHandler
                0x080023fc                DMA1_Stream1_IRQHandler
                0x080023fc                UART4_IRQHandler
                0x080023fc                TIM3_IRQHandler
                0x080023fc                RCC_IRQHandler
                0x080023fc                TIM8_BRK_TIM12_IRQHandler
                0x080023fc                Default_Handler
                0x080023fc                EXTI15_10_IRQHandler
                0x080023fc                ADC_IRQHandler
                0x080023fc                DMA1_Stream7_IRQHandler
                0x080023fc                TIM7_IRQHandler
                0x080023fc                CAN2_TX_IRQHandler
                0x080023fc                TIM5_IRQHandler
                0x080023fc                DMA2_Stream7_IRQHandler
                0x080023fc                I2C3_EV_IRQHandler
                0x080023fc                EXTI9_5_IRQHandler
                0x080023fc                RTC_WKUP_IRQHandler
                0x080023fc                ETH_WKUP_IRQHandler
                0x080023fc                SPI2_IRQHandler
                0x080023fc                OTG_HS_EP1_IN_IRQHandler
                0x080023fc                DMA1_Stream0_IRQHandler
                0x080023fc                CAN1_TX_IRQHandler
                0x080023fc                EXTI4_IRQHandler
                0x080023fc                FSMC_IRQHandler
                0x080023fc                ETH_IRQHandler
                0x080023fc                OTG_HS_EP1_OUT_IRQHandler
                0x080023fc                WWDG_IRQHandler
                0x080023fc                TIM2_IRQHandler
                0x080023fc                OTG_FS_WKUP_IRQHandler
                0x080023fc                TIM1_TRG_COM_TIM11_IRQHandler
                0x080023fc                OTG_HS_IRQHandler
                0x080023fc                EXTI1_IRQHandler
                0x080023fc                USART2_IRQHandler
                0x080023fc                I2C2_ER_IRQHandler
                0x080023fc                DMA2_Stream1_IRQHandler
                0x080023fc                CAN1_SCE_IRQHandler
                0x080023fc                FLASH_IRQHandler
                0x080023fc                DMA2_Stream4_IRQHandler
                0x080023fc                USART1_IRQHandler
                0x080023fc                OTG_FS_IRQHandler
                0x080023fc                SPI3_IRQHandler
                0x080023fc                DMA1_Stream4_IRQHandler
                0x080023fc                I2C1_ER_IRQHandler
                0x080023fc                DMA2_Stream6_IRQHandler
                0x080023fc                DMA1_Stream3_IRQHandler
 *fill*         0x080023fe        0x2 00
 .text.init_usart
                0x08002400       0xb0 src\main.o
                0x08002400                init_usart
 .text.Delay    0x080024b0       0x24 src\main.o
                0x080024b0                Delay
 .text.send_data
                0x080024d4       0x4c src\main.o
                0x080024d4                send_data
 .text.main     0x08002520       0x3c src\main.o
                0x08002520                main
 .text.USART_Init
                0x0800255c      0x1ac Libraries\STM32F4xx_StdPeriph_Driver\src\stm32f4xx_usart.o
                0x0800255c                USART_Init
 .text.USART_Cmd
                0x08002708       0x40 Libraries\STM32F4xx_StdPeriph_Driver\src\stm32f4xx_usart.o
                0x08002708                USART_Cmd
 .text.USART_SendData
                0x08002748       0x28 Libraries\STM32F4xx_StdPeriph_Driver\src\stm32f4xx_usart.o
                0x08002748                USART_SendData
 .text.USART_GetFlagStatus
                0x08002770       0x40 Libraries\STM32F4xx_StdPeriph_Driver\src\stm32f4xx_usart.o
                0x08002770                USART_GetFlagStatus
 .text.RCC_GetClocksFreq
                0x080027b0      0x1d0 Libraries\STM32F4xx_StdPeriph_Driver\src\stm32f4xx_rcc.o
                0x080027b0                RCC_GetClocksFreq
 .text.RCC_AHB1PeriphClockCmd
                0x08002980       0x58 Libraries\STM32F4xx_StdPeriph_Driver\src\stm32f4xx_rcc.o
                0x08002980                RCC_AHB1PeriphClockCmd
 .text.RCC_APB1PeriphClockCmd
                0x080029d8       0x58 Libraries\STM32F4xx_StdPeriph_Driver\src\stm32f4xx_rcc.o
                0x080029d8                RCC_APB1PeriphClockCmd
 .text.GPIO_Init
                0x08002a30      0x154 Libraries\STM32F4xx_StdPeriph_Driver\src\stm32f4xx_gpio.o
                0x08002a30                GPIO_Init
 .text.GPIO_PinAFConfig
                0x08002b84       0xac Libraries\STM32F4xx_StdPeriph_Driver\src\stm32f4xx_gpio.o
                0x08002b84                GPIO_PinAFConfig
 .text.__libc_init_array
                0x08002c30       0x48 m:/atollic/truestudio for arm lite 3.1.0/armtools/bin/../lib/gcc/arm-atollic-eabi/4.6.2/../../../../arm-atollic-eabi/lib/thumb/softfp/armv7e-m/fpv4-sp-d16\libc.a(lib_a-init.o)
                0x08002c30                __libc_init_array
 .text.printf   0x08002c78       0x30 m:/atollic/truestudio for arm lite 3.1.0/armtools/bin/../lib/gcc/arm-atollic-eabi/4.6.2/../../../../arm-atollic-eabi/lib/thumb/softfp/armv7e-m/fpv4-sp-d16\libc.a(lib_a-printf.o)
                0x08002c78                printf
 .text._vfprintf_r
                0x08002ca8     0x139c m:/atollic/truestudio for arm lite 3.1.0/armtools/bin/../lib/gcc/arm-atollic-eabi/4.6.2/../../../../arm-atollic-eabi/lib/thumb/softfp/armv7e-m/fpv4-sp-d16\libc.a(lib_a-vfprintf.o)
                0x08002ca8                _vfprintf_r
 .text.__swsetup_r
                0x08004044       0xd8 m:/atollic/truestudio for arm lite 3.1.0/armtools/bin/../lib/gcc/arm-atollic-eabi/4.6.2/../../../../arm-atollic-eabi/lib/thumb/softfp/armv7e-m/fpv4-sp-d16\libc.a(lib_a-wsetup.o)
                0x08004044                __swsetup_r
 .text.quorem   0x0800411c      0x10e m:/atollic/truestudio for arm lite 3.1.0/armtools/bin/../lib/gcc/arm-atollic-eabi/4.6.2/../../../../arm-atollic-eabi/lib/thumb/softfp/armv7e-m/fpv4-sp-d16\libc.a(lib_a-dtoa.o)
 *fill*         0x0800422a        0x6 00
 .text._dtoa_r  0x08004230      0xb58 m:/atollic/truestudio for arm lite 3.1.0/armtools/bin/../lib/gcc/arm-atollic-eabi/4.6.2/../../../../arm-atollic-eabi/lib/thumb/softfp/armv7e-m/fpv4-sp-d16\libc.a(lib_a-dtoa.o)
                0x08004230                _dtoa_r
 .text._fflush_r
                0x08004d88      0x16c m:/atollic/truestudio for arm lite 3.1.0/armtools/bin/../lib/gcc/arm-atollic-eabi/4.6.2/../../../../arm-atollic-eabi/lib/thumb/softfp/armv7e-m/fpv4-sp-d16\libc.a(lib_a-fflush.o)
                0x08004d88                _fflush_r
 .text._cleanup_r
                0x08004ef4        0xc m:/atollic/truestudio for arm lite 3.1.0/armtools/bin/../lib/gcc/arm-atollic-eabi/4.6.2/../../../../arm-atollic-eabi/lib/thumb/softfp/armv7e-m/fpv4-sp-d16\libc.a(lib_a-findfp.o)
                0x08004ef4                _cleanup_r
 .text.std.isra.0
                0x08004f00       0x48 m:/atollic/truestudio for arm lite 3.1.0/armtools/bin/../lib/gcc/arm-atollic-eabi/4.6.2/../../../../arm-atollic-eabi/lib/thumb/softfp/armv7e-m/fpv4-sp-d16\libc.a(lib_a-findfp.o)
 .text.__sfmoreglue
                0x08004f48       0x2a m:/atollic/truestudio for arm lite 3.1.0/armtools/bin/../lib/gcc/arm-atollic-eabi/4.6.2/../../../../arm-atollic-eabi/lib/thumb/softfp/armv7e-m/fpv4-sp-d16\libc.a(lib_a-findfp.o)
                0x08004f48                __sfmoreglue
 *fill*         0x08004f72        0x2 00
 .text.__sinit  0x08004f74       0x5c m:/atollic/truestudio for arm lite 3.1.0/armtools/bin/../lib/gcc/arm-atollic-eabi/4.6.2/../../../../arm-atollic-eabi/lib/thumb/softfp/armv7e-m/fpv4-sp-d16\libc.a(lib_a-findfp.o)
                0x08004f74                __sinit
 .text.__sfp    0x08004fd0       0x78 m:/atollic/truestudio for arm lite 3.1.0/armtools/bin/../lib/gcc/arm-atollic-eabi/4.6.2/../../../../arm-atollic-eabi/lib/thumb/softfp/armv7e-m/fpv4-sp-d16\libc.a(lib_a-findfp.o)
                0x08004fd0                __sfp
 .text.__sfp_lock_acquire
                0x08005048        0x2 m:/atollic/truestudio for arm lite 3.1.0/armtools/bin/../lib/gcc/arm-atollic-eabi/4.6.2/../../../../arm-atollic-eabi/lib/thumb/softfp/armv7e-m/fpv4-sp-d16\libc.a(lib_a-findfp.o)
                0x08005048                __sfp_lock_acquire
 .text.__sfp_lock_release
                0x0800504a        0x2 m:/atollic/truestudio for arm lite 3.1.0/armtools/bin/../lib/gcc/arm-atollic-eabi/4.6.2/../../../../arm-atollic-eabi/lib/thumb/softfp/armv7e-m/fpv4-sp-d16\libc.a(lib_a-findfp.o)
                0x0800504a                __sfp_lock_release
 .text._malloc_trim_r
                0x0800504c       0xa8 m:/atollic/truestudio for arm lite 3.1.0/armtools/bin/../lib/gcc/arm-atollic-eabi/4.6.2/../../../../arm-atollic-eabi/lib/thumb/softfp/armv7e-m/fpv4-sp-d16\libc.a(lib_a-freer.o)
                0x0800504c                _malloc_trim_r
 .text._free_r  0x080050f4      0x16c m:/atollic/truestudio for arm lite 3.1.0/armtools/bin/../lib/gcc/arm-atollic-eabi/4.6.2/../../../../arm-atollic-eabi/lib/thumb/softfp/armv7e-m/fpv4-sp-d16\libc.a(lib_a-freer.o)
                0x080050f4                _free_r
 .text._fwalk   0x08005260       0x42 m:/atollic/truestudio for arm lite 3.1.0/armtools/bin/../lib/gcc/arm-atollic-eabi/4.6.2/../../../../arm-atollic-eabi/lib/thumb/softfp/armv7e-m/fpv4-sp-d16\libc.a(lib_a-fwalk.o)
                0x08005260                _fwalk
 *fill*         0x080052a2        0x2 00
 .text.__locale_charset
                0x080052a4        0x8 m:/atollic/truestudio for arm lite 3.1.0/armtools/bin/../lib/gcc/arm-atollic-eabi/4.6.2/../../../../arm-atollic-eabi/lib/thumb/softfp/armv7e-m/fpv4-sp-d16\libc.a(lib_a-locale.o)
                0x080052a4                __locale_charset
 .text.__locale_mb_cur_max
                0x080052ac        0xc m:/atollic/truestudio for arm lite 3.1.0/armtools/bin/../lib/gcc/arm-atollic-eabi/4.6.2/../../../../arm-atollic-eabi/lib/thumb/softfp/armv7e-m/fpv4-sp-d16\libc.a(lib_a-locale.o)
                0x080052ac                __locale_mb_cur_max
 .text._localeconv_r
                0x080052b8        0x8 m:/atollic/truestudio for arm lite 3.1.0/armtools/bin/../lib/gcc/arm-atollic-eabi/4.6.2/../../../../arm-atollic-eabi/lib/thumb/softfp/armv7e-m/fpv4-sp-d16\libc.a(lib_a-locale.o)
                0x080052b8                _localeconv_r
 .text.__smakebuf_r
                0x080052c0       0xcc m:/atollic/truestudio for arm lite 3.1.0/armtools/bin/../lib/gcc/arm-atollic-eabi/4.6.2/../../../../arm-atollic-eabi/lib/thumb/softfp/armv7e-m/fpv4-sp-d16\libc.a(lib_a-makebuf.o)
                0x080052c0                __smakebuf_r
 .text.malloc   0x0800538c       0x10 m:/atollic/truestudio for arm lite 3.1.0/armtools/bin/../lib/gcc/arm-atollic-eabi/4.6.2/../../../../arm-atollic-eabi/lib/thumb/softfp/armv7e-m/fpv4-sp-d16\libc.a(lib_a-malloc.o)
                0x0800538c                malloc
 .text._malloc_r
                0x0800539c      0x3f8 m:/atollic/truestudio for arm lite 3.1.0/armtools/bin/../lib/gcc/arm-atollic-eabi/4.6.2/../../../../arm-atollic-eabi/lib/thumb/softfp/armv7e-m/fpv4-sp-d16\libc.a(lib_a-mallocr.o)
                0x0800539c                _malloc_r
 .text.memchr   0x08005794       0x1c m:/atollic/truestudio for arm lite 3.1.0/armtools/bin/../lib/gcc/arm-atollic-eabi/4.6.2/../../../../arm-atollic-eabi/lib/thumb/softfp/armv7e-m/fpv4-sp-d16\libc.a(lib_a-memchr.o)
                0x08005794                memchr
 .text.memcpy   0x080057b0       0x12 m:/atollic/truestudio for arm lite 3.1.0/armtools/bin/../lib/gcc/arm-atollic-eabi/4.6.2/../../../../arm-atollic-eabi/lib/thumb/softfp/armv7e-m/fpv4-sp-d16\libc.a(lib_a-memcpy.o)
                0x080057b0                memcpy
 .text.memset   0x080057c2        0xe m:/atollic/truestudio for arm lite 3.1.0/armtools/bin/../lib/gcc/arm-atollic-eabi/4.6.2/../../../../arm-atollic-eabi/lib/thumb/softfp/armv7e-m/fpv4-sp-d16\libc.a(lib_a-memset.o)
                0x080057c2                memset
 .text.__malloc_lock
                0x080057d0        0x2 m:/atollic/truestudio for arm lite 3.1.0/armtools/bin/../lib/gcc/arm-atollic-eabi/4.6.2/../../../../arm-atollic-eabi/lib/thumb/softfp/armv7e-m/fpv4-sp-d16\libc.a(lib_a-mlock.o)
                0x080057d0                __malloc_lock
 .text.__malloc_unlock
                0x080057d2        0x2 m:/atollic/truestudio for arm lite 3.1.0/armtools/bin/../lib/gcc/arm-atollic-eabi/4.6.2/../../../../arm-atollic-eabi/lib/thumb/softfp/armv7e-m/fpv4-sp-d16\libc.a(lib_a-mlock.o)
                0x080057d2                __malloc_unlock
 .text._Balloc  0x080057d4       0x62 m:/atollic/truestudio for arm lite 3.1.0/armtools/bin/../lib/gcc/arm-atollic-eabi/4.6.2/../../../../arm-atollic-eabi/lib/thumb/softfp/armv7e-m/fpv4-sp-d16\libc.a(lib_a-mprec.o)
                0x080057d4                _Balloc
 .text._Bfree   0x08005836       0x2e m:/atollic/truestudio for arm lite 3.1.0/armtools/bin/../lib/gcc/arm-atollic-eabi/4.6.2/../../../../arm-atollic-eabi/lib/thumb/softfp/armv7e-m/fpv4-sp-d16\libc.a(lib_a-mprec.o)
                0x08005836                _Bfree
 .text.__multadd
                0x08005864       0x78 m:/atollic/truestudio for arm lite 3.1.0/armtools/bin/../lib/gcc/arm-atollic-eabi/4.6.2/../../../../arm-atollic-eabi/lib/thumb/softfp/armv7e-m/fpv4-sp-d16\libc.a(lib_a-mprec.o)
                0x08005864                __multadd
 .text.__hi0bits
                0x080058dc       0x3e m:/atollic/truestudio for arm lite 3.1.0/armtools/bin/../lib/gcc/arm-atollic-eabi/4.6.2/../../../../arm-atollic-eabi/lib/thumb/softfp/armv7e-m/fpv4-sp-d16\libc.a(lib_a-mprec.o)
                0x080058dc                __hi0bits
 .text.__lo0bits
                0x0800591a       0x5a m:/atollic/truestudio for arm lite 3.1.0/armtools/bin/../lib/gcc/arm-atollic-eabi/4.6.2/../../../../arm-atollic-eabi/lib/thumb/softfp/armv7e-m/fpv4-sp-d16\libc.a(lib_a-mprec.o)
                0x0800591a                __lo0bits
 .text.__i2b    0x08005974       0x12 m:/atollic/truestudio for arm lite 3.1.0/armtools/bin/../lib/gcc/arm-atollic-eabi/4.6.2/../../../../arm-atollic-eabi/lib/thumb/softfp/armv7e-m/fpv4-sp-d16\libc.a(lib_a-mprec.o)
                0x08005974                __i2b
 .text.__multiply
                0x08005986      0x126 m:/atollic/truestudio for arm lite 3.1.0/armtools/bin/../lib/gcc/arm-atollic-eabi/4.6.2/../../../../arm-atollic-eabi/lib/thumb/softfp/armv7e-m/fpv4-sp-d16\libc.a(lib_a-mprec.o)
                0x08005986                __multiply
 .text.__pow5mult
                0x08005aac       0xa0 m:/atollic/truestudio for arm lite 3.1.0/armtools/bin/../lib/gcc/arm-atollic-eabi/4.6.2/../../../../arm-atollic-eabi/lib/thumb/softfp/armv7e-m/fpv4-sp-d16\libc.a(lib_a-mprec.o)
                0x08005aac                __pow5mult
 .text.__lshift
                0x08005b4c       0xae m:/atollic/truestudio for arm lite 3.1.0/armtools/bin/../lib/gcc/arm-atollic-eabi/4.6.2/../../../../arm-atollic-eabi/lib/thumb/softfp/armv7e-m/fpv4-sp-d16\libc.a(lib_a-mprec.o)
                0x08005b4c                __lshift
 .text.__mcmp   0x08005bfa       0x3e m:/atollic/truestudio for arm lite 3.1.0/armtools/bin/../lib/gcc/arm-atollic-eabi/4.6.2/../../../../arm-atollic-eabi/lib/thumb/softfp/armv7e-m/fpv4-sp-d16\libc.a(lib_a-mprec.o)
                0x08005bfa                __mcmp
 .text.__mdiff  0x08005c38       0xc6 m:/atollic/truestudio for arm lite 3.1.0/armtools/bin/../lib/gcc/arm-atollic-eabi/4.6.2/../../../../arm-atollic-eabi/lib/thumb/softfp/armv7e-m/fpv4-sp-d16\libc.a(lib_a-mprec.o)
                0x08005c38                __mdiff
 .text.__d2b    0x08005cfe       0xbc m:/atollic/truestudio for arm lite 3.1.0/armtools/bin/../lib/gcc/arm-atollic-eabi/4.6.2/../../../../arm-atollic-eabi/lib/thumb/softfp/armv7e-m/fpv4-sp-d16\libc.a(lib_a-mprec.o)
                0x08005cfe                __d2b
 *fill*         0x08005dba        0x2 00
 .text.__fpclassifyd
                0x08005dbc       0x64 m:/atollic/truestudio for arm lite 3.1.0/armtools/bin/../lib/gcc/arm-atollic-eabi/4.6.2/../../../../arm-atollic-eabi/lib/thumb/softfp/armv7e-m/fpv4-sp-d16\libc.a(lib_a-s_fpclassify.o)
                0x08005dbc                __fpclassifyd
 .text._sbrk_r  0x08005e20       0x20 m:/atollic/truestudio for arm lite 3.1.0/armtools/bin/../lib/gcc/arm-atollic-eabi/4.6.2/../../../../arm-atollic-eabi/lib/thumb/softfp/armv7e-m/fpv4-sp-d16\libc.a(lib_a-sbrkr.o)
                0x08005e20                _sbrk_r
 .text.__sread  0x08005e40       0x22 m:/atollic/truestudio for arm lite 3.1.0/armtools/bin/../lib/gcc/arm-atollic-eabi/4.6.2/../../../../arm-atollic-eabi/lib/thumb/softfp/armv7e-m/fpv4-sp-d16\libc.a(lib_a-stdio.o)
                0x08005e40                __sread
 .text.__swrite
                0x08005e62       0x38 m:/atollic/truestudio for arm lite 3.1.0/armtools/bin/../lib/gcc/arm-atollic-eabi/4.6.2/../../../../arm-atollic-eabi/lib/thumb/softfp/armv7e-m/fpv4-sp-d16\libc.a(lib_a-stdio.o)
                0x08005e62                __swrite
 .text.__sseek  0x08005e9a       0x24 m:/atollic/truestudio for arm lite 3.1.0/armtools/bin/../lib/gcc/arm-atollic-eabi/4.6.2/../../../../arm-atollic-eabi/lib/thumb/softfp/armv7e-m/fpv4-sp-d16\libc.a(lib_a-stdio.o)
                0x08005e9a                __sseek
 .text.__sclose
                0x08005ebe        0x8 m:/atollic/truestudio for arm lite 3.1.0/armtools/bin/../lib/gcc/arm-atollic-eabi/4.6.2/../../../../arm-atollic-eabi/lib/thumb/softfp/armv7e-m/fpv4-sp-d16\libc.a(lib_a-stdio.o)
                0x08005ebe                __sclose
 .text.strlen   0x08005ec6       0x10 m:/atollic/truestudio for arm lite 3.1.0/armtools/bin/../lib/gcc/arm-atollic-eabi/4.6.2/../../../../arm-atollic-eabi/lib/thumb/softfp/armv7e-m/fpv4-sp-d16\libc.a(lib_a-strlen.o)
                0x08005ec6                strlen
 .text._getpid  0x08005ed6        0x4 m:/atollic/truestudio for arm lite 3.1.0/armtools/bin/../lib/gcc/arm-atollic-eabi/4.6.2/../../../../arm-atollic-eabi/lib/thumb/softfp/armv7e-m/fpv4-sp-d16\libc.a(lib_a-syscalls.o)
                0x08005ed6                _getpid
 *fill*         0x08005eda        0x2 00
 .text._kill    0x08005edc       0x10 m:/atollic/truestudio for arm lite 3.1.0/armtools/bin/../lib/gcc/arm-atollic-eabi/4.6.2/../../../../arm-atollic-eabi/lib/thumb/softfp/armv7e-m/fpv4-sp-d16\libc.a(lib_a-syscalls.o)
                0x08005edc                _kill
 .text._exit    0x08005eec        0xc m:/atollic/truestudio for arm lite 3.1.0/armtools/bin/../lib/gcc/arm-atollic-eabi/4.6.2/../../../../arm-atollic-eabi/lib/thumb/softfp/armv7e-m/fpv4-sp-d16\libc.a(lib_a-syscalls.o)
                0x08005eec                _exit
 .text._write   0x08005ef8        0x4 m:/atollic/truestudio for arm lite 3.1.0/armtools/bin/../lib/gcc/arm-atollic-eabi/4.6.2/../../../../arm-atollic-eabi/lib/thumb/softfp/armv7e-m/fpv4-sp-d16\libc.a(lib_a-syscalls.o)
                0x08005ef8                _write
 .text._sbrk    0x08005efc       0x34 m:/atollic/truestudio for arm lite 3.1.0/armtools/bin/../lib/gcc/arm-atollic-eabi/4.6.2/../../../../arm-atollic-eabi/lib/thumb/softfp/armv7e-m/fpv4-sp-d16\libc.a(lib_a-syscalls.o)
                0x08005efc                _sbrk
 .text._close   0x08005f30        0x6 m:/atollic/truestudio for arm lite 3.1.0/armtools/bin/../lib/gcc/arm-atollic-eabi/4.6.2/../../../../arm-atollic-eabi/lib/thumb/softfp/armv7e-m/fpv4-sp-d16\libc.a(lib_a-syscalls.o)
                0x08005f30                _close
 .text._fstat   0x08005f36        0xa m:/atollic/truestudio for arm lite 3.1.0/armtools/bin/../lib/gcc/arm-atollic-eabi/4.6.2/../../../../arm-atollic-eabi/lib/thumb/softfp/armv7e-m/fpv4-sp-d16\libc.a(lib_a-syscalls.o)
                0x08005f36                _fstat
 .text._isatty  0x08005f40        0x4 m:/atollic/truestudio for arm lite 3.1.0/armtools/bin/../lib/gcc/arm-atollic-eabi/4.6.2/../../../../arm-atollic-eabi/lib/thumb/softfp/armv7e-m/fpv4-sp-d16\libc.a(lib_a-syscalls.o)
                0x08005f40                _isatty
 .text._lseek   0x08005f44        0x4 m:/atollic/truestudio for arm lite 3.1.0/armtools/bin/../lib/gcc/arm-atollic-eabi/4.6.2/../../../../arm-atollic-eabi/lib/thumb/softfp/armv7e-m/fpv4-sp-d16\libc.a(lib_a-syscalls.o)
                0x08005f44                _lseek
 .text._read    0x08005f48        0x4 m:/atollic/truestudio for arm lite 3.1.0/armtools/bin/../lib/gcc/arm-atollic-eabi/4.6.2/../../../../arm-atollic-eabi/lib/thumb/softfp/armv7e-m/fpv4-sp-d16\libc.a(lib_a-syscalls.o)
                0x08005f48                _read
 .text.__sprint_r
                0x08005f4c       0x6a m:/atollic/truestudio for arm lite 3.1.0/armtools/bin/../lib/gcc/arm-atollic-eabi/4.6.2/../../../../arm-atollic-eabi/lib/thumb/softfp/armv7e-m/fpv4-sp-d16\libc.a(lib_a-vfiprintf.o)
                0x08005f4c                __sprint_r
 *fill*         0x08005fb6        0x2 00
 .text._write_r
                0x08005fb8       0x24 m:/atollic/truestudio for arm lite 3.1.0/armtools/bin/../lib/gcc/arm-atollic-eabi/4.6.2/../../../../arm-atollic-eabi/lib/thumb/softfp/armv7e-m/fpv4-sp-d16\libc.a(lib_a-writer.o)
                0x08005fb8                _write_r
 .text._calloc_r
                0x08005fdc       0x5a m:/atollic/truestudio for arm lite 3.1.0/armtools/bin/../lib/gcc/arm-atollic-eabi/4.6.2/../../../../arm-atollic-eabi/lib/thumb/softfp/armv7e-m/fpv4-sp-d16\libc.a(lib_a-callocr.o)
                0x08005fdc                _calloc_r
 *fill*         0x08006036        0x2 00
 .text._close_r
                0x08006038       0x20 m:/atollic/truestudio for arm lite 3.1.0/armtools/bin/../lib/gcc/arm-atollic-eabi/4.6.2/../../../../arm-atollic-eabi/lib/thumb/softfp/armv7e-m/fpv4-sp-d16\libc.a(lib_a-closer.o)
                0x08006038                _close_r
 .text._fclose_r
                0x08006058       0xa8 m:/atollic/truestudio for arm lite 3.1.0/armtools/bin/../lib/gcc/arm-atollic-eabi/4.6.2/../../../../arm-atollic-eabi/lib/thumb/softfp/armv7e-m/fpv4-sp-d16\libc.a(lib_a-fclose.o)
                0x08006058                _fclose_r
 .text.fclose   0x08006100       0x10 m:/atollic/truestudio for arm lite 3.1.0/armtools/bin/../lib/gcc/arm-atollic-eabi/4.6.2/../../../../arm-atollic-eabi/lib/thumb/softfp/armv7e-m/fpv4-sp-d16\libc.a(lib_a-fclose.o)
                0x08006100                fclose
 .text._fputwc_r
                0x08006110       0xb8 m:/atollic/truestudio for arm lite 3.1.0/armtools/bin/../lib/gcc/arm-atollic-eabi/4.6.2/../../../../arm-atollic-eabi/lib/thumb/softfp/armv7e-m/fpv4-sp-d16\libc.a(lib_a-fputwc.o)
                0x08006110                _fputwc_r
 .text._fstat_r
                0x080061c8       0x24 m:/atollic/truestudio for arm lite 3.1.0/armtools/bin/../lib/gcc/arm-atollic-eabi/4.6.2/../../../../arm-atollic-eabi/lib/thumb/softfp/armv7e-m/fpv4-sp-d16\libc.a(lib_a-fstatr.o)
                0x080061c8                _fstat_r
 .text.__sfvwrite_r
                0x080061ec      0x2a0 m:/atollic/truestudio for arm lite 3.1.0/armtools/bin/../lib/gcc/arm-atollic-eabi/4.6.2/../../../../arm-atollic-eabi/lib/thumb/softfp/armv7e-m/fpv4-sp-d16\libc.a(lib_a-fvwrite.o)
                0x080061ec                __sfvwrite_r
 .text._isatty_r
                0x0800648c       0x20 m:/atollic/truestudio for arm lite 3.1.0/armtools/bin/../lib/gcc/arm-atollic-eabi/4.6.2/../../../../arm-atollic-eabi/lib/thumb/softfp/armv7e-m/fpv4-sp-d16\libc.a(lib_a-isattyr.o)
                0x0800648c                _isatty_r
 .text._lseek_r
                0x080064ac       0x24 m:/atollic/truestudio for arm lite 3.1.0/armtools/bin/../lib/gcc/arm-atollic-eabi/4.6.2/../../../../arm-atollic-eabi/lib/thumb/softfp/armv7e-m/fpv4-sp-d16\libc.a(lib_a-lseekr.o)
                0x080064ac                _lseek_r
 .text.memmove  0x080064d0       0x3a m:/atollic/truestudio for arm lite 3.1.0/armtools/bin/../lib/gcc/arm-atollic-eabi/4.6.2/../../../../arm-atollic-eabi/lib/thumb/softfp/armv7e-m/fpv4-sp-d16\libc.a(lib_a-memmove.o)
                0x080064d0                memmove
 *fill*         0x0800650a        0x2 00
 .text._read_r  0x0800650c       0x24 m:/atollic/truestudio for arm lite 3.1.0/armtools/bin/../lib/gcc/arm-atollic-eabi/4.6.2/../../../../arm-atollic-eabi/lib/thumb/softfp/armv7e-m/fpv4-sp-d16\libc.a(lib_a-readr.o)
                0x0800650c                _read_r
 .text._realloc_r
                0x08006530      0x2dc m:/atollic/truestudio for arm lite 3.1.0/armtools/bin/../lib/gcc/arm-atollic-eabi/4.6.2/../../../../arm-atollic-eabi/lib/thumb/softfp/armv7e-m/fpv4-sp-d16\libc.a(lib_a-reallocr.o)
                0x08006530                _realloc_r
 .text.__swbuf_r
                0x0800680c       0xc8 m:/atollic/truestudio for arm lite 3.1.0/armtools/bin/../lib/gcc/arm-atollic-eabi/4.6.2/../../../../arm-atollic-eabi/lib/thumb/softfp/armv7e-m/fpv4-sp-d16\libc.a(lib_a-wbuf.o)
                0x0800680c                __swbuf_r
 .text._wcrtomb_r
                0x080068d4       0x4c m:/atollic/truestudio for arm lite 3.1.0/armtools/bin/../lib/gcc/arm-atollic-eabi/4.6.2/../../../../arm-atollic-eabi/lib/thumb/softfp/armv7e-m/fpv4-sp-d16\libc.a(lib_a-wcrtomb.o)
                0x080068d4                _wcrtomb_r
 .text.__ascii_wctomb
                0x08006920       0x1a m:/atollic/truestudio for arm lite 3.1.0/armtools/bin/../lib/gcc/arm-atollic-eabi/4.6.2/../../../../arm-atollic-eabi/lib/thumb/softfp/armv7e-m/fpv4-sp-d16\libc.a(lib_a-wctomb_r.o)
                0x08006920                __ascii_wctomb
 .text.abort    0x0800693a        0xe m:/atollic/truestudio for arm lite 3.1.0/armtools/bin/../lib/gcc/arm-atollic-eabi/4.6.2/../../../../arm-atollic-eabi/lib/thumb/softfp/armv7e-m/fpv4-sp-d16\libc.a(lib_a-abort.o)
                0x0800693a                abort
 .text._raise_r
                0x08006948       0x54 m:/atollic/truestudio for arm lite 3.1.0/armtools/bin/../lib/gcc/arm-atollic-eabi/4.6.2/../../../../arm-atollic-eabi/lib/thumb/softfp/armv7e-m/fpv4-sp-d16\libc.a(lib_a-signal.o)
                0x08006948                _raise_r
 .text.raise    0x0800699c       0x10 m:/atollic/truestudio for arm lite 3.1.0/armtools/bin/../lib/gcc/arm-atollic-eabi/4.6.2/../../../../arm-atollic-eabi/lib/thumb/softfp/armv7e-m/fpv4-sp-d16\libc.a(lib_a-signal.o)
                0x0800699c                raise
 .text._kill_r  0x080069ac       0x24 m:/atollic/truestudio for arm lite 3.1.0/armtools/bin/../lib/gcc/arm-atollic-eabi/4.6.2/../../../../arm-atollic-eabi/lib/thumb/softfp/armv7e-m/fpv4-sp-d16\libc.a(lib_a-signalr.o)
                0x080069ac                _kill_r
 .text._getpid_r
                0x080069d0        0x4 m:/atollic/truestudio for arm lite 3.1.0/armtools/bin/../lib/gcc/arm-atollic-eabi/4.6.2/../../../../arm-atollic-eabi/lib/thumb/softfp/armv7e-m/fpv4-sp-d16\libc.a(lib_a-signalr.o)
                0x080069d0                _getpid_r
 *(.rodata)
 .rodata        0x080069d4       0x18 src\main.o
 *(.rodata*)
 .rodata.blanks.6612
                0x080069ec       0x10 m:/atollic/truestudio for arm lite 3.1.0/armtools/bin/../lib/gcc/arm-atollic-eabi/4.6.2/../../../../arm-atollic-eabi/lib/thumb/softfp/armv7e-m/fpv4-sp-d16\libc.a(lib_a-vfprintf.o)
 .rodata.str1.1
                0x080069fc       0x34 m:/atollic/truestudio for arm lite 3.1.0/armtools/bin/../lib/gcc/arm-atollic-eabi/4.6.2/../../../../arm-atollic-eabi/lib/thumb/softfp/armv7e-m/fpv4-sp-d16\libc.a(lib_a-vfprintf.o)
 .rodata.zeroes.6613
                0x08006a30       0x10 m:/atollic/truestudio for arm lite 3.1.0/armtools/bin/../lib/gcc/arm-atollic-eabi/4.6.2/../../../../arm-atollic-eabi/lib/thumb/softfp/armv7e-m/fpv4-sp-d16\libc.a(lib_a-vfprintf.o)
 .rodata.str1.1
                0x08006a40        0xd m:/atollic/truestudio for arm lite 3.1.0/armtools/bin/../lib/gcc/arm-atollic-eabi/4.6.2/../../../../arm-atollic-eabi/lib/thumb/softfp/armv7e-m/fpv4-sp-d16\libc.a(lib_a-dtoa.o)
                                  0xf (size before relaxing)
 *fill*         0x08006a4d        0x3 00
 .rodata.__sf_fake_stdin
                0x08006a50       0x20 m:/atollic/truestudio for arm lite 3.1.0/armtools/bin/../lib/gcc/arm-atollic-eabi/4.6.2/../../../../arm-atollic-eabi/lib/thumb/softfp/armv7e-m/fpv4-sp-d16\libc.a(lib_a-findfp.o)
                0x08006a50                __sf_fake_stdin
 .rodata.__sf_fake_stdout
                0x08006a70       0x20 m:/atollic/truestudio for arm lite 3.1.0/armtools/bin/../lib/gcc/arm-atollic-eabi/4.6.2/../../../../arm-atollic-eabi/lib/thumb/softfp/armv7e-m/fpv4-sp-d16\libc.a(lib_a-findfp.o)
                0x08006a70                __sf_fake_stdout
 .rodata.__sf_fake_stderr
                0x08006a90       0x20 m:/atollic/truestudio for arm lite 3.1.0/armtools/bin/../lib/gcc/arm-atollic-eabi/4.6.2/../../../../arm-atollic-eabi/lib/thumb/softfp/armv7e-m/fpv4-sp-d16\libc.a(lib_a-findfp.o)
                0x08006a90                __sf_fake_stderr
 .rodata.str1.1
                0x08006ab0        0x2 m:/atollic/truestudio for arm lite 3.1.0/armtools/bin/../lib/gcc/arm-atollic-eabi/4.6.2/../../../../arm-atollic-eabi/lib/thumb/softfp/armv7e-m/fpv4-sp-d16\libc.a(lib_a-impure.o)
 *fill*         0x08006ab2        0x2 00
 .rodata._global_impure_ptr
                0x08006ab4        0x4 m:/atollic/truestudio for arm lite 3.1.0/armtools/bin/../lib/gcc/arm-atollic-eabi/4.6.2/../../../../arm-atollic-eabi/lib/thumb/softfp/armv7e-m/fpv4-sp-d16\libc.a(lib_a-impure.o)
                0x08006ab4                _global_impure_ptr
 .rodata.str1.1
                0x08006ab8        0x8 m:/atollic/truestudio for arm lite 3.1.0/armtools/bin/../lib/gcc/arm-atollic-eabi/4.6.2/../../../../arm-atollic-eabi/lib/thumb/softfp/armv7e-m/fpv4-sp-d16\libc.a(lib_a-locale.o)
                                  0xb (size before relaxing)
 .rodata.p05.5123
                0x08006ac0        0xc m:/atollic/truestudio for arm lite 3.1.0/armtools/bin/../lib/gcc/arm-atollic-eabi/4.6.2/../../../../arm-atollic-eabi/lib/thumb/softfp/armv7e-m/fpv4-sp-d16\libc.a(lib_a-mprec.o)
 *fill*         0x08006acc        0x4 00
 .rodata.__mprec_tens
                0x08006ad0       0xc8 m:/atollic/truestudio for arm lite 3.1.0/armtools/bin/../lib/gcc/arm-atollic-eabi/4.6.2/../../../../arm-atollic-eabi/lib/thumb/softfp/armv7e-m/fpv4-sp-d16\libc.a(lib_a-mprec.o)
                0x08006ad0                __mprec_tens
 .rodata.__mprec_bigtens
                0x08006b98       0x28 m:/atollic/truestudio for arm lite 3.1.0/armtools/bin/../lib/gcc/arm-atollic-eabi/4.6.2/../../../../arm-atollic-eabi/lib/thumb/softfp/armv7e-m/fpv4-sp-d16\libc.a(lib_a-mprec.o)
                0x08006b98                __mprec_bigtens
 *(.glue_7)
 .glue_7        0x00000000        0x0 linker stubs
 *(.glue_7t)
 .glue_7t       0x00000000        0x0 linker stubs
 *(.eh_frame)
 .eh_frame      0x08006bc0        0x0 m:/atollic/truestudio for arm lite 3.1.0/armtools/bin/../lib/gcc/arm-atollic-eabi/4.6.2/thumb/softfp/armv7e-m/fpv4-sp-d16/crtbegin.o
 *(.init)
 .init          0x08006bc0        0x4 m:/atollic/truestudio for arm lite 3.1.0/armtools/bin/../lib/gcc/arm-atollic-eabi/4.6.2/thumb/softfp/armv7e-m/fpv4-sp-d16/crti.o
                0x08006bc0                _init
 .init          0x08006bc4        0x8 m:/atollic/truestudio for arm lite 3.1.0/armtools/bin/../lib/gcc/arm-atollic-eabi/4.6.2/thumb/softfp/armv7e-m/fpv4-sp-d16/crtn.o
 *(.fini)
 .fini          0x08006bcc        0x4 m:/atollic/truestudio for arm lite 3.1.0/armtools/bin/../lib/gcc/arm-atollic-eabi/4.6.2/thumb/softfp/armv7e-m/fpv4-sp-d16/crti.o
                0x08006bcc                _fini
 .fini          0x08006bd0        0x8 m:/atollic/truestudio for arm lite 3.1.0/armtools/bin/../lib/gcc/arm-atollic-eabi/4.6.2/thumb/softfp/armv7e-m/fpv4-sp-d16/crtn.o
                0x08006bd8                . = ALIGN (0x4)
                0x08006bd8                _etext = .

.vfp11_veneer   0x08006bd8        0x0
 .vfp11_veneer  0x00000000        0x0 linker stubs

.v4_bx          0x08006bd8        0x0
 .v4_bx         0x00000000        0x0 linker stubs

.ARM.extab      0x08006bd8       0x30
 *(.ARM.extab* .gnu.linkonce.armextab.*)
 .ARM.extab     0x08006bd8       0x18 m:/atollic/truestudio for arm lite 3.1.0/armtools/bin/../lib/gcc/arm-atollic-eabi/4.6.2/thumb/softfp/armv7e-m/fpv4-sp-d16\libgcc.a(unwind-arm.o)
 .ARM.extab     0x08006bf0       0x18 m:/atollic/truestudio for arm lite 3.1.0/armtools/bin/../lib/gcc/arm-atollic-eabi/4.6.2/thumb/softfp/armv7e-m/fpv4-sp-d16\libgcc.a(pr-support.o)

.ARM            0x08006c08       0xe0
                0x08006c08                __exidx_start = .
 *(.ARM.exidx*)
 .ARM.exidx     0x08006c08        0x8 m:/atollic/truestudio for arm lite 3.1.0/armtools/bin/../lib/gcc/arm-atollic-eabi/4.6.2/thumb/softfp/armv7e-m/fpv4-sp-d16\libgcc.a(bpabi.o)
                                 0x10 (size before relaxing)
 .ARM.exidx     0x08006c10       0x88 m:/atollic/truestudio for arm lite 3.1.0/armtools/bin/../lib/gcc/arm-atollic-eabi/4.6.2/thumb/softfp/armv7e-m/fpv4-sp-d16\libgcc.a(unwind-arm.o)
                                 0xc0 (size before relaxing)
 .ARM.exidx     0x08006c98       0x38 m:/atollic/truestudio for arm lite 3.1.0/armtools/bin/../lib/gcc/arm-atollic-eabi/4.6.2/thumb/softfp/armv7e-m/fpv4-sp-d16\libgcc.a(pr-support.o)
                                 0x48 (size before relaxing)
 .ARM.exidx     0x08006cd0        0x8 m:/atollic/truestudio for arm lite 3.1.0/armtools/bin/../lib/gcc/arm-atollic-eabi/4.6.2/thumb/softfp/armv7e-m/fpv4-sp-d16\libgcc.a(_divdi3.o)
 .ARM.exidx     0x08006cd8       0x10 m:/atollic/truestudio for arm lite 3.1.0/armtools/bin/../lib/gcc/arm-atollic-eabi/4.6.2/thumb/softfp/armv7e-m/fpv4-sp-d16\libgcc.a(_udivdi3.o)
                                  0x8 (size before relaxing)
                0x08006ce8                __exidx_end = .

.preinit_array  0x08006ce8        0x0
                0x08006ce8                PROVIDE (__preinit_array_start, .)
 *(.preinit_array*)
                0x08006ce8                PROVIDE (__preinit_array_end, .)

.init_array     0x08006ce8        0x4
                0x08006ce8                PROVIDE (__init_array_start, .)
 *(SORT(.init_array.*))
 *(.init_array*)
 .init_array    0x08006ce8        0x4 m:/atollic/truestudio for arm lite 3.1.0/armtools/bin/../lib/gcc/arm-atollic-eabi/4.6.2/thumb/softfp/armv7e-m/fpv4-sp-d16/crtbegin.o
                0x08006cec                PROVIDE (__init_array_end, .)

.fini_array     0x08006cec        0x4
                0x08006cec                PROVIDE (__fini_array_start, .)
 *(SORT(.fini_array.*))
 *(.fini_array*)
 .fini_array    0x08006cec        0x4 m:/atollic/truestudio for arm lite 3.1.0/armtools/bin/../lib/gcc/arm-atollic-eabi/4.6.2/thumb/softfp/armv7e-m/fpv4-sp-d16/crtbegin.o
                0x08006cf0                PROVIDE (__fini_array_end, .)
                0x08006cf0                _sidata = LOADADDR (.data)

.data           0x20000000      0x574 load address 0x08006cf0
                0x20000000                . = ALIGN (0x4)
                0x20000000                _sdata = .
 *(.data)
 *(.data*)
 .data.APBAHBPrescTable
                0x20000000       0x10 Libraries\STM32F4xx_StdPeriph_Driver\src\stm32f4xx_rcc.o
 .data.impure_data
                0x20000010       0xf0 m:/atollic/truestudio for arm lite 3.1.0/armtools/bin/../lib/gcc/arm-atollic-eabi/4.6.2/../../../../arm-atollic-eabi/lib/thumb/softfp/armv7e-m/fpv4-sp-d16\libc.a(lib_a-impure.o)
 .data._impure_ptr
                0x20000100        0x4 m:/atollic/truestudio for arm lite 3.1.0/armtools/bin/../lib/gcc/arm-atollic-eabi/4.6.2/../../../../arm-atollic-eabi/lib/thumb/softfp/armv7e-m/fpv4-sp-d16\libc.a(lib_a-impure.o)
                0x20000100                _impure_ptr
 .data.lconv    0x20000104       0x38 m:/atollic/truestudio for arm lite 3.1.0/armtools/bin/../lib/gcc/arm-atollic-eabi/4.6.2/../../../../arm-atollic-eabi/lib/thumb/softfp/armv7e-m/fpv4-sp-d16\libc.a(lib_a-locale.o)
 .data.lc_ctype_charset
                0x2000013c       0x20 m:/atollic/truestudio for arm lite 3.1.0/armtools/bin/../lib/gcc/arm-atollic-eabi/4.6.2/../../../../arm-atollic-eabi/lib/thumb/softfp/armv7e-m/fpv4-sp-d16\libc.a(lib_a-locale.o)
 .data.__mb_cur_max
                0x2000015c        0x4 m:/atollic/truestudio for arm lite 3.1.0/armtools/bin/../lib/gcc/arm-atollic-eabi/4.6.2/../../../../arm-atollic-eabi/lib/thumb/softfp/armv7e-m/fpv4-sp-d16\libc.a(lib_a-locale.o)
                0x2000015c                __mb_cur_max
 .data.__malloc_av_
                0x20000160      0x408 m:/atollic/truestudio for arm lite 3.1.0/armtools/bin/../lib/gcc/arm-atollic-eabi/4.6.2/../../../../arm-atollic-eabi/lib/thumb/softfp/armv7e-m/fpv4-sp-d16\libc.a(lib_a-mallocr.o)
                0x20000160                __malloc_av_
 .data.__malloc_trim_threshold
                0x20000568        0x4 m:/atollic/truestudio for arm lite 3.1.0/armtools/bin/../lib/gcc/arm-atollic-eabi/4.6.2/../../../../arm-atollic-eabi/lib/thumb/softfp/armv7e-m/fpv4-sp-d16\libc.a(lib_a-mallocr.o)
                0x20000568                __malloc_trim_threshold
 .data.__malloc_sbrk_base
                0x2000056c        0x4 m:/atollic/truestudio for arm lite 3.1.0/armtools/bin/../lib/gcc/arm-atollic-eabi/4.6.2/../../../../arm-atollic-eabi/lib/thumb/softfp/armv7e-m/fpv4-sp-d16\libc.a(lib_a-mallocr.o)
                0x2000056c                __malloc_sbrk_base
 .data.__wctomb
                0x20000570        0x4 m:/atollic/truestudio for arm lite 3.1.0/armtools/bin/../lib/gcc/arm-atollic-eabi/4.6.2/../../../../arm-atollic-eabi/lib/thumb/softfp/armv7e-m/fpv4-sp-d16\libc.a(lib_a-wctomb_r.o)
                0x20000570                __wctomb
                0x20000574                . = ALIGN (0x4)
                0x20000574                _edata = .
                0x08007264                _siccmram = LOADADDR (.ccmram)

.jcr            0x20000574        0x0 load address 0x08007264
 .jcr           0x20000574        0x0 m:/atollic/truestudio for arm lite 3.1.0/armtools/bin/../lib/gcc/arm-atollic-eabi/4.6.2/thumb/softfp/armv7e-m/fpv4-sp-d16/crtbegin.o

.ccmram         0x10000000        0x0 load address 0x08007264
                0x10000000                . = ALIGN (0x4)
                0x10000000                _sccmram = .
 *(.ccmram)
 *(.ccmram*)
                0x10000000                . = ALIGN (0x4)
                0x10000000                _eccmram = .
                0x10000000                . = ALIGN (0x4)

.bss            0x20000574       0x58
                0x20000574                _sbss = .
                0x20000574                __bss_start__ = _sbss
 *(.bss)
 .bss           0x20000574       0x1c m:/atollic/truestudio for arm lite 3.1.0/armtools/bin/../lib/gcc/arm-atollic-eabi/4.6.2/thumb/softfp/armv7e-m/fpv4-sp-d16/crtbegin.o
 *(.bss*)
 .bss.__malloc_max_total_mem
                0x20000590        0x4 m:/atollic/truestudio for arm lite 3.1.0/armtools/bin/../lib/gcc/arm-atollic-eabi/4.6.2/../../../../arm-atollic-eabi/lib/thumb/softfp/armv7e-m/fpv4-sp-d16\libc.a(lib_a-mallocr.o)
                0x20000590                __malloc_max_total_mem
 .bss.__malloc_max_sbrked_mem
                0x20000594        0x4 m:/atollic/truestudio for arm lite 3.1.0/armtools/bin/../lib/gcc/arm-atollic-eabi/4.6.2/../../../../arm-atollic-eabi/lib/thumb/softfp/armv7e-m/fpv4-sp-d16\libc.a(lib_a-mallocr.o)
                0x20000594                __malloc_max_sbrked_mem
 .bss.__malloc_top_pad
                0x20000598        0x4 m:/atollic/truestudio for arm lite 3.1.0/armtools/bin/../lib/gcc/arm-atollic-eabi/4.6.2/../../../../arm-atollic-eabi/lib/thumb/softfp/armv7e-m/fpv4-sp-d16\libc.a(lib_a-mallocr.o)
                0x20000598                __malloc_top_pad
 .bss.__malloc_current_mallinfo
                0x2000059c       0x28 m:/atollic/truestudio for arm lite 3.1.0/armtools/bin/../lib/gcc/arm-atollic-eabi/4.6.2/../../../../arm-atollic-eabi/lib/thumb/softfp/armv7e-m/fpv4-sp-d16\libc.a(lib_a-mallocr.o)
                0x2000059c                __malloc_current_mallinfo
 .bss.heap_end.4982
                0x200005c4        0x4 m:/atollic/truestudio for arm lite 3.1.0/armtools/bin/../lib/gcc/arm-atollic-eabi/4.6.2/../../../../arm-atollic-eabi/lib/thumb/softfp/armv7e-m/fpv4-sp-d16\libc.a(lib_a-syscalls.o)
 *(COMMON)
 COMMON         0x200005c8        0x4 m:/atollic/truestudio for arm lite 3.1.0/armtools/bin/../lib/gcc/arm-atollic-eabi/4.6.2/../../../../arm-atollic-eabi/lib/thumb/softfp/armv7e-m/fpv4-sp-d16\libc.a(lib_a-reent.o)
                0x200005c8                errno
                0x200005cc                . = ALIGN (0x4)
                0x200005cc                _ebss = .
                0x200005cc                __bss_end__ = _ebss

._user_heap_stack
                0x200005cc      0x400
                0x200005cc                . = ALIGN (0x4)
                0x200005cc                PROVIDE (end, .)
                0x200005cc                PROVIDE (_end, .)
                0x200005cc                . = (. + _Min_Heap_Size)
                0x200009cc                . = (. + _Min_Stack_Size)
 *fill*         0x200005cc      0x400 00
                0x200009cc                . = ALIGN (0x4)

.memory_b1_text
 *(.mb1text)
 *(.mb1text*)
 *(.mb1rodata)
 *(.mb1rodata*)

/DISCARD/
 libc.a(*)
 libm.a(*)
 libgcc.a(*)

.ARM.attributes
                0x00000000       0x30
 *(.ARM.attributes)
 .ARM.attributes
                0x00000000       0x24 m:/atollic/truestudio for arm lite 3.1.0/armtools/bin/../lib/gcc/arm-atollic-eabi/4.6.2/thumb/softfp/armv7e-m/fpv4-sp-d16/crti.o
 .ARM.attributes
                0x00000024       0x34 m:/atollic/truestudio for arm lite 3.1.0/armtools/bin/../lib/gcc/arm-atollic-eabi/4.6.2/thumb/softfp/armv7e-m/fpv4-sp-d16/crtbegin.o
 .ARM.attributes
                0x00000058       0x39 src\system_stm32f4xx.o
 .ARM.attributes
                0x00000091       0x39 src\stm32f4xx_it.o
 .ARM.attributes
                0x000000ca       0x21 src\startup_stm32f4xx.o
 .ARM.attributes
                0x000000eb       0x39 src\main.o
 .ARM.attributes
                0x00000124       0x39 Utilities\STM32_EVAL\stm32f4_discovery_lis302dl.o
 .ARM.attributes
                0x0000015d       0x39 Utilities\STM32_EVAL\stm32f4_discovery.o
 .ARM.attributes
                0x00000196       0x39 Libraries\STM32F4xx_StdPeriph_Driver\src\stm32f4xx_wwdg.o
 .ARM.attributes
                0x000001cf       0x39 Libraries\STM32F4xx_StdPeriph_Driver\src\stm32f4xx_usart.o
 .ARM.attributes
                0x00000208       0x39 Libraries\STM32F4xx_StdPeriph_Driver\src\stm32f4xx_tim.o
 .ARM.attributes
                0x00000241       0x39 Libraries\STM32F4xx_StdPeriph_Driver\src\stm32f4xx_syscfg.o
 .ARM.attributes
                0x0000027a       0x39 Libraries\STM32F4xx_StdPeriph_Driver\src\stm32f4xx_spi.o
 .ARM.attributes
                0x000002b3       0x39 Libraries\STM32F4xx_StdPeriph_Driver\src\stm32f4xx_sdio.o
 .ARM.attributes
                0x000002ec       0x39 Libraries\STM32F4xx_StdPeriph_Driver\src\stm32f4xx_rtc.o
 .ARM.attributes
                0x00000325       0x39 Libraries\STM32F4xx_StdPeriph_Driver\src\stm32f4xx_rng.o
 .ARM.attributes
                0x0000035e       0x39 Libraries\STM32F4xx_StdPeriph_Driver\src\stm32f4xx_rcc.o
 .ARM.attributes
                0x00000397       0x39 Libraries\STM32F4xx_StdPeriph_Driver\src\stm32f4xx_pwr.o
 .ARM.attributes
                0x000003d0       0x39 Libraries\STM32F4xx_StdPeriph_Driver\src\stm32f4xx_iwdg.o
 .ARM.attributes
                0x00000409       0x39 Libraries\STM32F4xx_StdPeriph_Driver\src\stm32f4xx_i2c.o
 .ARM.attributes
                0x00000442       0x39 Libraries\STM32F4xx_StdPeriph_Driver\src\stm32f4xx_hash_sha1.o
 .ARM.attributes
                0x0000047b       0x39 Libraries\STM32F4xx_StdPeriph_Driver\src\stm32f4xx_hash_md5.o
 .ARM.attributes
                0x000004b4       0x39 Libraries\STM32F4xx_StdPeriph_Driver\src\stm32f4xx_hash.o
 .ARM.attributes
                0x000004ed       0x39 Libraries\STM32F4xx_StdPeriph_Driver\src\stm32f4xx_gpio.o
 .ARM.attributes
                0x00000526       0x39 Libraries\STM32F4xx_StdPeriph_Driver\src\stm32f4xx_fsmc.o
 .ARM.attributes
                0x0000055f       0x39 Libraries\STM32F4xx_StdPeriph_Driver\src\stm32f4xx_flash.o
 .ARM.attributes
                0x00000598       0x39 Libraries\STM32F4xx_StdPeriph_Driver\src\stm32f4xx_exti.o
 .ARM.attributes
                0x000005d1       0x39 Libraries\STM32F4xx_StdPeriph_Driver\src\stm32f4xx_dma.o
 .ARM.attributes
                0x0000060a       0x39 Libraries\STM32F4xx_StdPeriph_Driver\src\stm32f4xx_dcmi.o
 .ARM.attributes
                0x00000643       0x39 Libraries\STM32F4xx_StdPeriph_Driver\src\stm32f4xx_dbgmcu.o
 .ARM.attributes
                0x0000067c       0x39 Libraries\STM32F4xx_StdPeriph_Driver\src\stm32f4xx_dac.o
 .ARM.attributes
                0x000006b5       0x39 Libraries\STM32F4xx_StdPeriph_Driver\src\stm32f4xx_cryp_tdes.o
 .ARM.attributes
                0x000006ee       0x39 Libraries\STM32F4xx_StdPeriph_Driver\src\stm32f4xx_cryp_des.o
 .ARM.attributes
                0x00000727       0x39 Libraries\STM32F4xx_StdPeriph_Driver\src\stm32f4xx_cryp_aes.o
 .ARM.attributes
                0x00000760       0x39 Libraries\STM32F4xx_StdPeriph_Driver\src\stm32f4xx_cryp.o
 .ARM.attributes
                0x00000799       0x39 Libraries\STM32F4xx_StdPeriph_Driver\src\stm32f4xx_crc.o
 .ARM.attributes
                0x000007d2       0x39 Libraries\STM32F4xx_StdPeriph_Driver\src\stm32f4xx_can.o
 .ARM.attributes
                0x0000080b       0x39 Libraries\STM32F4xx_StdPeriph_Driver\src\stm32f4xx_adc.o
 .ARM.attributes
                0x00000844       0x39 Libraries\STM32F4xx_StdPeriph_Driver\src\misc.o
 .ARM.attributes
                0x0000087d       0x34 m:/atollic/truestudio for arm lite 3.1.0/armtools/bin/../lib/gcc/arm-atollic-eabi/4.6.2/../../../../arm-atollic-eabi/lib/thumb/softfp/armv7e-m/fpv4-sp-d16\libc.a(lib_a-init.o)
 .ARM.attributes
                0x000008b1       0x34 m:/atollic/truestudio for arm lite 3.1.0/armtools/bin/../lib/gcc/arm-atollic-eabi/4.6.2/../../../../arm-atollic-eabi/lib/thumb/softfp/armv7e-m/fpv4-sp-d16\libc.a(lib_a-printf.o)
 .ARM.attributes
                0x000008e5       0x34 m:/atollic/truestudio for arm lite 3.1.0/armtools/bin/../lib/gcc/arm-atollic-eabi/4.6.2/../../../../arm-atollic-eabi/lib/thumb/softfp/armv7e-m/fpv4-sp-d16\libc.a(lib_a-vfprintf.o)
 .ARM.attributes
                0x00000919       0x34 m:/atollic/truestudio for arm lite 3.1.0/armtools/bin/../lib/gcc/arm-atollic-eabi/4.6.2/../../../../arm-atollic-eabi/lib/thumb/softfp/armv7e-m/fpv4-sp-d16\libc.a(lib_a-wsetup.o)
 .ARM.attributes
                0x0000094d       0x34 m:/atollic/truestudio for arm lite 3.1.0/armtools/bin/../lib/gcc/arm-atollic-eabi/4.6.2/../../../../arm-atollic-eabi/lib/thumb/softfp/armv7e-m/fpv4-sp-d16\libc.a(lib_a-dtoa.o)
 .ARM.attributes
                0x00000981       0x34 m:/atollic/truestudio for arm lite 3.1.0/armtools/bin/../lib/gcc/arm-atollic-eabi/4.6.2/../../../../arm-atollic-eabi/lib/thumb/softfp/armv7e-m/fpv4-sp-d16\libc.a(lib_a-fflush.o)
 .ARM.attributes
                0x000009b5       0x34 m:/atollic/truestudio for arm lite 3.1.0/armtools/bin/../lib/gcc/arm-atollic-eabi/4.6.2/../../../../arm-atollic-eabi/lib/thumb/softfp/armv7e-m/fpv4-sp-d16\libc.a(lib_a-findfp.o)
 .ARM.attributes
                0x000009e9       0x34 m:/atollic/truestudio for arm lite 3.1.0/armtools/bin/../lib/gcc/arm-atollic-eabi/4.6.2/../../../../arm-atollic-eabi/lib/thumb/softfp/armv7e-m/fpv4-sp-d16\libc.a(lib_a-freer.o)
 .ARM.attributes
                0x00000a1d       0x34 m:/atollic/truestudio for arm lite 3.1.0/armtools/bin/../lib/gcc/arm-atollic-eabi/4.6.2/../../../../arm-atollic-eabi/lib/thumb/softfp/armv7e-m/fpv4-sp-d16\libc.a(lib_a-fwalk.o)
 .ARM.attributes
                0x00000a51       0x34 m:/atollic/truestudio for arm lite 3.1.0/armtools/bin/../lib/gcc/arm-atollic-eabi/4.6.2/../../../../arm-atollic-eabi/lib/thumb/softfp/armv7e-m/fpv4-sp-d16\libc.a(lib_a-impure.o)
 .ARM.attributes
                0x00000a85       0x34 m:/atollic/truestudio for arm lite 3.1.0/armtools/bin/../lib/gcc/arm-atollic-eabi/4.6.2/../../../../arm-atollic-eabi/lib/thumb/softfp/armv7e-m/fpv4-sp-d16\libc.a(lib_a-locale.o)
 .ARM.attributes
                0x00000ab9       0x34 m:/atollic/truestudio for arm lite 3.1.0/armtools/bin/../lib/gcc/arm-atollic-eabi/4.6.2/../../../../arm-atollic-eabi/lib/thumb/softfp/armv7e-m/fpv4-sp-d16\libc.a(lib_a-makebuf.o)
 .ARM.attributes
                0x00000aed       0x34 m:/atollic/truestudio for arm lite 3.1.0/armtools/bin/../lib/gcc/arm-atollic-eabi/4.6.2/../../../../arm-atollic-eabi/lib/thumb/softfp/armv7e-m/fpv4-sp-d16\libc.a(lib_a-malloc.o)
 .ARM.attributes
                0x00000b21       0x34 m:/atollic/truestudio for arm lite 3.1.0/armtools/bin/../lib/gcc/arm-atollic-eabi/4.6.2/../../../../arm-atollic-eabi/lib/thumb/softfp/armv7e-m/fpv4-sp-d16\libc.a(lib_a-mallocr.o)
 .ARM.attributes
                0x00000b55       0x34 m:/atollic/truestudio for arm lite 3.1.0/armtools/bin/../lib/gcc/arm-atollic-eabi/4.6.2/../../../../arm-atollic-eabi/lib/thumb/softfp/armv7e-m/fpv4-sp-d16\libc.a(lib_a-memchr.o)
 .ARM.attributes
                0x00000b89       0x34 m:/atollic/truestudio for arm lite 3.1.0/armtools/bin/../lib/gcc/arm-atollic-eabi/4.6.2/../../../../arm-atollic-eabi/lib/thumb/softfp/armv7e-m/fpv4-sp-d16\libc.a(lib_a-memcpy.o)
 .ARM.attributes
                0x00000bbd       0x34 m:/atollic/truestudio for arm lite 3.1.0/armtools/bin/../lib/gcc/arm-atollic-eabi/4.6.2/../../../../arm-atollic-eabi/lib/thumb/softfp/armv7e-m/fpv4-sp-d16\libc.a(lib_a-memset.o)
 .ARM.attributes
                0x00000bf1       0x34 m:/atollic/truestudio for arm lite 3.1.0/armtools/bin/../lib/gcc/arm-atollic-eabi/4.6.2/../../../../arm-atollic-eabi/lib/thumb/softfp/armv7e-m/fpv4-sp-d16\libc.a(lib_a-mlock.o)
 .ARM.attributes
                0x00000c25       0x34 m:/atollic/truestudio for arm lite 3.1.0/armtools/bin/../lib/gcc/arm-atollic-eabi/4.6.2/../../../../arm-atollic-eabi/lib/thumb/softfp/armv7e-m/fpv4-sp-d16\libc.a(lib_a-mprec.o)
 .ARM.attributes
                0x00000c59       0x34 m:/atollic/truestudio for arm lite 3.1.0/armtools/bin/../lib/gcc/arm-atollic-eabi/4.6.2/../../../../arm-atollic-eabi/lib/thumb/softfp/armv7e-m/fpv4-sp-d16\libc.a(lib_a-s_fpclassify.o)
 .ARM.attributes
                0x00000c8d       0x34 m:/atollic/truestudio for arm lite 3.1.0/armtools/bin/../lib/gcc/arm-atollic-eabi/4.6.2/../../../../arm-atollic-eabi/lib/thumb/softfp/armv7e-m/fpv4-sp-d16\libc.a(lib_a-sbrkr.o)
 .ARM.attributes
                0x00000cc1       0x34 m:/atollic/truestudio for arm lite 3.1.0/armtools/bin/../lib/gcc/arm-atollic-eabi/4.6.2/../../../../arm-atollic-eabi/lib/thumb/softfp/armv7e-m/fpv4-sp-d16\libc.a(lib_a-stdio.o)
 .ARM.attributes
                0x00000cf5       0x34 m:/atollic/truestudio for arm lite 3.1.0/armtools/bin/../lib/gcc/arm-atollic-eabi/4.6.2/../../../../arm-atollic-eabi/lib/thumb/softfp/armv7e-m/fpv4-sp-d16\libc.a(lib_a-strcmp.o)
 .ARM.attributes
                0x00000d29       0x34 m:/atollic/truestudio for arm lite 3.1.0/armtools/bin/../lib/gcc/arm-atollic-eabi/4.6.2/../../../../arm-atollic-eabi/lib/thumb/softfp/armv7e-m/fpv4-sp-d16\libc.a(lib_a-strlen.o)
 .ARM.attributes
                0x00000d5d       0x34 m:/atollic/truestudio for arm lite 3.1.0/armtools/bin/../lib/gcc/arm-atollic-eabi/4.6.2/../../../../arm-atollic-eabi/lib/thumb/softfp/armv7e-m/fpv4-sp-d16\libc.a(lib_a-syscalls.o)
 .ARM.attributes
                0x00000d91       0x34 m:/atollic/truestudio for arm lite 3.1.0/armtools/bin/../lib/gcc/arm-atollic-eabi/4.6.2/../../../../arm-atollic-eabi/lib/thumb/softfp/armv7e-m/fpv4-sp-d16\libc.a(lib_a-vfiprintf.o)
 .ARM.attributes
                0x00000dc5       0x34 m:/atollic/truestudio for arm lite 3.1.0/armtools/bin/../lib/gcc/arm-atollic-eabi/4.6.2/../../../../arm-atollic-eabi/lib/thumb/softfp/armv7e-m/fpv4-sp-d16\libc.a(lib_a-writer.o)
 .ARM.attributes
                0x00000df9       0x34 m:/atollic/truestudio for arm lite 3.1.0/armtools/bin/../lib/gcc/arm-atollic-eabi/4.6.2/../../../../arm-atollic-eabi/lib/thumb/softfp/armv7e-m/fpv4-sp-d16\libc.a(lib_a-callocr.o)
 .ARM.attributes
                0x00000e2d       0x34 m:/atollic/truestudio for arm lite 3.1.0/armtools/bin/../lib/gcc/arm-atollic-eabi/4.6.2/../../../../arm-atollic-eabi/lib/thumb/softfp/armv7e-m/fpv4-sp-d16\libc.a(lib_a-closer.o)
 .ARM.attributes
                0x00000e61       0x34 m:/atollic/truestudio for arm lite 3.1.0/armtools/bin/../lib/gcc/arm-atollic-eabi/4.6.2/../../../../arm-atollic-eabi/lib/thumb/softfp/armv7e-m/fpv4-sp-d16\libc.a(lib_a-fclose.o)
 .ARM.attributes
                0x00000e95       0x34 m:/atollic/truestudio for arm lite 3.1.0/armtools/bin/../lib/gcc/arm-atollic-eabi/4.6.2/../../../../arm-atollic-eabi/lib/thumb/softfp/armv7e-m/fpv4-sp-d16\libc.a(lib_a-fputwc.o)
 .ARM.attributes
                0x00000ec9       0x34 m:/atollic/truestudio for arm lite 3.1.0/armtools/bin/../lib/gcc/arm-atollic-eabi/4.6.2/../../../../arm-atollic-eabi/lib/thumb/softfp/armv7e-m/fpv4-sp-d16\libc.a(lib_a-fstatr.o)
 .ARM.attributes
                0x00000efd       0x34 m:/atollic/truestudio for arm lite 3.1.0/armtools/bin/../lib/gcc/arm-atollic-eabi/4.6.2/../../../../arm-atollic-eabi/lib/thumb/softfp/armv7e-m/fpv4-sp-d16\libc.a(lib_a-fvwrite.o)
 .ARM.attributes
                0x00000f31       0x34 m:/atollic/truestudio for arm lite 3.1.0/armtools/bin/../lib/gcc/arm-atollic-eabi/4.6.2/../../../../arm-atollic-eabi/lib/thumb/softfp/armv7e-m/fpv4-sp-d16\libc.a(lib_a-isattyr.o)
 .ARM.attributes
                0x00000f65       0x34 m:/atollic/truestudio for arm lite 3.1.0/armtools/bin/../lib/gcc/arm-atollic-eabi/4.6.2/../../../../arm-atollic-eabi/lib/thumb/softfp/armv7e-m/fpv4-sp-d16\libc.a(lib_a-lseekr.o)
 .ARM.attributes
                0x00000f99       0x34 m:/atollic/truestudio for arm lite 3.1.0/armtools/bin/../lib/gcc/arm-atollic-eabi/4.6.2/../../../../arm-atollic-eabi/lib/thumb/softfp/armv7e-m/fpv4-sp-d16\libc.a(lib_a-memmove.o)
 .ARM.attributes
                0x00000fcd       0x34 m:/atollic/truestudio for arm lite 3.1.0/armtools/bin/../lib/gcc/arm-atollic-eabi/4.6.2/../../../../arm-atollic-eabi/lib/thumb/softfp/armv7e-m/fpv4-sp-d16\libc.a(lib_a-readr.o)
 .ARM.attributes
                0x00001001       0x34 m:/atollic/truestudio for arm lite 3.1.0/armtools/bin/../lib/gcc/arm-atollic-eabi/4.6.2/../../../../arm-atollic-eabi/lib/thumb/softfp/armv7e-m/fpv4-sp-d16\libc.a(lib_a-reallocr.o)
 .ARM.attributes
                0x00001035       0x34 m:/atollic/truestudio for arm lite 3.1.0/armtools/bin/../lib/gcc/arm-atollic-eabi/4.6.2/../../../../arm-atollic-eabi/lib/thumb/softfp/armv7e-m/fpv4-sp-d16\libc.a(lib_a-reent.o)
 .ARM.attributes
                0x00001069       0x34 m:/atollic/truestudio for arm lite 3.1.0/armtools/bin/../lib/gcc/arm-atollic-eabi/4.6.2/../../../../arm-atollic-eabi/lib/thumb/softfp/armv7e-m/fpv4-sp-d16\libc.a(lib_a-wbuf.o)
 .ARM.attributes
                0x0000109d       0x34 m:/atollic/truestudio for arm lite 3.1.0/armtools/bin/../lib/gcc/arm-atollic-eabi/4.6.2/../../../../arm-atollic-eabi/lib/thumb/softfp/armv7e-m/fpv4-sp-d16\libc.a(lib_a-wcrtomb.o)
 .ARM.attributes
                0x000010d1       0x34 m:/atollic/truestudio for arm lite 3.1.0/armtools/bin/../lib/gcc/arm-atollic-eabi/4.6.2/../../../../arm-atollic-eabi/lib/thumb/softfp/armv7e-m/fpv4-sp-d16\libc.a(lib_a-wctomb_r.o)
 .ARM.attributes
                0x00001105       0x24 m:/atollic/truestudio for arm lite 3.1.0/armtools/bin/../lib/gcc/arm-atollic-eabi/4.6.2/thumb/softfp/armv7e-m/fpv4-sp-d16\libgcc.a(_arm_addsubdf3.o)
 .ARM.attributes
                0x00001129       0x24 m:/atollic/truestudio for arm lite 3.1.0/armtools/bin/../lib/gcc/arm-atollic-eabi/4.6.2/thumb/softfp/armv7e-m/fpv4-sp-d16\libgcc.a(_arm_muldivdf3.o)
 .ARM.attributes
                0x0000114d       0x24 m:/atollic/truestudio for arm lite 3.1.0/armtools/bin/../lib/gcc/arm-atollic-eabi/4.6.2/thumb/softfp/armv7e-m/fpv4-sp-d16\libgcc.a(_arm_cmpdf2.o)
 .ARM.attributes
                0x00001171       0x24 m:/atollic/truestudio for arm lite 3.1.0/armtools/bin/../lib/gcc/arm-atollic-eabi/4.6.2/thumb/softfp/armv7e-m/fpv4-sp-d16\libgcc.a(_arm_fixdfsi.o)
 .ARM.attributes
                0x00001195       0x24 m:/atollic/truestudio for arm lite 3.1.0/armtools/bin/../lib/gcc/arm-atollic-eabi/4.6.2/thumb/softfp/armv7e-m/fpv4-sp-d16\libgcc.a(_aeabi_uldivmod.o)
 .ARM.attributes
                0x000011b9       0x34 m:/atollic/truestudio for arm lite 3.1.0/armtools/bin/../lib/gcc/arm-atollic-eabi/4.6.2/thumb/softfp/armv7e-m/fpv4-sp-d16\libgcc.a(bpabi.o)
 .ARM.attributes
                0x000011ed       0x34 m:/atollic/truestudio for arm lite 3.1.0/armtools/bin/../lib/gcc/arm-atollic-eabi/4.6.2/thumb/softfp/armv7e-m/fpv4-sp-d16\libgcc.a(unwind-arm.o)
 .ARM.attributes
                0x00001221       0x24 m:/atollic/truestudio for arm lite 3.1.0/armtools/bin/../lib/gcc/arm-atollic-eabi/4.6.2/thumb/softfp/armv7e-m/fpv4-sp-d16\libgcc.a(libunwind.o)
 .ARM.attributes
                0x00001245       0x34 m:/atollic/truestudio for arm lite 3.1.0/armtools/bin/../lib/gcc/arm-atollic-eabi/4.6.2/thumb/softfp/armv7e-m/fpv4-sp-d16\libgcc.a(pr-support.o)
 .ARM.attributes
                0x00001279       0x24 m:/atollic/truestudio for arm lite 3.1.0/armtools/bin/../lib/gcc/arm-atollic-eabi/4.6.2/thumb/softfp/armv7e-m/fpv4-sp-d16\libgcc.a(_dvmd_tls.o)
 .ARM.attributes
                0x0000129d       0x34 m:/atollic/truestudio for arm lite 3.1.0/armtools/bin/../lib/gcc/arm-atollic-eabi/4.6.2/thumb/softfp/armv7e-m/fpv4-sp-d16\libgcc.a(_divdi3.o)
 .ARM.attributes
                0x000012d1       0x34 m:/atollic/truestudio for arm lite 3.1.0/armtools/bin/../lib/gcc/arm-atollic-eabi/4.6.2/thumb/softfp/armv7e-m/fpv4-sp-d16\libgcc.a(_udivdi3.o)
 .ARM.attributes
                0x00001305       0x34 m:/atollic/truestudio for arm lite 3.1.0/armtools/bin/../lib/gcc/arm-atollic-eabi/4.6.2/../../../../arm-atollic-eabi/lib/thumb/softfp/armv7e-m/fpv4-sp-d16\libc.a(lib_a-abort.o)
 .ARM.attributes
                0x00001339       0x34 m:/atollic/truestudio for arm lite 3.1.0/armtools/bin/../lib/gcc/arm-atollic-eabi/4.6.2/../../../../arm-atollic-eabi/lib/thumb/softfp/armv7e-m/fpv4-sp-d16\libc.a(lib_a-signal.o)
 .ARM.attributes
                0x0000136d       0x34 m:/atollic/truestudio for arm lite 3.1.0/armtools/bin/../lib/gcc/arm-atollic-eabi/4.6.2/../../../../arm-atollic-eabi/lib/thumb/softfp/armv7e-m/fpv4-sp-d16\libc.a(lib_a-signalr.o)
 .ARM.attributes
                0x000013a1       0x34 m:/atollic/truestudio for arm lite 3.1.0/armtools/bin/../lib/gcc/arm-atollic-eabi/4.6.2/thumb/softfp/armv7e-m/fpv4-sp-d16/crtend.o
 .ARM.attributes
                0x000013d5       0x24 m:/atollic/truestudio for arm lite 3.1.0/armtools/bin/../lib/gcc/arm-atollic-eabi/4.6.2/thumb/softfp/armv7e-m/fpv4-sp-d16/crtn.o
OUTPUT(u.elf elf32-littlearm)

.debug_info     0x00000000    0x11b7e
 .debug_info    0x00000000      0x621 src\system_stm32f4xx.o
 .debug_info    0x00000621      0x159 src\stm32f4xx_it.o
 .debug_info    0x0000077a       0x5a src\startup_stm32f4xx.o
 .debug_info    0x000007d4      0x4ab src\main.o
 .debug_info    0x00000c7f      0x844 Utilities\STM32_EVAL\stm32f4_discovery_lis302dl.o
 .debug_info    0x000014c3      0x969 Utilities\STM32_EVAL\stm32f4_discovery.o
 .debug_info    0x00001e2c      0x25a Libraries\STM32F4xx_StdPeriph_Driver\src\stm32f4xx_wwdg.o
 .debug_info    0x00002086      0xa53 Libraries\STM32F4xx_StdPeriph_Driver\src\stm32f4xx_usart.o
 .debug_info    0x00002ad9     0x1e2c Libraries\STM32F4xx_StdPeriph_Driver\src\stm32f4xx_tim.o
 .debug_info    0x00004905      0x27e Libraries\STM32F4xx_StdPeriph_Driver\src\stm32f4xx_syscfg.o
 .debug_info    0x00004b83      0xbd0 Libraries\STM32F4xx_StdPeriph_Driver\src\stm32f4xx_spi.o
 .debug_info    0x00005753      0x8a8 Libraries\STM32F4xx_StdPeriph_Driver\src\stm32f4xx_sdio.o
 .debug_info    0x00005ffb     0x1227 Libraries\STM32F4xx_StdPeriph_Driver\src\stm32f4xx_rtc.o
 .debug_info    0x00007222      0x295 Libraries\STM32F4xx_StdPeriph_Driver\src\stm32f4xx_rng.o
 .debug_info    0x000074b7      0xd28 Libraries\STM32F4xx_StdPeriph_Driver\src\stm32f4xx_rcc.o
 .debug_info    0x000081df      0x542 Libraries\STM32F4xx_StdPeriph_Driver\src\stm32f4xx_pwr.o
 .debug_info    0x00008721      0x20f Libraries\STM32F4xx_StdPeriph_Driver\src\stm32f4xx_iwdg.o
 .debug_info    0x00008930      0xb95 Libraries\STM32F4xx_StdPeriph_Driver\src\stm32f4xx_i2c.o
 .debug_info    0x000094c5      0x54e Libraries\STM32F4xx_StdPeriph_Driver\src\stm32f4xx_hash_sha1.o
 .debug_info    0x00009a13      0x4ed Libraries\STM32F4xx_StdPeriph_Driver\src\stm32f4xx_hash_md5.o
 .debug_info    0x00009f00      0x58a Libraries\STM32F4xx_StdPeriph_Driver\src\stm32f4xx_hash.o
 .debug_info    0x0000a48a      0x640 Libraries\STM32F4xx_StdPeriph_Driver\src\stm32f4xx_gpio.o
 .debug_info    0x0000aaca      0x9a9 Libraries\STM32F4xx_StdPeriph_Driver\src\stm32f4xx_fsmc.o
 .debug_info    0x0000b473      0x779 Libraries\STM32F4xx_StdPeriph_Driver\src\stm32f4xx_flash.o
 .debug_info    0x0000bbec      0x376 Libraries\STM32F4xx_StdPeriph_Driver\src\stm32f4xx_exti.o
 .debug_info    0x0000bf62      0x7a7 Libraries\STM32F4xx_StdPeriph_Driver\src\stm32f4xx_dma.o
 .debug_info    0x0000c709      0x5a1 Libraries\STM32F4xx_StdPeriph_Driver\src\stm32f4xx_dcmi.o
 .debug_info    0x0000ccaa      0x1f3 Libraries\STM32F4xx_StdPeriph_Driver\src\stm32f4xx_dbgmcu.o
 .debug_info    0x0000ce9d      0x68a Libraries\STM32F4xx_StdPeriph_Driver\src\stm32f4xx_dac.o
 .debug_info    0x0000d527      0x6e3 Libraries\STM32F4xx_StdPeriph_Driver\src\stm32f4xx_cryp_tdes.o
 .debug_info    0x0000dc0a      0x564 Libraries\STM32F4xx_StdPeriph_Driver\src\stm32f4xx_cryp_des.o
 .debug_info    0x0000e16e     0x1168 Libraries\STM32F4xx_StdPeriph_Driver\src\stm32f4xx_cryp_aes.o
 .debug_info    0x0000f2d6      0x7a2 Libraries\STM32F4xx_StdPeriph_Driver\src\stm32f4xx_cryp.o
 .debug_info    0x0000fa78      0x20f Libraries\STM32F4xx_StdPeriph_Driver\src\stm32f4xx_crc.o
 .debug_info    0x0000fc87      0xc66 Libraries\STM32F4xx_StdPeriph_Driver\src\stm32f4xx_can.o
 .debug_info    0x000108ed      0xcf9 Libraries\STM32F4xx_StdPeriph_Driver\src\stm32f4xx_adc.o
 .debug_info    0x000115e6      0x598 Libraries\STM32F4xx_StdPeriph_Driver\src\misc.o

.debug_abbrev   0x00000000     0x3197
 .debug_abbrev  0x00000000      0x142 src\system_stm32f4xx.o
 .debug_abbrev  0x00000142       0x66 src\stm32f4xx_it.o
 .debug_abbrev  0x000001a8       0x12 src\startup_stm32f4xx.o
 .debug_abbrev  0x000001ba      0x14e src\main.o
 .debug_abbrev  0x00000308      0x1c2 Utilities\STM32_EVAL\stm32f4_discovery_lis302dl.o
 .debug_abbrev  0x000004ca      0x178 Utilities\STM32_EVAL\stm32f4_discovery.o
 .debug_abbrev  0x00000642      0x120 Libraries\STM32F4xx_StdPeriph_Driver\src\stm32f4xx_wwdg.o
 .debug_abbrev  0x00000762      0x150 Libraries\STM32F4xx_StdPeriph_Driver\src\stm32f4xx_usart.o
 .debug_abbrev  0x000008b2      0x165 Libraries\STM32F4xx_StdPeriph_Driver\src\stm32f4xx_tim.o
 .debug_abbrev  0x00000a17      0x12c Libraries\STM32F4xx_StdPeriph_Driver\src\stm32f4xx_syscfg.o
 .debug_abbrev  0x00000b43      0x162 Libraries\STM32F4xx_StdPeriph_Driver\src\stm32f4xx_spi.o
 .debug_abbrev  0x00000ca5      0x16f Libraries\STM32F4xx_StdPeriph_Driver\src\stm32f4xx_sdio.o
 .debug_abbrev  0x00000e14      0x16d Libraries\STM32F4xx_StdPeriph_Driver\src\stm32f4xx_rtc.o
 .debug_abbrev  0x00000f81      0x139 Libraries\STM32F4xx_StdPeriph_Driver\src\stm32f4xx_rng.o
 .debug_abbrev  0x000010ba      0x1b9 Libraries\STM32F4xx_StdPeriph_Driver\src\stm32f4xx_rcc.o
 .debug_abbrev  0x00001273      0x177 Libraries\STM32F4xx_StdPeriph_Driver\src\stm32f4xx_pwr.o
 .debug_abbrev  0x000013ea       0xfc Libraries\STM32F4xx_StdPeriph_Driver\src\stm32f4xx_iwdg.o
 .debug_abbrev  0x000014e6      0x15f Libraries\STM32F4xx_StdPeriph_Driver\src\stm32f4xx_i2c.o
 .debug_abbrev  0x00001645      0x191 Libraries\STM32F4xx_StdPeriph_Driver\src\stm32f4xx_hash_sha1.o
 .debug_abbrev  0x000017d6      0x191 Libraries\STM32F4xx_StdPeriph_Driver\src\stm32f4xx_hash_md5.o
 .debug_abbrev  0x00001967      0x1a3 Libraries\STM32F4xx_StdPeriph_Driver\src\stm32f4xx_hash.o
 .debug_abbrev  0x00001b0a      0x184 Libraries\STM32F4xx_StdPeriph_Driver\src\stm32f4xx_gpio.o
 .debug_abbrev  0x00001c8e      0x168 Libraries\STM32F4xx_StdPeriph_Driver\src\stm32f4xx_fsmc.o
 .debug_abbrev  0x00001df6      0x16a Libraries\STM32F4xx_StdPeriph_Driver\src\stm32f4xx_flash.o
 .debug_abbrev  0x00001f60      0x19a Libraries\STM32F4xx_StdPeriph_Driver\src\stm32f4xx_exti.o
 .debug_abbrev  0x000020fa      0x150 Libraries\STM32F4xx_StdPeriph_Driver\src\stm32f4xx_dma.o
 .debug_abbrev  0x0000224a      0x17c Libraries\STM32F4xx_StdPeriph_Driver\src\stm32f4xx_dcmi.o
 .debug_abbrev  0x000023c6       0xdc Libraries\STM32F4xx_StdPeriph_Driver\src\stm32f4xx_dbgmcu.o
 .debug_abbrev  0x000024a2      0x174 Libraries\STM32F4xx_StdPeriph_Driver\src\stm32f4xx_dac.o
 .debug_abbrev  0x00002616      0x15f Libraries\STM32F4xx_StdPeriph_Driver\src\stm32f4xx_cryp_tdes.o
 .debug_abbrev  0x00002775      0x15f Libraries\STM32F4xx_StdPeriph_Driver\src\stm32f4xx_cryp_des.o
 .debug_abbrev  0x000028d4      0x1d4 Libraries\STM32F4xx_StdPeriph_Driver\src\stm32f4xx_cryp_aes.o
 .debug_abbrev  0x00002aa8      0x182 Libraries\STM32F4xx_StdPeriph_Driver\src\stm32f4xx_cryp.o
 .debug_abbrev  0x00002c2a      0x10c Libraries\STM32F4xx_StdPeriph_Driver\src\stm32f4xx_crc.o
 .debug_abbrev  0x00002d36      0x1ae Libraries\STM32F4xx_StdPeriph_Driver\src\stm32f4xx_can.o
 .debug_abbrev  0x00002ee4      0x18b Libraries\STM32F4xx_StdPeriph_Driver\src\stm32f4xx_adc.o
 .debug_abbrev  0x0000306f      0x128 Libraries\STM32F4xx_StdPeriph_Driver\src\misc.o

.debug_loc      0x00000000     0x86fe
 .debug_loc     0x00000000       0x9c src\system_stm32f4xx.o
 .debug_loc     0x0000009c      0x18c src\stm32f4xx_it.o
 .debug_loc     0x00000228       0xd4 src\main.o
 .debug_loc     0x000002fc      0x2a0 Utilities\STM32_EVAL\stm32f4_discovery_lis302dl.o
 .debug_loc     0x0000059c      0x150 Utilities\STM32_EVAL\stm32f4_discovery.o
 .debug_loc     0x000006ec      0x19c Libraries\STM32F4xx_StdPeriph_Driver\src\stm32f4xx_wwdg.o
 .debug_loc     0x00000888      0x658 Libraries\STM32F4xx_StdPeriph_Driver\src\stm32f4xx_usart.o
 .debug_loc     0x00000ee0     0x1420 Libraries\STM32F4xx_StdPeriph_Driver\src\stm32f4xx_tim.o
 .debug_loc     0x00002300      0x144 Libraries\STM32F4xx_StdPeriph_Driver\src\stm32f4xx_syscfg.o
 .debug_loc     0x00002444      0x578 Libraries\STM32F4xx_StdPeriph_Driver\src\stm32f4xx_spi.o
 .debug_loc     0x000029bc      0x648 Libraries\STM32F4xx_StdPeriph_Driver\src\stm32f4xx_sdio.o
 .debug_loc     0x00003004      0xc48 Libraries\STM32F4xx_StdPeriph_Driver\src\stm32f4xx_rtc.o
 .debug_loc     0x00003c4c      0x1a8 Libraries\STM32F4xx_StdPeriph_Driver\src\stm32f4xx_rng.o
 .debug_loc     0x00003df4      0x97c Libraries\STM32F4xx_StdPeriph_Driver\src\stm32f4xx_rcc.o
 .debug_loc     0x00004770      0x288 Libraries\STM32F4xx_StdPeriph_Driver\src\stm32f4xx_pwr.o
 .debug_loc     0x000049f8      0x138 Libraries\STM32F4xx_StdPeriph_Driver\src\stm32f4xx_iwdg.o
 .debug_loc     0x00004b30      0x738 Libraries\STM32F4xx_StdPeriph_Driver\src\stm32f4xx_i2c.o
 .debug_loc     0x00005268       0x74 Libraries\STM32F4xx_StdPeriph_Driver\src\stm32f4xx_hash_sha1.o
 .debug_loc     0x000052dc       0x74 Libraries\STM32F4xx_StdPeriph_Driver\src\stm32f4xx_hash_md5.o
 .debug_loc     0x00005350      0x388 Libraries\STM32F4xx_StdPeriph_Driver\src\stm32f4xx_hash.o
 .debug_loc     0x000056d8      0x310 Libraries\STM32F4xx_StdPeriph_Driver\src\stm32f4xx_gpio.o
 .debug_loc     0x000059e8      0x41c Libraries\STM32F4xx_StdPeriph_Driver\src\stm32f4xx_fsmc.o
 .debug_loc     0x00005e04      0x624 Libraries\STM32F4xx_StdPeriph_Driver\src\stm32f4xx_flash.o
 .debug_loc     0x00006428      0x1b4 Libraries\STM32F4xx_StdPeriph_Driver\src\stm32f4xx_exti.o
 .debug_loc     0x000065dc      0x428 Libraries\STM32F4xx_StdPeriph_Driver\src\stm32f4xx_dma.o
 .debug_loc     0x00006a04      0x330 Libraries\STM32F4xx_StdPeriph_Driver\src\stm32f4xx_dcmi.o
 .debug_loc     0x00006d34      0x100 Libraries\STM32F4xx_StdPeriph_Driver\src\stm32f4xx_dbgmcu.o
 .debug_loc     0x00006e34      0x3ac Libraries\STM32F4xx_StdPeriph_Driver\src\stm32f4xx_dac.o
 .debug_loc     0x000071e0       0x74 Libraries\STM32F4xx_StdPeriph_Driver\src\stm32f4xx_cryp_tdes.o
 .debug_loc     0x00007254       0x74 Libraries\STM32F4xx_StdPeriph_Driver\src\stm32f4xx_cryp_des.o
 .debug_loc     0x000072c8       0xae Libraries\STM32F4xx_StdPeriph_Driver\src\stm32f4xx_cryp_aes.o
 .debug_loc     0x00007376      0x394 Libraries\STM32F4xx_StdPeriph_Driver\src\stm32f4xx_cryp.o
 .debug_loc     0x0000770a      0x12c Libraries\STM32F4xx_StdPeriph_Driver\src\stm32f4xx_crc.o
 .debug_loc     0x00007836      0x578 Libraries\STM32F4xx_StdPeriph_Driver\src\stm32f4xx_can.o
 .debug_loc     0x00007dae      0x838 Libraries\STM32F4xx_StdPeriph_Driver\src\stm32f4xx_adc.o
 .debug_loc     0x000085e6      0x118 Libraries\STM32F4xx_StdPeriph_Driver\src\misc.o

.debug_aranges  0x00000000     0x1738
 .debug_aranges
                0x00000000       0x30 src\system_stm32f4xx.o
 .debug_aranges
                0x00000030       0x60 src\stm32f4xx_it.o
 .debug_aranges
                0x00000090       0x28 src\startup_stm32f4xx.o
 .debug_aranges
                0x000000b8       0x38 src\main.o
 .debug_aranges
                0x000000f0       0x78 Utilities\STM32_EVAL\stm32f4_discovery_lis302dl.o
 .debug_aranges
                0x00000168       0x48 Utilities\STM32_EVAL\stm32f4_discovery.o
 .debug_aranges
                0x000001b0       0x58 Libraries\STM32F4xx_StdPeriph_Driver\src\stm32f4xx_wwdg.o
 .debug_aranges
                0x00000208      0x100 Libraries\STM32F4xx_StdPeriph_Driver\src\stm32f4xx_usart.o
 .debug_aranges
                0x00000308      0x2f8 Libraries\STM32F4xx_StdPeriph_Driver\src\stm32f4xx_tim.o
 .debug_aranges
                0x00000600       0x48 Libraries\STM32F4xx_StdPeriph_Driver\src\stm32f4xx_syscfg.o
 .debug_aranges
                0x00000648       0xe0 Libraries\STM32F4xx_StdPeriph_Driver\src\stm32f4xx_spi.o
 .debug_aranges
                0x00000728      0x108 Libraries\STM32F4xx_StdPeriph_Driver\src\stm32f4xx_sdio.o
 .debug_aranges
                0x00000830      0x1e0 Libraries\STM32F4xx_StdPeriph_Driver\src\stm32f4xx_rtc.o
 .debug_aranges
                0x00000a10       0x58 Libraries\STM32F4xx_StdPeriph_Driver\src\stm32f4xx_rng.o
 .debug_aranges
                0x00000a68      0x178 Libraries\STM32F4xx_StdPeriph_Driver\src\stm32f4xx_rcc.o
 .debug_aranges
                0x00000be0       0x78 Libraries\STM32F4xx_StdPeriph_Driver\src\stm32f4xx_pwr.o
 .debug_aranges
                0x00000c58       0x48 Libraries\STM32F4xx_StdPeriph_Driver\src\stm32f4xx_iwdg.o
 .debug_aranges
                0x00000ca0      0x120 Libraries\STM32F4xx_StdPeriph_Driver\src\stm32f4xx_i2c.o
 .debug_aranges
                0x00000dc0       0x28 Libraries\STM32F4xx_StdPeriph_Driver\src\stm32f4xx_hash_sha1.o
 .debug_aranges
                0x00000de8       0x28 Libraries\STM32F4xx_StdPeriph_Driver\src\stm32f4xx_hash_md5.o
 .debug_aranges
                0x00000e10       0xa0 Libraries\STM32F4xx_StdPeriph_Driver\src\stm32f4xx_hash.o
 .debug_aranges
                0x00000eb0       0x88 Libraries\STM32F4xx_StdPeriph_Driver\src\stm32f4xx_gpio.o
 .debug_aranges
                0x00000f38       0xb0 Libraries\STM32F4xx_StdPeriph_Driver\src\stm32f4xx_fsmc.o
 .debug_aranges
                0x00000fe8      0x108 Libraries\STM32F4xx_StdPeriph_Driver\src\stm32f4xx_flash.o
 .debug_aranges
                0x000010f0       0x58 Libraries\STM32F4xx_StdPeriph_Driver\src\stm32f4xx_exti.o
 .debug_aranges
                0x00001148       0xb0 Libraries\STM32F4xx_StdPeriph_Driver\src\stm32f4xx_dma.o
 .debug_aranges
                0x000011f8       0x90 Libraries\STM32F4xx_StdPeriph_Driver\src\stm32f4xx_dcmi.o
 .debug_aranges
                0x00001288       0x40 Libraries\STM32F4xx_StdPeriph_Driver\src\stm32f4xx_dbgmcu.o
 .debug_aranges
                0x000012c8       0xa0 Libraries\STM32F4xx_StdPeriph_Driver\src\stm32f4xx_dac.o
 .debug_aranges
                0x00001368       0x28 Libraries\STM32F4xx_StdPeriph_Driver\src\stm32f4xx_cryp_tdes.o
 .debug_aranges
                0x00001390       0x28 Libraries\STM32F4xx_StdPeriph_Driver\src\stm32f4xx_cryp_des.o
 .debug_aranges
                0x000013b8       0x30 Libraries\STM32F4xx_StdPeriph_Driver\src\stm32f4xx_cryp_aes.o
 .debug_aranges
                0x000013e8       0xa0 Libraries\STM32F4xx_StdPeriph_Driver\src\stm32f4xx_cryp.o
 .debug_aranges
                0x00001488       0x48 Libraries\STM32F4xx_StdPeriph_Driver\src\stm32f4xx_crc.o
 .debug_aranges
                0x000014d0       0xe0 Libraries\STM32F4xx_StdPeriph_Driver\src\stm32f4xx_can.o
 .debug_aranges
                0x000015b0      0x148 Libraries\STM32F4xx_StdPeriph_Driver\src\stm32f4xx_adc.o
 .debug_aranges
                0x000016f8       0x40 Libraries\STM32F4xx_StdPeriph_Driver\src\misc.o

.debug_ranges   0x00000000     0x14f0
 .debug_ranges  0x00000000       0x20 src\system_stm32f4xx.o
 .debug_ranges  0x00000020       0x50 src\stm32f4xx_it.o
 .debug_ranges  0x00000070       0x20 src\startup_stm32f4xx.o
 .debug_ranges  0x00000090       0x28 src\main.o
 .debug_ranges  0x000000b8       0x68 Utilities\STM32_EVAL\stm32f4_discovery_lis302dl.o
 .debug_ranges  0x00000120       0x38 Utilities\STM32_EVAL\stm32f4_discovery.o
 .debug_ranges  0x00000158       0x48 Libraries\STM32F4xx_StdPeriph_Driver\src\stm32f4xx_wwdg.o
 .debug_ranges  0x000001a0       0xf0 Libraries\STM32F4xx_StdPeriph_Driver\src\stm32f4xx_usart.o
 .debug_ranges  0x00000290      0x2e8 Libraries\STM32F4xx_StdPeriph_Driver\src\stm32f4xx_tim.o
 .debug_ranges  0x00000578       0x38 Libraries\STM32F4xx_StdPeriph_Driver\src\stm32f4xx_syscfg.o
 .debug_ranges  0x000005b0       0xd0 Libraries\STM32F4xx_StdPeriph_Driver\src\stm32f4xx_spi.o
 .debug_ranges  0x00000680       0xf8 Libraries\STM32F4xx_StdPeriph_Driver\src\stm32f4xx_sdio.o
 .debug_ranges  0x00000778      0x1d0 Libraries\STM32F4xx_StdPeriph_Driver\src\stm32f4xx_rtc.o
 .debug_ranges  0x00000948       0x48 Libraries\STM32F4xx_StdPeriph_Driver\src\stm32f4xx_rng.o
 .debug_ranges  0x00000990      0x168 Libraries\STM32F4xx_StdPeriph_Driver\src\stm32f4xx_rcc.o
 .debug_ranges  0x00000af8       0x68 Libraries\STM32F4xx_StdPeriph_Driver\src\stm32f4xx_pwr.o
 .debug_ranges  0x00000b60       0x38 Libraries\STM32F4xx_StdPeriph_Driver\src\stm32f4xx_iwdg.o
 .debug_ranges  0x00000b98      0x110 Libraries\STM32F4xx_StdPeriph_Driver\src\stm32f4xx_i2c.o
 .debug_ranges  0x00000ca8       0x18 Libraries\STM32F4xx_StdPeriph_Driver\src\stm32f4xx_hash_sha1.o
 .debug_ranges  0x00000cc0       0x18 Libraries\STM32F4xx_StdPeriph_Driver\src\stm32f4xx_hash_md5.o
 .debug_ranges  0x00000cd8       0x90 Libraries\STM32F4xx_StdPeriph_Driver\src\stm32f4xx_hash.o
 .debug_ranges  0x00000d68       0x78 Libraries\STM32F4xx_StdPeriph_Driver\src\stm32f4xx_gpio.o
 .debug_ranges  0x00000de0       0xa0 Libraries\STM32F4xx_StdPeriph_Driver\src\stm32f4xx_fsmc.o
 .debug_ranges  0x00000e80       0xf8 Libraries\STM32F4xx_StdPeriph_Driver\src\stm32f4xx_flash.o
 .debug_ranges  0x00000f78       0x48 Libraries\STM32F4xx_StdPeriph_Driver\src\stm32f4xx_exti.o
 .debug_ranges  0x00000fc0       0xa0 Libraries\STM32F4xx_StdPeriph_Driver\src\stm32f4xx_dma.o
 .debug_ranges  0x00001060       0x80 Libraries\STM32F4xx_StdPeriph_Driver\src\stm32f4xx_dcmi.o
 .debug_ranges  0x000010e0       0x30 Libraries\STM32F4xx_StdPeriph_Driver\src\stm32f4xx_dbgmcu.o
 .debug_ranges  0x00001110       0x90 Libraries\STM32F4xx_StdPeriph_Driver\src\stm32f4xx_dac.o
 .debug_ranges  0x000011a0       0x18 Libraries\STM32F4xx_StdPeriph_Driver\src\stm32f4xx_cryp_tdes.o
 .debug_ranges  0x000011b8       0x18 Libraries\STM32F4xx_StdPeriph_Driver\src\stm32f4xx_cryp_des.o
 .debug_ranges  0x000011d0       0x20 Libraries\STM32F4xx_StdPeriph_Driver\src\stm32f4xx_cryp_aes.o
 .debug_ranges  0x000011f0       0x90 Libraries\STM32F4xx_StdPeriph_Driver\src\stm32f4xx_cryp.o
 .debug_ranges  0x00001280       0x38 Libraries\STM32F4xx_StdPeriph_Driver\src\stm32f4xx_crc.o
 .debug_ranges  0x000012b8       0xd0 Libraries\STM32F4xx_StdPeriph_Driver\src\stm32f4xx_can.o
 .debug_ranges  0x00001388      0x138 Libraries\STM32F4xx_StdPeriph_Driver\src\stm32f4xx_adc.o
 .debug_ranges  0x000014c0       0x30 Libraries\STM32F4xx_StdPeriph_Driver\src\misc.o

.debug_line     0x00000000     0x79f8
 .debug_line    0x00000000      0x1b9 src\system_stm32f4xx.o
 .debug_line    0x000001b9      0x18f src\stm32f4xx_it.o
 .debug_line    0x00000348       0x70 src\startup_stm32f4xx.o
 .debug_line    0x000003b8      0x1f3 src\main.o
 .debug_line    0x000005ab      0x362 Utilities\STM32_EVAL\stm32f4_discovery_lis302dl.o
 .debug_line    0x0000090d      0x246 Utilities\STM32_EVAL\stm32f4_discovery.o
 .debug_line    0x00000b53      0x1df Libraries\STM32F4xx_StdPeriph_Driver\src\stm32f4xx_wwdg.o
 .debug_line    0x00000d32      0x43b Libraries\STM32F4xx_StdPeriph_Driver\src\stm32f4xx_usart.o
 .debug_line    0x0000116d      0xa10 Libraries\STM32F4xx_StdPeriph_Driver\src\stm32f4xx_tim.o
 .debug_line    0x00001b7d      0x1bd Libraries\STM32F4xx_StdPeriph_Driver\src\stm32f4xx_syscfg.o
 .debug_line    0x00001d3a      0x3eb Libraries\STM32F4xx_StdPeriph_Driver\src\stm32f4xx_spi.o
 .debug_line    0x00002125      0x3db Libraries\STM32F4xx_StdPeriph_Driver\src\stm32f4xx_sdio.o
 .debug_line    0x00002500      0x7b1 Libraries\STM32F4xx_StdPeriph_Driver\src\stm32f4xx_rtc.o
 .debug_line    0x00002cb1      0x1e0 Libraries\STM32F4xx_StdPeriph_Driver\src\stm32f4xx_rng.o
 .debug_line    0x00002e91      0x533 Libraries\STM32F4xx_StdPeriph_Driver\src\stm32f4xx_rcc.o
 .debug_line    0x000033c4      0x25a Libraries\STM32F4xx_StdPeriph_Driver\src\stm32f4xx_pwr.o
 .debug_line    0x0000361e      0x1b4 Libraries\STM32F4xx_StdPeriph_Driver\src\stm32f4xx_iwdg.o
 .debug_line    0x000037d2      0x473 Libraries\STM32F4xx_StdPeriph_Driver\src\stm32f4xx_i2c.o
 .debug_line    0x00003c45      0x316 Libraries\STM32F4xx_StdPeriph_Driver\src\stm32f4xx_hash_sha1.o
 .debug_line    0x00003f5b      0x2f9 Libraries\STM32F4xx_StdPeriph_Driver\src\stm32f4xx_hash_md5.o
 .debug_line    0x00004254      0x307 Libraries\STM32F4xx_StdPeriph_Driver\src\stm32f4xx_hash.o
 .debug_line    0x0000455b      0x2d6 Libraries\STM32F4xx_StdPeriph_Driver\src\stm32f4xx_gpio.o
 .debug_line    0x00004831      0x3f0 Libraries\STM32F4xx_StdPeriph_Driver\src\stm32f4xx_fsmc.o
 .debug_line    0x00004c21      0x423 Libraries\STM32F4xx_StdPeriph_Driver\src\stm32f4xx_flash.o
 .debug_line    0x00005044      0x23c Libraries\STM32F4xx_StdPeriph_Driver\src\stm32f4xx_exti.o
 .debug_line    0x00005280      0x373 Libraries\STM32F4xx_StdPeriph_Driver\src\stm32f4xx_dma.o